Component: ARM Compiler 5.06 update 5 (build 528) Tool: armlink [4d35e2]

==============================================================================

Section Cross References

    main.o(i.main) refers to init.o(i.init) for init
    main.o(i.main) refers to tasks_init.o(i.task_init) for task_init
    main.o(i.main) refers to tasks.o(i.vTaskStartScheduler) for vTaskStartScheduler
    stm32f4xx_it.o(i.EXTI9_5_IRQHandler) refers to gt9xx.o(i.GTP_TouchProcess) for GTP_TouchProcess
    stm32f4xx_it.o(i.SysTick_Handler) refers to stm32f4xx_hal.o(i.HAL_IncTick) for HAL_IncTick
    stm32f4xx_it.o(i.SysTick_Handler) refers to tasks.o(i.xTaskGetSchedulerState) for xTaskGetSchedulerState
    stm32f4xx_it.o(i.SysTick_Handler) refers to port.o(i.xPortSysTickHandler) for xPortSysTickHandler
    init.o(i.SystemClock_Config) refers to stm32f4xx_hal_rcc.o(i.HAL_RCC_OscConfig) for HAL_RCC_OscConfig
    init.o(i.SystemClock_Config) refers to stm32f4xx_hal_rcc.o(i.HAL_RCC_ClockConfig) for HAL_RCC_ClockConfig
    init.o(i.SystemClock_Config) refers to stm32f4xx_hal_rcc.o(i.HAL_RCC_GetHCLKFreq) for HAL_RCC_GetHCLKFreq
    init.o(i.SystemClock_Config) refers to stm32f4xx_hal_cortex.o(i.HAL_SYSTICK_Config) for HAL_SYSTICK_Config
    init.o(i.SystemClock_Config) refers to stm32f4xx_hal_cortex.o(i.HAL_SYSTICK_CLKSourceConfig) for HAL_SYSTICK_CLKSourceConfig
    init.o(i.SystemClock_Config) refers to stm32f4xx_hal_cortex.o(i.HAL_NVIC_SetPriority) for HAL_NVIC_SetPriority
    init.o(i.SystemClock_Config) refers to stm32f4xx_hal.o(i.HAL_GetREVID) for HAL_GetREVID
    init.o(i.fatfs_init) refers to ff_gen_drv.o(i.FATFS_LinkDriver) for FATFS_LinkDriver
    init.o(i.fatfs_init) refers to ff.o(i.f_mount) for f_mount
    init.o(i.fatfs_init) refers to printf8.o(i.__0printf$8) for __2printf
    init.o(i.fatfs_init) refers to ff.o(i.f_mkfs) for f_mkfs
    init.o(i.fatfs_init) refers to init.o(.data) for .data
    init.o(i.fatfs_init) refers to sd_diskio.o(.constdata) for SD_Driver
    init.o(i.fatfs_init) refers to init.o(.bss) for .bss
    init.o(i.init) refers to stm32f4xx_hal.o(i.HAL_Init) for HAL_Init
    init.o(i.init) refers to init.o(i.SystemClock_Config) for SystemClock_Config
    init.o(i.init) refers to delay.o(i.CPU_TS_TmrInit) for CPU_TS_TmrInit
    init.o(i.init) refers to debug.o(i.DEBUG_USART_Config) for DEBUG_USART_Config
    init.o(i.init) refers to init.o(i.fatfs_init) for fatfs_init
    tasks_init.o(i.createTasksFromArray) refers to port.o(i.vPortEnterCritical) for vPortEnterCritical
    tasks_init.o(i.createTasksFromArray) refers to tasks.o(i.xTaskCreate) for xTaskCreate
    tasks_init.o(i.createTasksFromArray) refers to printf8.o(i.__0printf$8) for __2printf
    tasks_init.o(i.createTasksFromArray) refers to port.o(i.vPortExitCritical) for vPortExitCritical
    tasks_init.o(i.task_init) refers to tasks_init.o(i.createTasksFromArray) for createTasksFromArray
    tasks_init.o(i.task_init) refers to tasks_init.o(.data) for .data
    tasks_init.o(.data) refers to tasks_test.o(i.test_task) for test_task
    tasks_init.o(.data) refers to tasks_init.o(.conststring) for .conststring
    tasks_init.o(.data) refers to tasks_init.o(.data) for test_task_handle
    tasks_test.o(i.test_task) refers to printf8.o(i.__0printf$8) for __2printf
    tasks_test.o(i.test_task) refers to tasks.o(i.vTaskDelay) for vTaskDelay
    diskio.o(i.disk_initialize) refers to ff_gen_drv.o(.bss) for disk
    diskio.o(i.disk_ioctl) refers to ff_gen_drv.o(.bss) for disk
    diskio.o(i.disk_read) refers to ff_gen_drv.o(.bss) for disk
    diskio.o(i.disk_status) refers to ff_gen_drv.o(.bss) for disk
    diskio.o(i.disk_write) refers to ff_gen_drv.o(.bss) for disk
    ff.o(i.check_fs) refers to ff.o(i.move_window) for move_window
    ff.o(i.cmp_lfn) refers to cc936.o(i.ff_wtoupper) for ff_wtoupper
    ff.o(i.cmp_lfn) refers to ff.o(.constdata) for .constdata
    ff.o(i.create_chain) refers to ff.o(i.get_fat) for get_fat
    ff.o(i.create_chain) refers to ff.o(i.put_fat) for put_fat
    ff.o(i.create_name) refers to cc936.o(i.ff_convert) for ff_convert
    ff.o(i.create_name) refers to ff.o(i.chk_chr) for chk_chr
    ff.o(i.create_name) refers to ff.o(i.mem_set) for mem_set
    ff.o(i.create_name) refers to cc936.o(i.ff_wtoupper) for ff_wtoupper
    ff.o(i.dir_alloc) refers to ff.o(i.dir_sdi) for dir_sdi
    ff.o(i.dir_alloc) refers to ff.o(i.move_window) for move_window
    ff.o(i.dir_alloc) refers to ff.o(i.dir_next) for dir_next
    ff.o(i.dir_find) refers to ff.o(i.dir_sdi) for dir_sdi
    ff.o(i.dir_find) refers to ff.o(i.move_window) for move_window
    ff.o(i.dir_find) refers to ff.o(i.cmp_lfn) for cmp_lfn
    ff.o(i.dir_find) refers to ff.o(i.sum_sfn) for sum_sfn
    ff.o(i.dir_find) refers to ff.o(i.mem_cmp) for mem_cmp
    ff.o(i.dir_find) refers to ff.o(i.dir_next) for dir_next
    ff.o(i.dir_next) refers to ff.o(i.get_fat) for get_fat
    ff.o(i.dir_next) refers to ff.o(i.create_chain) for create_chain
[...]
    i.FATFS_LinkDriverEx                     0x080006a0   Section        0  ff_gen_drv.o(i.FATFS_LinkDriverEx)
    i.GTP_I2C_Read                           0x080006e0   Section        0  gt9xx.o(i.GTP_I2C_Read)
    GTP_I2C_Read                             0x080006e1   Thumb Code   102  gt9xx.o(i.GTP_I2C_Read)
    i.GTP_I2C_Write                          0x0800074c   Section        0  gt9xx.o(i.GTP_I2C_Write)
    GTP_I2C_Write                            0x0800074d   Thumb Code    76  gt9xx.o(i.GTP_I2C_Write)
    i.GTP_TouchProcess                       0x0800079c   Section        0  gt9xx.o(i.GTP_TouchProcess)
    i.Goodix_TS_Work_Func                    0x080007a0   Section        0  gt9xx.o(i.Goodix_TS_Work_Func)
    Goodix_TS_Work_Func                      0x080007a1   Thumb Code   316  gt9xx.o(i.Goodix_TS_Work_Func)
    i.HAL_DMA_DeInit                         0x08000948   Section        0  stm32f4xx_hal_dma.o(i.HAL_DMA_DeInit)
    i.HAL_DMA_Init                           0x080009a4   Section        0  stm32f4xx_hal_dma.o(i.HAL_DMA_Init)
    i.HAL_Delay                              0x08000a78   Section        0  stm32f4xx_hal.o(i.HAL_Delay)
    i.HAL_GPIO_Init                          0x08000a9c   Section        0  stm32f4xx_hal_gpio.o(i.HAL_GPIO_Init)
    i.HAL_GPIO_ReadPin                       0x08000c60   Section        0  stm32f4xx_hal_gpio.o(i.HAL_GPIO_ReadPin)
    i.HAL_GPIO_WritePin                      0x08000c6e   Section        0  stm32f4xx_hal_gpio.o(i.HAL_GPIO_WritePin)
    i.HAL_GetREVID                           0x08000c7c   Section        0  stm32f4xx_hal.o(i.HAL_GetREVID)
    i.HAL_GetTick                            0x08000c88   Section        0  stm32f4xx_hal.o(i.HAL_GetTick)
    i.HAL_IncTick                            0x08000c94   Section        0  stm32f4xx_hal.o(i.HAL_IncTick)
    i.HAL_Init                               0x08000ca4   Section        0  stm32f4xx_hal.o(i.HAL_Init)
    i.HAL_InitTick                           0x08000cd0   Section        0  stm32f4xx_hal.o(i.HAL_InitTick)
    i.HAL_MspInit                            0x08000d14   Section        0  stm32f4xx_hal.o(i.HAL_MspInit)
    i.HAL_NVIC_EnableIRQ                     0x08000d16   Section        0  stm32f4xx_hal_cortex.o(i.HAL_NVIC_EnableIRQ)
    i.HAL_NVIC_SetPriority                   0x08000d2c   Section        0  stm32f4xx_hal_cortex.o(i.HAL_NVIC_SetPriority)
    i.HAL_NVIC_SetPriorityGrouping           0x08000d6c   Section        0  stm32f4xx_hal_cortex.o(i.HAL_NVIC_SetPriorityGrouping)
    i.HAL_RCC_ClockConfig                    0x08000d90   Section        0  stm32f4xx_hal_rcc.o(i.HAL_RCC_ClockConfig)
    i.HAL_RCC_GetHCLKFreq                    0x08000ed4   Section        0  stm32f4xx_hal_rcc.o(i.HAL_RCC_GetHCLKFreq)
    i.HAL_RCC_GetPCLK1Freq                   0x08000ee0   Section        0  stm32f4xx_hal_rcc.o(i.HAL_RCC_GetPCLK1Freq)
    i.HAL_RCC_GetPCLK2Freq                   0x08000f00   Section        0  stm32f4xx_hal_rcc.o(i.HAL_RCC_GetPCLK2Freq)
    i.HAL_RCC_GetSysClockFreq                0x08000f20   Section        0  stm32f4xx_hal_rcc.o(i.HAL_RCC_GetSysClockFreq)
    i.HAL_RCC_OscConfig                      0x08000f8c   Section        0  stm32f4xx_hal_rcc.o(i.HAL_RCC_OscConfig)
    i.HAL_SD_ConfigWideBusOperation          0x0800131c   Section        0  stm32f4xx_hal_sd.o(i.HAL_SD_ConfigWideBusOperation)
    i.HAL_SD_GetCardCSD                      0x080013be   Section        0  stm32f4xx_hal_sd.o(i.HAL_SD_GetCardCSD)
    i.HAL_SD_GetCardInfo                     0x0800159c   Section        0  stm32f4xx_hal_sd.o(i.HAL_SD_GetCardInfo)
    i.HAL_SD_GetCardState                    0x080015c0   Section        0  stm32f4xx_hal_sd.o(i.HAL_SD_GetCardState)
    i.HAL_SD_Init                            0x080015e0   Section        0  stm32f4xx_hal_sd.o(i.HAL_SD_Init)
    i.HAL_SD_InitCard                        0x08001618   Section        0  stm32f4xx_hal_sd.o(i.HAL_SD_InitCard)
    i.HAL_SD_MspInit                         0x0800168c   Section        0  stm32f4xx_hal_sd.o(i.HAL_SD_MspInit)
    i.HAL_SD_ReadBlocks                      0x0800168e   Section        0  stm32f4xx_hal_sd.o(i.HAL_SD_ReadBlocks)
    i.HAL_SD_WriteBlocks                     0x08001882   Section        0  stm32f4xx_hal_sd.o(i.HAL_SD_WriteBlocks)
    i.HAL_SYSTICK_CLKSourceConfig            0x08001a4a   Section        0  stm32f4xx_hal_cortex.o(i.HAL_SYSTICK_CLKSourceConfig)
    i.HAL_SYSTICK_Config                     0x08001a66   Section        0  stm32f4xx_hal_cortex.o(i.HAL_SYSTICK_Config)
    i.HAL_UART_Init                          0x08001a8e   Section        0  stm32f4xx_hal_uart.o(i.HAL_UART_Init)
    i.HAL_UART_MspInit                       0x08001af4   Section        0  debug.o(i.HAL_UART_MspInit)
    i.HAL_UART_Transmit                      0x08001b68   Section        0  stm32f4xx_hal_uart.o(i.HAL_UART_Transmit)
    i.I2C_ReadBytes                          0x08001c34   Section        0  bsp_i2c_touch.o(i.I2C_ReadBytes)
    i.I2C_Transfer                           0x08001c7e   Section        0  gt9xx.o(i.I2C_Transfer)
    I2C_Transfer                             0x08001c7f   Thumb Code    68  gt9xx.o(i.I2C_Transfer)
    i.I2C_WriteBytes                         0x08001cc2   Section        0  bsp_i2c_touch.o(i.I2C_WriteBytes)
    i.MemManage_Handler                      0x08001d1a   Section        0  stm32f4xx_it.o(i.MemManage_Handler)
    i.NMI_Handler                            0x08001d1c   Section        0  stm32f4xx_it.o(i.NMI_Handler)
    i.NVIC_SetPriority                       0x08001d1e   Section        0  stm32f4xx_hal_cortex.o(i.NVIC_SetPriority)
    NVIC_SetPriority                         0x08001d1f   Thumb Code    32  stm32f4xx_hal_cortex.o(i.NVIC_SetPriority)
    i.SDIO_ConfigData                        0x08001d3e   Section        0  stm32f4xx_ll_sdmmc.o(i.SDIO_ConfigData)
    i.SDIO_GetCommandResponse                0x08001d62   Section        0  stm32f4xx_ll_sdmmc.o(i.SDIO_GetCommandResponse)
    i.SDIO_GetPowerState                     0x08001d68   Section        0  stm32f4xx_ll_sdmmc.o(i.SDIO_GetPowerState)
    i.SDIO_GetResponse                       0x08001d70   Section        0  stm32f4xx_ll_sdmmc.o(i.SDIO_GetResponse)
    i.SDIO_Init                              0x08001d7e   Section        0  stm32f4xx_ll_sdmmc.o(i.SDIO_Init)
    i.SDIO_PowerState_ON                     0x08001da8   Section        0  stm32f4xx_ll_sdmmc.o(i.SDIO_PowerState_ON)
    i.SDIO_ReadFIFO                          0x08001db0   Section        0  stm32f4xx_ll_sdmmc.o(i.SDIO_ReadFIFO)
    i.SDIO_SendCommand                       0x08001db6   Section        0  stm32f4xx_ll_sdmmc.o(i.SDIO_SendCommand)
    i.SDIO_WriteFIFO                         0x08001dd6   Section        0  stm32f4xx_ll_sdmmc.o(i.SDIO_WriteFIFO)
    i.SDMMC_CmdAppCommand                    0x08001de0   Section        0  stm32f4xx_ll_sdmmc.o(i.SDMMC_CmdAppCommand)
    i.SDMMC_CmdAppOperCommand                0x08001e14   Section        0  stm32f4xx_ll_sdmmc.o(i.SDMMC_CmdAppOperCommand)
    i.SDMMC_CmdBlockLength                   0x08001e48   Section        0  stm32f4xx_ll_sdmmc.o(i.SDMMC_CmdBlockLength)
    i.SDMMC_CmdBusWidth                      0x08001e7a   Section        0  stm32f4xx_ll_sdmmc.o(i.SDMMC_CmdBusWidth)
    i.SDMMC_CmdGoIdleState                   0x08001eac   Section        0  stm32f4xx_ll_sdmmc.o(i.SDMMC_CmdGoIdleState)
    i.SDMMC_CmdOperCond                      0x08001ed4   Section        0  stm32f4xx_ll_sdmmc.o(i.SDMMC_CmdOperCond)
    i.SDMMC_CmdReadMultiBlock                0x08001f04   Section        0  stm32f4xx_ll_sdmmc.o(i.SDMMC_CmdReadMultiBlock)
    i.SDMMC_CmdReadSingleBlock               0x08001f36   Section        0  stm32f4xx_ll_sdmmc.o(i.SDMMC_CmdReadSingleBlock)
    i.SDMMC_CmdSelDesel                      0x08001f68   Section        0  stm32f4xx_ll_sdmmc.o(i.SDMMC_CmdSelDesel)
    i.SDMMC_CmdSendCID                       0x08001f9a   Section        0  stm32f4xx_ll_sdmmc.o(i.SDMMC_CmdSendCID)
    i.SDMMC_CmdSendCSD                       0x08001fc6   Section        0  stm32f4xx_ll_sdmmc.o(i.SDMMC_CmdSendCSD)
    i.SDMMC_CmdSendSCR                       0x08001ff2   Section        0  stm32f4xx_ll_sdmmc.o(i.SDMMC_CmdSendSCR)
    i.SDMMC_CmdSendStatus                    0x08002022   Section        0  stm32f4xx_ll_sdmmc.o(i.SDMMC_CmdSendStatus)
    i.SDMMC_CmdSetRelAdd                     0x08002054   Section        0  stm32f4xx_ll_sdmmc.o(i.SDMMC_CmdSetRelAdd)
    i.SDMMC_CmdStopTransfer                  0x08002084   Section        0  stm32f4xx_ll_sdmmc.o(i.SDMMC_CmdStopTransfer)
    i.SDMMC_CmdWriteMultiBlock               0x080020b8   Section        0  stm32f4xx_ll_sdmmc.o(i.SDMMC_CmdWriteMultiBlock)
    i.SDMMC_CmdWriteSingleBlock              0x080020ea   Section        0  stm32f4xx_ll_sdmmc.o(i.SDMMC_CmdWriteSingleBlock)
    i.SDMMC_GetCmdError                      0x0800211c   Section        0  stm32f4xx_ll_sdmmc.o(i.SDMMC_GetCmdError)
    SDMMC_GetCmdError                        0x0800211d   Thumb Code    46  stm32f4xx_ll_sdmmc.o(i.SDMMC_GetCmdError)
    i.SDMMC_GetCmdResp1                      0x08002150   Section        0  stm32f4xx_ll_sdmmc.o(i.SDMMC_GetCmdResp1)
    SDMMC_GetCmdResp1                        0x08002151   Thumb Code   282  stm32f4xx_ll_sdmmc.o(i.SDMMC_GetCmdResp1)
    i.SDMMC_GetCmdResp2                      0x08002274   Section        0  stm32f4xx_ll_sdmmc.o(i.SDMMC_GetCmdResp2)
    SDMMC_GetCmdResp2                        0x08002275   Thumb Code    76  stm32f4xx_ll_sdmmc.o(i.SDMMC_GetCmdResp2)
    i.SDMMC_GetCmdResp3                      0x080022c4   Section        0  stm32f4xx_ll_sdmmc.o(i.SDMMC_GetCmdResp3)
    SDMMC_GetCmdResp3                        0x080022c5   Thumb Code    62  stm32f4xx_ll_sdmmc.o(i.SDMMC_GetCmdResp3)
    i.SDMMC_GetCmdResp6                      0x08002308   Section        0  stm32f4xx_ll_sdmmc.o(i.SDMMC_GetCmdResp6)
    SDMMC_GetCmdResp6                        0x08002309   Thumb Code   134  stm32f4xx_ll_sdmmc.o(i.SDMMC_GetCmdResp6)
    i.SDMMC_GetCmdResp7                      0x08002394   Section        0  stm32f4xx_ll_sdmmc.o(i.SDMMC_GetCmdResp7)
    SDMMC_GetCmdResp7                        0x08002395   Thumb Code    66  stm32f4xx_ll_sdmmc.o(i.SDMMC_GetCmdResp7)
    i.SD_FindSCR                             0x080023dc   Section        0  stm32f4xx_hal_sd.o(i.SD_FindSCR)
    SD_FindSCR                               0x080023dd   Thumb Code   280  stm32f4xx_hal_sd.o(i.SD_FindSCR)
    i.SD_InitCard                            0x080024f4   Section        0  stm32f4xx_hal_sd.o(i.SD_InitCard)
    SD_InitCard                              0x080024f5   Thumb Code   226  stm32f4xx_hal_sd.o(i.SD_InitCard)
    i.SD_PowerON                             0x080025d6   Section        0  stm32f4xx_hal_sd.o(i.SD_PowerON)
    SD_PowerON                               0x080025d7   Thumb Code   196  stm32f4xx_hal_sd.o(i.SD_PowerON)
    i.SD_SendStatus                          0x0800269a   Section        0  stm32f4xx_hal_sd.o(i.SD_SendStatus)
    SD_SendStatus                            0x0800269b   Thumb Code    46  stm32f4xx_hal_sd.o(i.SD_SendStatus)
    i.SD_WideBus_Disable                     0x080026c8   Section        0  stm32f4xx_hal_sd.o(i.SD_WideBus_Disable)
    SD_WideBus_Disable                       0x080026c9   Thumb Code    82  stm32f4xx_hal_sd.o(i.SD_WideBus_Disable)
    i.SD_WideBus_Enable                      0x0800271a   Section        0  stm32f4xx_hal_sd.o(i.SD_WideBus_Enable)
    SD_WideBus_Enable                        0x0800271b   Thumb Code    82  stm32f4xx_hal_sd.o(i.SD_WideBus_Enable)
    i.SD_initialize                          0x0800276c   Section        0  sd_diskio.o(i.SD_initialize)
    i.SD_ioctl                               0x0800278c   Section        0  sd_diskio.o(i.SD_ioctl)
    i.SD_read                                0x080027e4   Section        0  sd_diskio.o(i.SD_read)
    i.SD_status                              0x0800281c   Section        0  sd_diskio.o(i.SD_status)
    i.SD_write                               0x0800283c   Section        0  sd_diskio.o(i.SD_write)
    i.SysTick_Handler                        0x08002874   Section        0  stm32f4xx_it.o(i.SysTick_Handler)
    i.SystemClock_Config                     0x080028a0   Section        0  init.o(i.SystemClock_Config)
    SystemClock_Config                       0x080028a1   Thumb Code   174  init.o(i.SystemClock_Config)
    i.SystemInit                             0x0800295c   Section        0  system_stm32f4xx.o(i.SystemInit)
    i.UART_SetConfig                         0x080029b0   Section        0  stm32f4xx_hal_uart.o(i.UART_SetConfig)
    UART_SetConfig                           0x080029b1   Thumb Code   780  stm32f4xx_hal_uart.o(i.UART_SetConfig)
    i.UART_WaitOnFlagUntilTimeout            0x08002cc4   Section        0  stm32f4xx_hal_uart.o(i.UART_WaitOnFlagUntilTimeout)
    UART_WaitOnFlagUntilTimeout              0x08002cc5   Thumb Code   100  stm32f4xx_hal_uart.o(i.UART_WaitOnFlagUntilTimeout)
    i.UsageFault_Handler                     0x08002d28   Section        0  stm32f4xx_it.o(i.UsageFault_Handler)
    i.WIFI_PDN_INIT                          0x08002d2c   Section        0  bsp_sdio_sd.o(i.WIFI_PDN_INIT)
    WIFI_PDN_INIT                            0x08002d2d   Thumb Code    62  bsp_sdio_sd.o(i.WIFI_PDN_INIT)
    i.__0printf$8                            0x08002d74   Section        0  printf8.o(i.__0printf$8)
    i.__scatterload_copy                     0x08002d94   Section       14  handlers.o(i.__scatterload_copy)
    i.__scatterload_null                     0x08002da2   Section        2  handlers.o(i.__scatterload_null)
    i.__scatterload_zeroinit                 0x08002da4   Section       14  handlers.o(i.__scatterload_zeroinit)
    i._printf_core                           0x08002db4   Section        0  printf8.o(i._printf_core)
    _printf_core                             0x08002db5   Thumb Code   996  printf8.o(i._printf_core)
    i._printf_post_padding                   0x080031c4   Section        0  printf8.o(i._printf_post_padding)
    _printf_post_padding                     0x080031c5   Thumb Code    36  printf8.o(i._printf_post_padding)
    i._printf_pre_padding                    0x080031e8   Section        0  printf8.o(i._printf_pre_padding)
    _printf_pre_padding                      0x080031e9   Thumb Code    46  printf8.o(i._printf_pre_padding)
    i.check_fs                               0x08003218   Section        0  ff.o(i.check_fs)
    check_fs                                 0x08003219   Thumb Code   124  ff.o(i.check_fs)
    i.createTasksFromArray                   0x08003298   Section        0  tasks_init.o(i.createTasksFromArray)
    createTasksFromArray                     0x08003299   Thumb Code   112  tasks_init.o(i.createTasksFromArray)
    i.disk_initialize                        0x08003380   Section        0  diskio.o(i.disk_initialize)
    i.disk_ioctl                             0x080033ac   Section        0  diskio.o(i.disk_ioctl)
    i.disk_read                              0x080033c8   Section        0  diskio.o(i.disk_read)
    i.disk_status                            0x080033e4   Section        0  diskio.o(i.disk_status)
    i.disk_write                             0x080033fc   Section        0  diskio.o(i.disk_write)
    i.f_mkfs                                 0x08003418   Section        0  ff.o(i.f_mkfs)
    i.f_mount                                0x08003940   Section        0  ff.o(i.f_mount)
    i.fatfs_init                             0x08003990   Section        0  init.o(i.fatfs_init)
    fatfs_init                               0x08003991   Thumb Code   156  init.o(i.fatfs_init)
    i.find_volume                            0x08003b00   Section        0  ff.o(i.find_volume)
    find_volume                              0x08003b01   Thumb Code   774  ff.o(i.find_volume)
    i.fputc                                  0x08003e14   Section        0  debug.o(i.fputc)
    i.get_ldnumber                           0x08003e2c   Section        0  ff.o(i.get_ldnumber)
    get_ldnumber                             0x08003e2d   Thumb Code    66  ff.o(i.get_ldnumber)
    i.i2c_Ack                                0x08003e70   Section        0  bsp_i2c_touch.o(i.i2c_Ack)
    i.i2c_Delay                              0x08003e9c   Section        0  bsp_i2c_touch.o(i.i2c_Delay)
    i2c_Delay                                0x08003e9d   Thumb Code    12  bsp_i2c_touch.o(i.i2c_Delay)
    i.i2c_NAck                               0x08003ea8   Section        0  bsp_i2c_touch.o(i.i2c_NAck)
    i.i2c_ReadByte                           0x08003ed0   Section        0  bsp_i2c_touch.o(i.i2c_ReadByte)
    i.i2c_SendByte                           0x08003f18   Section        0  bsp_i2c_touch.o(i.i2c_SendByte)
    i.i2c_Start                              0x08003f6c   Section        0  bsp_i2c_touch.o(i.i2c_Start)
    i.i2c_Stop                               0x08003f98   Section        0  bsp_i2c_touch.o(i.i2c_Stop)
    i.i2c_WaitAck                            0x08003fb4   Section        0  bsp_i2c_touch.o(i.i2c_WaitAck)
    i.init                                   0x08003fec   Section        0  init.o(i.init)
    i.main                                   0x08004006   Section        0  main.o(i.main)
    i.mem_cpy                                0x08004014   Section        0  ff.o(i.mem_cpy)
    mem_cpy                                  0x08004015   Thumb Code    18  ff.o(i.mem_cpy)
    i.mem_set                                0x08004026   Section        0  ff.o(i.mem_set)
    mem_set                                  0x08004027   Thumb Code    16  ff.o(i.mem_set)
    i.move_window                            0x08004036   Section        0  ff.o(i.move_window)
    move_window                              0x08004037   Thumb Code    56  ff.o(i.move_window)
    i.prvAddCurrentTaskToDelayedList         0x08004070   Section        0  tasks.o(i.prvAddCurrentTaskToDelayedList)
    prvAddCurrentTaskToDelayedList           0x08004071   Thumb Code   104  tasks.o(i.prvAddCurrentTaskToDelayedList)
    i.prvAddNewTaskToReadyList               0x080040e0   Section        0  tasks.o(i.prvAddNewTaskToReadyList)
    prvAddNewTaskToReadyList                 0x080040e1   Thumb Code   124  tasks.o(i.prvAddNewTaskToReadyList)
    i.prvCheckTasksWaitingTermination        0x08004168   Section        0  tasks.o(i.prvCheckTasksWaitingTermination)
    prvCheckTasksWaitingTermination          0x08004169   Thumb Code    74  tasks.o(i.prvCheckTasksWaitingTermination)
    i.prvDeleteTCB                           0x080041bc   Section        0  tasks.o(i.prvDeleteTCB)
    prvDeleteTCB                             0x080041bd   Thumb Code    20  tasks.o(i.prvDeleteTCB)
    i.prvHeapInit                            0x080041d0   Section        0  heap_4.o(i.prvHeapInit)
    prvHeapInit                              0x080041d1   Thumb Code    68  heap_4.o(i.prvHeapInit)
    i.prvIdleTask                            0x0800421c   Section        0  tasks.o(i.prvIdleTask)
    prvIdleTask                              0x0800421d   Thumb Code    30  tasks.o(i.prvIdleTask)
    i.prvInitialiseNewTask                   0x08004244   Section        0  tasks.o(i.prvInitialiseNewTask)
    prvInitialiseNewTask                     0x08004245   Thumb Code   138  tasks.o(i.prvInitialiseNewTask)
    i.prvInitialiseTaskLists                 0x080042f8   Section        0  tasks.o(i.prvInitialiseTaskLists)
    prvInitialiseTaskLists                   0x080042f9   Thumb Code    74  tasks.o(i.prvInitialiseTaskLists)
    i.prvInsertBlockIntoFreeList             0x08004350   Section        0  heap_4.o(i.prvInsertBlockIntoFreeList)
    prvInsertBlockIntoFreeList               0x08004351   Thumb Code    78  heap_4.o(i.prvInsertBlockIntoFreeList)
    i.prvResetNextTaskUnblockTime            0x080043a4   Section        0  tasks.o(i.prvResetNextTaskUnblockTime)
    prvResetNextTaskUnblockTime              0x080043a5   Thumb Code    30  tasks.o(i.prvResetNextTaskUnblockTime)
    i.prvTaskExitError                       0x080043c8   Section        0  port.o(i.prvTaskExitError)
    prvTaskExitError                         0x080043c9   Thumb Code    36  port.o(i.prvTaskExitError)
    i.pvPortMalloc                           0x08004428   Section        0  heap_4.o(i.pvPortMalloc)
    i.pxPortInitialiseStack                  0x08004530   Section        0  port.o(i.pxPortInitialiseStack)
    i.sync_window                            0x08004554   Section        0  ff.o(i.sync_window)
    sync_window                              0x08004555   Thumb Code    98  ff.o(i.sync_window)
    i.task_init                              0x080045b8   Section        0  tasks_init.o(i.task_init)
    i.test_task                              0x080045c4   Section        0  tasks_test.o(i.test_task)
    i.uxListRemove                           0x08004640   Section        0  list.o(i.uxListRemove)
    i.vListInitialise                        0x08004664   Section        0  list.o(i.vListInitialise)
    i.vListInitialiseItem                    0x0800467a   Section        0  list.o(i.vListInitialiseItem)
    i.vListInsert                            0x08004680   Section        0  list.o(i.vListInsert)
    i.vListInsertEnd                         0x080046b0   Section        0  list.o(i.vListInsertEnd)
    i.vPortEnterCritical                     0x080046c8   Section        0  port.o(i.vPortEnterCritical)
    i.vPortExitCritical                      0x0800473c   Section        0  port.o(i.vPortExitCritical)
    i.vPortFree                              0x080047a0   Section        0  heap_4.o(i.vPortFree)
    i.vPortSetupTimerInterrupt               0x08004838   Section        0  port.o(i.vPortSetupTimerInterrupt)
    i.vTaskDelay                             0x08004858   Section        0  tasks.o(i.vTaskDelay)
    i.vTaskStartScheduler                    0x080048cc   Section        0  tasks.o(i.vTaskStartScheduler)
    i.vTaskSuspendAll                        0x0800495c   Section        0  tasks.o(i.vTaskSuspendAll)
    i.vTaskSwitchContext                     0x0800496c   Section        0  tasks.o(i.vTaskSwitchContext)
    i.xPortStartScheduler                    0x080049f0   Section        0  port.o(i.xPortStartScheduler)
    i.xPortSysTickHandler                    0x08004afc   Section        0  port.o(i.xPortSysTickHandler)
    i.xTaskCreate                            0x08004b28   Section        0  tasks.o(i.xTaskCreate)
    i.xTaskGetSchedulerState                 0x08004b88   Section        0  tasks.o(i.xTaskGetSchedulerState)
    i.xTaskIncrementTick                     0x08004ba4   Section        0  tasks.o(i.xTaskIncrementTick)
    i.xTaskResumeAll                         0x08004c94   Section        0  tasks.o(i.xTaskResumeAll)
    .constdata                               0x08004d84   Section       58  ff.o(.constdata)
    LfnOfs                                   0x08004d84   Data          13  ff.o(.constdata)
    vst                                      0x08004d92   Data          22  ff.o(.constdata)
    cst                                      0x08004da8   Data          22  ff.o(.constdata)
    .constdata                               0x08004dc0   Section       20  sd_diskio.o(.constdata)
    .constdata                               0x08004dd4   Section       28  gt9xx.o(.constdata)
    .constdata                               0x08004df0   Section        8  stm32f4xx_hal_dma.o(.constdata)
    flagBitshiftOffset                       0x08004df0   Data           8  stm32f4xx_hal_dma.o(.constdata)
    .constdata                               0x08004df8   Section       16  system_stm32f4xx.o(.constdata)
    .constdata                               0x08004e08   Section        8  system_stm32f4xx.o(.constdata)
    .conststring                             0x08004e10   Section       10  tasks_init.o(.conststring)
    .conststring                             0x08004e1c   Section      161  gt9xx.o(.conststring)
    .data                                    0x20000000   Section        4  init.o(.data)
    .data                                    0x20000004   Section        4  tasks_init.o(.data)
    .data                                    0x20000008   Section       24  tasks_init.o(.data)
    taskParamsArray                          0x20000008   Data          24  tasks_init.o(.data)
    .data                                    0x20000020   Section        8  ff.o(.data)
    Fsid                                     0x20000020   Data           2  ff.o(.data)
    FatFs                                    0x20000024   Data           4  ff.o(.data)
    .data                                    0x20000028   Section        1  sd_diskio.o(.data)
    Stat                                     0x20000028   Data           1  sd_diskio.o(.data)
    .data                                    0x2000002c   Section       60  tasks.o(.data)
    uxDeletedTasksWaitingCleanUp             0x20000030   Data           4  tasks.o(.data)
    uxCurrentNumberOfTasks                   0x20000034   Data           4  tasks.o(.data)
    xTickCount                               0x20000038   Data           4  tasks.o(.data)
    uxTopReadyPriority                       0x2000003c   Data           4  tasks.o(.data)
    xSchedulerRunning                        0x20000040   Data           4  tasks.o(.data)
    uxPendedTicks                            0x20000044   Data           4  tasks.o(.data)
    xYieldPending                            0x20000048   Data           4  tasks.o(.data)
    xNumOfOverflows                          0x2000004c   Data           4  tasks.o(.data)
    uxTaskNumber                             0x20000050   Data           4  tasks.o(.data)
    xNextTaskUnblockTime                     0x20000054   Data           4  tasks.o(.data)
    xIdleTaskHandle                          0x20000058   Data           4  tasks.o(.data)
    uxSchedulerSuspended                     0x2000005c   Data           4  tasks.o(.data)
    pxDelayedTaskList                        0x20000060   Data           4  tasks.o(.data)
    pxOverflowDelayedTaskList                0x20000064   Data           4  tasks.o(.data)
    .data                                    0x20000068   Section       12  port.o(.data)
    ucMaxSysCallPriority                     0x20000068   Data           1  port.o(.data)
    uxCriticalNesting                        0x2000006c   Data           4  port.o(.data)
    ulMaxPRIGROUPValue                       0x20000070   Data           4  port.o(.data)
    .data                                    0x20000074   Section       24  heap_4.o(.data)
    pxEnd                                    0x20000074   Data           4  heap_4.o(.data)
    xFreeBytesRemaining                      0x20000078   Data           4  heap_4.o(.data)
    xMinimumEverFreeBytesRemaining           0x2000007c   Data           4  heap_4.o(.data)
    xBlockAllocatedBit                       0x20000080   Data           4  heap_4.o(.data)
    xStart                                   0x20000084   Data           8  heap_4.o(.data)
    .data                                    0x2000008c   Section       10  bsp_ili9806g_lcd.o(.data)
    CurrentTextColor                         0x20000092   Data           2  bsp_ili9806g_lcd.o(.data)
    CurrentBackColor                         0x20000094   Data           2  bsp_ili9806g_lcd.o(.data)
    .data                                    0x20000098   Section       20  gt9xx.o(.data)
    pre_touch                                0x200000a0   Data           2  gt9xx.o(.data)
    .data                                    0x200000ac   Section       12  stm32f4xx_hal.o(.data)
    .data                                    0x200000b8   Section        4  system_stm32f4xx.o(.data)
    .data                                    0x200000bc   Section        4  stdout.o(.data)
    .bss                                     0x200000c0   Section      560  init.o(.bss)
    fs                                       0x200000c0   Data         560  init.o(.bss)
    .bss                                     0x200002f0   Section       12  ff_gen_drv.o(.bss)
    .bss                                     0x200002fc   Section      740  tasks.o(.bss)
    pxReadyTasksLists                        0x200002fc   Data         640  tasks.o(.bss)
    xDelayedTaskList1                        0x2000057c   Data          20  tasks.o(.bss)
    xDelayedTaskList2                        0x20000590   Data          20  tasks.o(.bss)
    xPendingReadyList                        0x200005a4   Data          20  tasks.o(.bss)
    xTasksWaitingTermination                 0x200005b8   Data          20  tasks.o(.bss)
    xSuspendedTaskList                       0x200005cc   Data          20  tasks.o(.bss)
    .bss                                     0x200005e0   Section    32768  heap_4.o(.bss)
    ucHeap                                   0x200005e0   Data       32768  heap_4.o(.bss)
    .bss                                     0x200085e0   Section      324  bsp_sdio_sd.o(.bss)
    dmaRxHandle                              0x200085e0   Data          96  bsp_sdio_sd.o(.bss)
    dmaTxHandle                              0x20008640   Data          96  bsp_sdio_sd.o(.bss)
    .bss                                     0x20008724   Section       64  debug.o(.bss)
    UartHandle                               0x20008724   Data          64  debug.o(.bss)
    STACK                                    0x20008768   Section     1024  startup_stm32f407xx.o(STACK)

    Global Symbols

    Symbol Name                              Value     Ov Type        Size  Object(Section)

    BuildAttributes$$THM_ISAv4$E$P$D$K$B$S$7EM$VFPi3$EXTD16$VFPS$VFMA$PE$A:L22UL41UL21$X:L11$S22US41US21$IEEE1$IW$USESV6$~STKCKD$USESV7$~SHL$OSPACE$ROPI$EBA8$MICROLIB$REQ8$PRES8$EABIv2 0x00000000   Number         0  anon$$obj.o ABSOLUTE
    __ARM_use_no_argv                        0x00000000   Number         0  main.o ABSOLUTE
    _printf_a                                0x00000000   Number         0  stubs.o ABSOLUTE
    _printf_c                                0x00000000   Number         0  stubs.o ABSOLUTE
    _printf_charcount                        0x00000000   Number         0  stubs.o ABSOLUTE
    _printf_d                                0x00000000   Number         0  stubs.o ABSOLUTE
    _printf_e                                0x00000000   Number         0  stubs.o ABSOLUTE
    _printf_f                                0x00000000   Number         0  stubs.o ABSOLUTE
    _printf_flags                            0x00000000   Number         0  stubs.o ABSOLUTE
    _printf_fp_dec                           0x00000000   Number         0  stubs.o ABSOLUTE
    _printf_fp_hex                           0x00000000   Number         0  stubs.o ABSOLUTE
    _printf_g                                0x00000000   Number         0  stubs.o ABSOLUTE
    _printf_i                                0x00000000   Number         0  stubs.o ABSOLUTE
    _printf_int_dec                          0x00000000   Number         0  stubs.o ABSOLUTE
    _printf_l                                0x00000000   Number         0  stubs.o ABSOLUTE
    _printf_lc                               0x00000000   Number         0  stubs.o ABSOLUTE
    _printf_ll                               0x00000000   Number         0  stubs.o ABSOLUTE
    _printf_lld                              0x00000000   Number         0  stubs.o ABSOLUTE
    _printf_lli                              0x00000000   Number         0  stubs.o ABSOLUTE
    _printf_llo                              0x00000000   Number         0  stubs.o ABSOLUTE
    _printf_llu                              0x00000000   Number         0  stubs.o ABSOLUTE
    _printf_llx                              0x00000000   Number         0  stubs.o ABSOLUTE
    _printf_longlong_dec                     0x00000000   Number         0  stubs.o ABSOLUTE
    _printf_longlong_hex                     0x00000000   Number         0  stubs.o ABSOLUTE
    _printf_longlong_oct                     0x00000000   Number         0  stubs.o ABSOLUTE
    _printf_ls                               0x00000000   Number         0  stubs.o ABSOLUTE
    _printf_mbtowc                           0x00000000   Number         0  stubs.o ABSOLUTE
    _printf_n                                0x00000000   Number         0  stubs.o ABSOLUTE
    _printf_o                                0x00000000   Number         0  stubs.o ABSOLUTE
    _printf_p                                0x00000000   Number         0  stubs.o ABSOLUTE
    _printf_percent                          0x00000000   Number         0  stubs.o ABSOLUTE
    _printf_pre_padding                      0x00000000   Number         0  stubs.o ABSOLUTE
    _printf_return_value                     0x00000000   Number         0  stubs.o ABSOLUTE
    _printf_s                                0x00000000   Number         0  stubs.o ABSOLUTE
    _printf_sizespec                         0x00000000   Number         0  stubs.o ABSOLUTE
    _printf_str                              0x00000000   Number         0  stubs.o ABSOLUTE
    _printf_truncate_signed                  0x00000000   Number         0  stubs.o ABSOLUTE
    _printf_truncate_unsigned                0x00000000   Number         0  stubs.o ABSOLUTE
    _printf_u                                0x00000000   Number         0  stubs.o ABSOLUTE
    _printf_wc                               0x00000000   Number         0  stubs.o ABSOLUTE
    _printf_wctomb                           0x00000000   Number         0  stubs.o ABSOLUTE
    _printf_widthprec                        0x00000000   Number         0  stubs.o ABSOLUTE
    _printf_x                                0x00000000   Number         0  stubs.o ABSOLUTE
    __cpp_initialize__aeabi_                  - Undefined Weak Reference
    __cxa_finalize                            - Undefined Weak Reference
    __decompress                              - Undefined Weak Reference
    _clock_init                               - Undefined Weak Reference
    _microlib_exit                            - Undefined Weak Reference
    __Vectors_Size                           0x00000188   Number         0  startup_stm32f407xx.o ABSOLUTE
    __Vectors                                0x08000000   Data           4  startup_stm32f407xx.o(RESET)
    __Vectors_End                            0x08000188   Data           0  startup_stm32f407xx.o(RESET)
    __main                                   0x08000189   Thumb Code     0  entry.o(.ARM.Collect$$$$00000000)
    _main_stk                                0x08000189   Thumb Code     0  entry2.o(.ARM.Collect$$$$00000001)
    _main_scatterload                        0x0800018d   Thumb Code     0  entry5.o(.ARM.Collect$$$$00000004)
    __main_after_scatterload                 0x08000191   Thumb Code     0  entry5.o(.ARM.Collect$$$$00000004)
    _main_clock                              0x08000191   Thumb Code     0  entry7b.o(.ARM.Collect$$$$00000008)
    _main_cpp_init                           0x08000191   Thumb Code     0  entry8b.o(.ARM.Collect$$$$0000000A)
    _main_init                               0x08000191   Thumb Code     0  entry9a.o(.ARM.Collect$$$$0000000B)
    __rt_final_cpp                           0x08000199   Thumb Code     0  entry10a.o(.ARM.Collect$$$$0000000D)
    __rt_final_exit                          0x08000199   Thumb Code     0  entry11a.o(.ARM.Collect$$$$0000000F)
    SVC_Handler                              0x0800019d   Thumb Code    28  port.o(.emb_text)
    __asm___6_port_c_39a90d8d__prvStartFirstTask 0x080001bd   Thumb Code    28  port.o(.emb_text)
    __asm___6_port_c_39a90d8d__prvEnableVFP  0x080001dd   Thumb Code    16  port.o(.emb_text)
    PendSV_Handler                           0x080001f1   Thumb Code    88  port.o(.emb_text)
    vPortGetIPSR                             0x0800024d   Thumb Code     6  port.o(.emb_text)
    Reset_Handler                            0x08000255   Thumb Code     8  startup_stm32f407xx.o(.text)
    HardFault_Handler                        0x0800025f   Thumb Code     2  startup_stm32f407xx.o(.text)
    ADC_IRQHandler                           0x0800026f   Thumb Code     0  startup_stm32f407xx.o(.text)
    CAN1_RX0_IRQHandler                      0x0800026f   Thumb Code     0  startup_stm32f407xx.o(.text)
    CAN1_RX1_IRQHandler                      0x0800026f   Thumb Code     0  startup_stm32f407xx.o(.text)
    CAN1_SCE_IRQHandler                      0x0800026f   Thumb Code     0  startup_stm32f407xx.o(.text)
    CAN1_TX_IRQHandler                       0x0800026f   Thumb Code     0  startup_stm32f407xx.o(.text)
    CAN2_RX0_IRQHandler                      0x0800026f   Thumb Code     0  startup_stm32f407xx.o(.text)
    CAN2_RX1_IRQHandler                      0x0800026f   Thumb Code     0  startup_stm32f407xx.o(.text)
    CAN2_SCE_IRQHandler                      0x0800026f   Thumb Code     0  startup_stm32f407xx.o(.text)
    CAN2_TX_IRQHandler                       0x0800026f   Thumb Code     0  startup_stm32f407xx.o(.text)
    DCMI_IRQHandler                          0x0800026f   Thumb Code     0  startup_stm32f407xx.o(.text)
    DMA1_Stream0_IRQHandler                  0x0800026f   Thumb Code     0  startup_stm32f407xx.o(.text)
    DMA1_Stream1_IRQHandler                  0x0800026f   Thumb Code     0  startup_stm32f407xx.o(.text)
    DMA1_Stream2_IRQHandler                  0x0800026f   Thumb Code     0  startup_stm32f407xx.o(.text)
    DMA1_Stream3_IRQHandler                  0x0800026f   Thumb Code     0  startup_stm32f407xx.o(.text)
    DMA1_Stream4_IRQHandler                  0x0800026f   Thumb Code     0  startup_stm32f407xx.o(.text)
    DMA1_Stream5_IRQHandler                  0x0800026f   Thumb Code     0  startup_stm32f407xx.o(.text)
    DMA1_Stream6_IRQHandler                  0x0800026f   Thumb Code     0  startup_stm32f407xx.o(.text)
    DMA1_Stream7_IRQHandler                  0x0800026f   Thumb Code     0  startup_stm32f407xx.o(.text)
    DMA2_Stream0_IRQHandler                  0x0800026f   Thumb Code     0  startup_stm32f407xx.o(.text)
    DMA2_Stream1_IRQHandler                  0x0800026f   Thumb Code     0  startup_stm32f407xx.o(.text)
    DMA2_Stream2_IRQHandler                  0x0800026f   Thumb Code     0  startup_stm32f407xx.o(.text)
    DMA2_Stream3_IRQHandler                  0x0800026f   Thumb Code     0  startup_stm32f407xx.o(.text)
    DMA2_Stream4_IRQHandler                  0x0800026f   Thumb Code     0  startup_stm32f407xx.o(.text)
    DMA2_Stream5_IRQHandler                  0x0800026f   Thumb Code     0  startup_stm32f407xx.o(.text)
    DMA2_Stream6_IRQHandler                  0x0800026f   Thumb Code     0  startup_stm32f407xx.o(.text)
    DMA2_Stream7_IRQHandler                  0x0800026f   Thumb Code     0  startup_stm32f407xx.o(.text)
    ETH_IRQHandler                           0x0800026f   Thumb Code     0  startup_stm32f407xx.o(.text)
    ETH_WKUP_IRQHandler                      0x0800026f   Thumb Code     0  startup_stm32f407xx.o(.text)
    EXTI15_10_IRQHandler                     0x0800026f   Thumb Code     0  startup_stm32f407xx.o(.text)
    EXTI1_IRQHandler                         0x0800026f   Thumb Code     0  startup_stm32f407xx.o(.text)
    EXTI2_IRQHandler                         0x0800026f   Thumb Code     0  startup_stm32f407xx.o(.text)
    EXTI3_IRQHandler                         0x0800026f   Thumb Code     0  startup_stm32f407xx.o(.text)
    EXTI4_IRQHandler                         0x0800026f   Thumb Code     0  startup_stm32f407xx.o(.text)
    FLASH_IRQHandler                         0x0800026f   Thumb Code     0  startup_stm32f407xx.o(.text)
    FMC_IRQHandler                           0x0800026f   Thumb Code     0  startup_stm32f407xx.o(.text)
    FPU_IRQHandler                           0x0800026f   Thumb Code     0  startup_stm32f407xx.o(.text)
    HASH_RNG_IRQHandler                      0x0800026f   Thumb Code     0  startup_stm32f407xx.o(.text)
    I2C1_ER_IRQHandler                       0x0800026f   Thumb Code     0  startup_stm32f407xx.o(.text)
    I2C1_EV_IRQHandler                       0x0800026f   Thumb Code     0  startup_stm32f407xx.o(.text)
    I2C2_ER_IRQHandler                       0x0800026f   Thumb Code     0  startup_stm32f407xx.o(.text)
    I2C2_EV_IRQHandler                       0x0800026f   Thumb Code     0  startup_stm32f407xx.o(.text)
    I2C3_ER_IRQHandler                       0x0800026f   Thumb Code     0  startup_stm32f407xx.o(.text)
    I2C3_EV_IRQHandler                       0x0800026f   Thumb Code     0  startup_stm32f407xx.o(.text)
    OTG_FS_IRQHandler                        0x0800026f   Thumb Code     0  startup_stm32f407xx.o(.text)
    OTG_FS_WKUP_IRQHandler                   0x0800026f   Thumb Code     0  startup_stm32f407xx.o(.text)
    OTG_HS_EP1_IN_IRQHandler                 0x0800026f   Thumb Code     0  startup_stm32f407xx.o(.text)
    OTG_HS_EP1_OUT_IRQHandler                0x0800026f   Thumb Code     0  startup_stm32f407xx.o(.text)
    OTG_HS_IRQHandler                        0x0800026f   Thumb Code     0  startup_stm32f407xx.o(.text)
    OTG_HS_WKUP_IRQHandler                   0x0800026f   Thumb Code     0  startup_stm32f407xx.o(.text)
    PVD_IRQHandler                           0x0800026f   Thumb Code     0  startup_stm32f407xx.o(.text)
    RCC_IRQHandler                           0x0800026f   Thumb Code     0  startup_stm32f407xx.o(.text)
    RTC_Alarm_IRQHandler                     0x0800026f   Thumb Code     0  startup_stm32f407xx.o(.text)
    RTC_WKUP_IRQHandler                      0x0800026f   Thumb Code     0  startup_stm32f407xx.o(.text)
    SDIO_IRQHandler                          0x0800026f   Thumb Code     0  startup_stm32f407xx.o(.text)
    SPI1_IRQHandler                          0x0800026f   Thumb Code     0  startup_stm32f407xx.o(.text)
    SPI2_IRQHandler                          0x0800026f   Thumb Code     0  startup_stm32f407xx.o(.text)
    SPI3_IRQHandler                          0x0800026f   Thumb Code     0  startup_stm32f407xx.o(.text)
    TAMP_STAMP_IRQHandler                    0x0800026f   Thumb Code     0  startup_stm32f407xx.o(.text)
    TIM1_BRK_TIM9_IRQHandler                 0x0800026f   Thumb Code     0  startup_stm32f407xx.o(.text)
    TIM1_CC_IRQHandler                       0x0800026f   Thumb Code     0  startup_stm32f407xx.o(.text)
    TIM1_TRG_COM_TIM11_IRQHandler            0x0800026f   Thumb Code     0  startup_stm32f407xx.o(.text)
    TIM1_UP_TIM10_IRQHandler                 0x0800026f   Thumb Code     0  startup_stm32f407xx.o(.text)
    TIM2_IRQHandler                          0x0800026f   Thumb Code     0  startup_stm32f407xx.o(.text)
    TIM3_IRQHandler                          0x0800026f   Thumb Code     0  startup_stm32f407xx.o(.text)
    TIM4_IRQHandler                          0x0800026f   Thumb Code     0  startup_stm32f407xx.o(.text)
    TIM5_IRQHandler                          0x0800026f   Thumb Code     0  startup_stm32f407xx.o(.text)
    TIM6_DAC_IRQHandler                      0x0800026f   Thumb Code     0  startup_stm32f407xx.o(.text)
    TIM7_IRQHandler                          0x0800026f   Thumb Code     0  startup_stm32f407xx.o(.text)
    TIM8_BRK_TIM12_IRQHandler                0x0800026f   Thumb Code     0  startup_stm32f407xx.o(.text)
    TIM8_CC_IRQHandler                       0x0800026f   Thumb Code     0  startup_stm32f407xx.o(.text)
    TIM8_TRG_COM_TIM14_IRQHandler            0x0800026f   Thumb Code     0  startup_stm32f407xx.o(.text)
    TIM8_UP_TIM13_IRQHandler                 0x0800026f   Thumb Code     0  startup_stm32f407xx.o(.text)
    UART4_IRQHandler                         0x0800026f   Thumb Code     0  startup_stm32f407xx.o(.text)
    UART5_IRQHandler                         0x0800026f   Thumb Code     0  startup_stm32f407xx.o(.text)
    USART1_IRQHandler                        0x0800026f   Thumb Code     0  startup_stm32f407xx.o(.text)
    USART2_IRQHandler                        0x0800026f   Thumb Code     0  startup_stm32f407xx.o(.text)
    USART3_IRQHandler                        0x0800026f   Thumb Code     0  startup_stm32f407xx.o(.text)
    USART6_IRQHandler                        0x0800026f   Thumb Code     0  startup_stm32f407xx.o(.text)
    WWDG_IRQHandler                          0x0800026f   Thumb Code     0  startup_stm32f407xx.o(.text)
    __aeabi_uldivmod                         0x08000279   Thumb Code    98  uldiv.o(.text)
    __aeabi_memcpy                           0x080002db   Thumb Code    36  memcpya.o(.text)
    __aeabi_memcpy4                          0x080002db   Thumb Code     0  memcpya.o(.text)
    __aeabi_memcpy8                          0x080002db   Thumb Code     0  memcpya.o(.text)
    __aeabi_memset                           0x080002ff   Thumb Code    14  memseta.o(.text)
    __aeabi_memset4                          0x080002ff   Thumb Code     0  memseta.o(.text)
    __aeabi_memset8                          0x080002ff   Thumb Code     0  memseta.o(.text)
    __aeabi_memclr                           0x0800030d   Thumb Code     4  memseta.o(.text)
    __aeabi_memclr4                          0x0800030d   Thumb Code     0  memseta.o(.text)
    __aeabi_memclr8                          0x0800030d   Thumb Code     0  memseta.o(.text)
    _memset$wrapper                          0x08000311   Thumb Code    18  memseta.o(.text)
    __aeabi_llsl                             0x08000323   Thumb Code    30  llshl.o(.text)
    _ll_shift_l                              0x08000323   Thumb Code     0  llshl.o(.text)
    __aeabi_llsr                             0x08000341   Thumb Code    32  llushr.o(.text)
    _ll_ushift_r                             0x08000341   Thumb Code     0  llushr.o(.text)
    __scatterload                            0x08000361   Thumb Code    28  init.o(.text)
    __scatterload_rt2                        0x08000361   Thumb Code     0  init.o(.text)
    BSP_SD_GetCardInfo                       0x08000385   Thumb Code     8  bsp_sdio_sd.o(i.BSP_SD_GetCardInfo)
    BSP_SD_GetCardState                      0x08000391   Thumb Code    20  bsp_sdio_sd.o(i.BSP_SD_GetCardState)
    BSP_SD_Init                              0x080003a9   Thumb Code    66  bsp_sdio_sd.o(i.BSP_SD_Init)
    BSP_SD_MspInit                           0x080003f5   Thumb Code   320  bsp_sdio_sd.o(i.BSP_SD_MspInit)
    BSP_SD_ReadBlocks                        0x08000549   Thumb Code    26  bsp_sdio_sd.o(i.BSP_SD_ReadBlocks)
    BSP_SD_WriteBlocks                       0x08000569   Thumb Code    26  bsp_sdio_sd.o(i.BSP_SD_WriteBlocks)
    BusFault_Handler                         0x08000589   Thumb Code     2  stm32f4xx_it.o(i.BusFault_Handler)
    CPU_TS_TmrInit                           0x0800058d   Thumb Code    26  delay.o(i.CPU_TS_TmrInit)
    DEBUG_USART_Config                       0x080005b1   Thumb Code    30  debug.o(i.DEBUG_USART_Config)
    DebugMon_Handler                         0x0800067d   Thumb Code     2  stm32f4xx_it.o(i.DebugMon_Handler)
    EXTI0_IRQHandler                         0x0800067f   Thumb Code     2  stm32f4xx_it.o(i.EXTI0_IRQHandler)
    EXTI9_5_IRQHandler                       0x08000681   Thumb Code    20  stm32f4xx_it.o(i.EXTI9_5_IRQHandler)
    FATFS_LinkDriver                         0x08000699   Thumb Code     6  ff_gen_drv.o(i.FATFS_LinkDriver)
    FATFS_LinkDriverEx                       0x080006a1   Thumb Code    60  ff_gen_drv.o(i.FATFS_LinkDriverEx)
    GTP_TouchProcess                         0x0800079d   Thumb Code     4  gt9xx.o(i.GTP_TouchProcess)
    HAL_DMA_DeInit                           0x08000949   Thumb Code    90  stm32f4xx_hal_dma.o(i.HAL_DMA_DeInit)
    HAL_DMA_Init                             0x080009a5   Thumb Code   208  stm32f4xx_hal_dma.o(i.HAL_DMA_Init)
    HAL_Delay                                0x08000a79   Thumb Code    32  stm32f4xx_hal.o(i.HAL_Delay)
    HAL_GPIO_Init                            0x08000a9d   Thumb Code   406  stm32f4xx_hal_gpio.o(i.HAL_GPIO_Init)
    HAL_GPIO_ReadPin                         0x08000c61   Thumb Code    14  stm32f4xx_hal_gpio.o(i.HAL_GPIO_ReadPin)
    HAL_GPIO_WritePin                        0x08000c6f   Thumb Code    14  stm32f4xx_hal_gpio.o(i.HAL_GPIO_WritePin)
    HAL_GetREVID                             0x08000c7d   Thumb Code     8  stm32f4xx_hal.o(i.HAL_GetREVID)
    HAL_GetTick                              0x08000c89   Thumb Code     6  stm32f4xx_hal.o(i.HAL_GetTick)
    HAL_IncTick                              0x08000c95   Thumb Code    12  stm32f4xx_hal.o(i.HAL_IncTick)
    HAL_Init                                 0x08000ca5   Thumb Code    40  stm32f4xx_hal.o(i.HAL_Init)
    HAL_InitTick                             0x08000cd1   Thumb Code    58  stm32f4xx_hal.o(i.HAL_InitTick)
    HAL_MspInit                              0x08000d15   Thumb Code     2  stm32f4xx_hal.o(i.HAL_MspInit)
    HAL_NVIC_EnableIRQ                       0x08000d17   Thumb Code    22  stm32f4xx_hal_cortex.o(i.HAL_NVIC_EnableIRQ)
    HAL_NVIC_SetPriority                     0x08000d2d   Thumb Code    60  stm32f4xx_hal_cortex.o(i.HAL_NVIC_SetPriority)
    HAL_NVIC_SetPriorityGrouping             0x08000d6d   Thumb Code    26  stm32f4xx_hal_cortex.o(i.HAL_NVIC_SetPriorityGrouping)
    HAL_RCC_ClockConfig                      0x08000d91   Thumb Code   308  stm32f4xx_hal_rcc.o(i.HAL_RCC_ClockConfig)
    HAL_RCC_GetHCLKFreq                      0x08000ed5   Thumb Code     6  stm32f4xx_hal_rcc.o(i.HAL_RCC_GetHCLKFreq)
    HAL_RCC_GetPCLK1Freq                     0x08000ee1   Thumb Code    22  stm32f4xx_hal_rcc.o(i.HAL_RCC_GetPCLK1Freq)
    HAL_RCC_GetPCLK2Freq                     0x08000f01   Thumb Code    22  stm32f4xx_hal_rcc.o(i.HAL_RCC_GetPCLK2Freq)
    HAL_RCC_GetSysClockFreq                  0x08000f21   Thumb Code    94  stm32f4xx_hal_rcc.o(i.HAL_RCC_GetSysClockFreq)
    HAL_RCC_OscConfig                        0x08000f8d   Thumb Code   896  stm32f4xx_hal_rcc.o(i.HAL_RCC_OscConfig)
    HAL_SD_ConfigWideBusOperation            0x0800131d   Thumb Code   162  stm32f4xx_hal_sd.o(i.HAL_SD_ConfigWideBusOperation)
    HAL_SD_GetCardCSD                        0x080013bf   Thumb Code   478  stm32f4xx_hal_sd.o(i.HAL_SD_GetCardCSD)
    HAL_SD_GetCardInfo                       0x0800159d   Thumb Code    36  stm32f4xx_hal_sd.o(i.HAL_SD_GetCardInfo)
    HAL_SD_GetCardState                      0x080015c1   Thumb Code    32  stm32f4xx_hal_sd.o(i.HAL_SD_GetCardState)
    HAL_SD_Init                              0x080015e1   Thumb Code    56  stm32f4xx_hal_sd.o(i.HAL_SD_Init)
    HAL_SD_InitCard                          0x08001619   Thumb Code   110  stm32f4xx_hal_sd.o(i.HAL_SD_InitCard)
    HAL_SD_MspInit                           0x0800168d   Thumb Code     2  stm32f4xx_hal_sd.o(i.HAL_SD_MspInit)
    HAL_SD_ReadBlocks                        0x0800168f   Thumb Code   500  stm32f4xx_hal_sd.o(i.HAL_SD_ReadBlocks)
    HAL_SD_WriteBlocks                       0x08001883   Thumb Code   456  stm32f4xx_hal_sd.o(i.HAL_SD_WriteBlocks)
    HAL_SYSTICK_CLKSourceConfig              0x08001a4b   Thumb Code    28  stm32f4xx_hal_cortex.o(i.HAL_SYSTICK_CLKSourceConfig)
    HAL_SYSTICK_Config                       0x08001a67   Thumb Code    40  stm32f4xx_hal_cortex.o(i.HAL_SYSTICK_Config)
    HAL_UART_Init                            0x08001a8f   Thumb Code   100  stm32f4xx_hal_uart.o(i.HAL_UART_Init)
    HAL_UART_MspInit                         0x08001af5   Thumb Code   108  debug.o(i.HAL_UART_MspInit)
    HAL_UART_Transmit                        0x08001b69   Thumb Code   204  stm32f4xx_hal_uart.o(i.HAL_UART_Transmit)
    I2C_ReadBytes                            0x08001c35   Thumb Code    74  bsp_i2c_touch.o(i.I2C_ReadBytes)
    I2C_WriteBytes                           0x08001cc3   Thumb Code    88  bsp_i2c_touch.o(i.I2C_WriteBytes)
    MemManage_Handler                        0x08001d1b   Thumb Code     2  stm32f4xx_it.o(i.MemManage_Handler)
    NMI_Handler                              0x08001d1d   Thumb Code     2  stm32f4xx_it.o(i.NMI_Handler)
    SDIO_ConfigData                          0x08001d3f   Thumb Code    36  stm32f4xx_ll_sdmmc.o(i.SDIO_ConfigData)
    SDIO_GetCommandResponse                  0x08001d63   Thumb Code     6  stm32f4xx_ll_sdmmc.o(i.SDIO_GetCommandResponse)
    SDIO_GetPowerState                       0x08001d69   Thumb Code     8  stm32f4xx_ll_sdmmc.o(i.SDIO_GetPowerState)
    SDIO_GetResponse                         0x08001d71   Thumb Code    14  stm32f4xx_ll_sdmmc.o(i.SDIO_GetResponse)
    SDIO_Init                                0x08001d7f   Thumb Code    42  stm32f4xx_ll_sdmmc.o(i.SDIO_Init)
    SDIO_PowerState_ON                       0x08001da9   Thumb Code     8  stm32f4xx_ll_sdmmc.o(i.SDIO_PowerState_ON)
    SDIO_ReadFIFO                            0x08001db1   Thumb Code     6  stm32f4xx_ll_sdmmc.o(i.SDIO_ReadFIFO)
    SDIO_SendCommand                         0x08001db7   Thumb Code    32  stm32f4xx_ll_sdmmc.o(i.SDIO_SendCommand)
    SDIO_WriteFIFO                           0x08001dd7   Thumb Code    10  stm32f4xx_ll_sdmmc.o(i.SDIO_WriteFIFO)
    SDMMC_CmdAppCommand                      0x08001de1   Thumb Code    50  stm32f4xx_ll_sdmmc.o(i.SDMMC_CmdAppCommand)
    SDMMC_CmdAppOperCommand                  0x08001e15   Thumb Code    46  stm32f4xx_ll_sdmmc.o(i.SDMMC_CmdAppOperCommand)
    SDMMC_CmdBlockLength                     0x08001e49   Thumb Code    50  stm32f4xx_ll_sdmmc.o(i.SDMMC_CmdBlockLength)
    SDMMC_CmdBusWidth                        0x08001e7b   Thumb Code    50  stm32f4xx_ll_sdmmc.o(i.SDMMC_CmdBusWidth)
    SDMMC_CmdGoIdleState                     0x08001ead   Thumb Code    40  stm32f4xx_ll_sdmmc.o(i.SDMMC_CmdGoIdleState)
    SDMMC_CmdOperCond                        0x08001ed5   Thumb Code    48  stm32f4xx_ll_sdmmc.o(i.SDMMC_CmdOperCond)
    SDMMC_CmdReadMultiBlock                  0x08001f05   Thumb Code    50  stm32f4xx_ll_sdmmc.o(i.SDMMC_CmdReadMultiBlock)
    SDMMC_CmdReadSingleBlock                 0x08001f37   Thumb Code    50  stm32f4xx_ll_sdmmc.o(i.SDMMC_CmdReadSingleBlock)
    SDMMC_CmdSelDesel                        0x08001f69   Thumb Code    50  stm32f4xx_ll_sdmmc.o(i.SDMMC_CmdSelDesel)
    SDMMC_CmdSendCID                         0x08001f9b   Thumb Code    44  stm32f4xx_ll_sdmmc.o(i.SDMMC_CmdSendCID)
    SDMMC_CmdSendCSD                         0x08001fc7   Thumb Code    44  stm32f4xx_ll_sdmmc.o(i.SDMMC_CmdSendCSD)
    SDMMC_CmdSendSCR                         0x08001ff3   Thumb Code    48  stm32f4xx_ll_sdmmc.o(i.SDMMC_CmdSendSCR)
    SDMMC_CmdSendStatus                      0x08002023   Thumb Code    50  stm32f4xx_ll_sdmmc.o(i.SDMMC_CmdSendStatus)
    SDMMC_CmdSetRelAdd                       0x08002055   Thumb Code    48  stm32f4xx_ll_sdmmc.o(i.SDMMC_CmdSetRelAdd)
    SDMMC_CmdStopTransfer                    0x08002085   Thumb Code    46  stm32f4xx_ll_sdmmc.o(i.SDMMC_CmdStopTransfer)
    SDMMC_CmdWriteMultiBlock                 0x080020b9   Thumb Code    50  stm32f4xx_ll_sdmmc.o(i.SDMMC_CmdWriteMultiBlock)
    SDMMC_CmdWriteSingleBlock                0x080020eb   Thumb Code    50  stm32f4xx_ll_sdmmc.o(i.SDMMC_CmdWriteSingleBlock)
    SD_initialize                            0x0800276d   Thumb Code    26  sd_diskio.o(i.SD_initialize)
    SD_ioctl                                 0x0800278d   Thumb Code    84  sd_diskio.o(i.SD_ioctl)
    SD_read                                  0x080027e5   Thumb Code    46  sd_diskio.o(i.SD_read)
    SD_status                                0x0800281d   Thumb Code    26  sd_diskio.o(i.SD_status)
    SD_write                                 0x0800283d   Thumb Code    46  sd_diskio.o(i.SD_write)
    SysTick_Handler                          0x08002875   Thumb Code    42  stm32f4xx_it.o(i.SysTick_Handler)
    SystemInit                               0x0800295d   Thumb Code    66  system_stm32f4xx.o(i.SystemInit)
    UsageFault_Handler                       0x08002d29   Thumb Code     2  stm32f4xx_it.o(i.UsageFault_Handler)
    __0printf$8                              0x08002d75   Thumb Code    22  printf8.o(i.__0printf$8)
    __1printf$8                              0x08002d75   Thumb Code     0  printf8.o(i.__0printf$8)
    __2printf                                0x08002d75   Thumb Code     0  printf8.o(i.__0printf$8)
    __scatterload_copy                       0x08002d95   Thumb Code    14  handlers.o(i.__scatterload_copy)
    __scatterload_null                       0x08002da3   Thumb Code     2  handlers.o(i.__scatterload_null)
    __scatterload_zeroinit                   0x08002da5   Thumb Code    14  handlers.o(i.__scatterload_zeroinit)
    disk_initialize                          0x08003381   Thumb Code    38  diskio.o(i.disk_initialize)
    disk_ioctl                               0x080033ad   Thumb Code    22  diskio.o(i.disk_ioctl)
    disk_read                                0x080033c9   Thumb Code    24  diskio.o(i.disk_read)
    disk_status                              0x080033e5   Thumb Code    18  diskio.o(i.disk_status)
    disk_write                               0x080033fd   Thumb Code    24  diskio.o(i.disk_write)
    f_mkfs                                   0x08003419   Thumb Code  1318  ff.o(i.f_mkfs)
    f_mount                                  0x08003941   Thumb Code    76  ff.o(i.f_mount)
    fputc                                    0x08003e15   Thumb Code    20  debug.o(i.fputc)
    i2c_Ack                                  0x08003e71   Thumb Code    38  bsp_i2c_touch.o(i.i2c_Ack)
    i2c_NAck                                 0x08003ea9   Thumb Code    34  bsp_i2c_touch.o(i.i2c_NAck)
    i2c_ReadByte                             0x08003ed1   Thumb Code    68  bsp_i2c_touch.o(i.i2c_ReadByte)
    i2c_SendByte                             0x08003f19   Thumb Code    80  bsp_i2c_touch.o(i.i2c_SendByte)
    i2c_Start                                0x08003f6d   Thumb Code    40  bsp_i2c_touch.o(i.i2c_Start)
    i2c_Stop                                 0x08003f99   Thumb Code    24  bsp_i2c_touch.o(i.i2c_Stop)
    i2c_WaitAck                              0x08003fb5   Thumb Code    52  bsp_i2c_touch.o(i.i2c_WaitAck)
    init                                     0x08003fed   Thumb Code    26  init.o(i.init)
    main                                     0x08004007   Thumb Code    14  main.o(i.main)
    pvPortMalloc                             0x08004429   Thumb Code   206  heap_4.o(i.pvPortMalloc)
    pxPortInitialiseStack                    0x08004531   Thumb Code    30  port.o(i.pxPortInitialiseStack)
    task_init                                0x080045b9   Thumb Code     8  tasks_init.o(i.task_init)
    test_task                                0x080045c5   Thumb Code    44  tasks_test.o(i.test_task)
    uxListRemove                             0x08004641   Thumb Code    36  list.o(i.uxListRemove)
    vListInitialise                          0x08004665   Thumb Code    22  list.o(i.vListInitialise)
    vListInitialiseItem                      0x0800467b   Thumb Code     6  list.o(i.vListInitialiseItem)
    vListInsert                              0x08004681   Thumb Code    48  list.o(i.vListInsert)
    vListInsertEnd                           0x080046b1   Thumb Code    24  list.o(i.vListInsertEnd)
    vPortEnterCritical                       0x080046c9   Thumb Code    50  port.o(i.vPortEnterCritical)
    vPortExitCritical                        0x0800473d   Thumb Code    38  port.o(i.vPortExitCritical)
    vPortFree                                0x080047a1   Thumb Code    94  heap_4.o(i.vPortFree)
    vPortSetupTimerInterrupt                 0x08004839   Thumb Code    26  port.o(i.vPortSetupTimerInterrupt)
    vTaskDelay                               0x08004859   Thumb Code    66  tasks.o(i.vTaskDelay)
    vTaskStartScheduler                      0x080048cd   Thumb Code    88  tasks.o(i.vTaskStartScheduler)
    vTaskSuspendAll                          0x0800495d   Thumb Code    10  tasks.o(i.vTaskSuspendAll)
    vTaskSwitchContext                       0x0800496d   Thumb Code    84  tasks.o(i.vTaskSwitchContext)
    xPortStartScheduler                      0x080049f1   Thumb Code   192  port.o(i.xPortStartScheduler)
    xPortSysTickHandler                      0x08004afd   Thumb Code    38  port.o(i.xPortSysTickHandler)
    xTaskCreate                              0x08004b29   Thumb Code    96  tasks.o(i.xTaskCreate)
    xTaskGetSchedulerState                   0x08004b89   Thumb Code    24  tasks.o(i.xTaskGetSchedulerState)
    xTaskIncrementTick                       0x08004ba5   Thumb Code   192  tasks.o(i.xTaskIncrementTick)
    xTaskResumeAll                           0x08004c95   Thumb Code   184  tasks.o(i.xTaskResumeAll)
    SD_Driver                                0x08004dc0   Data          20  sd_diskio.o(.constdata)
    touch_param                              0x08004de4   Data          12  gt9xx.o(.constdata)
    AHBPrescTable                            0x08004df8   Data          16  system_stm32f4xx.o(.constdata)
    APBPrescTable                            0x08004e08   Data           8  system_stm32f4xx.o(.constdata)
    Region$$Table$$Base                      0x08004ec0   Number         0  anon$$obj.o(Region$$Table)
    Region$$Table$$Limit                     0x08004ee0   Number         0  anon$$obj.o(Region$$Table)
    SDPath                                   0x20000000   Data           4  init.o(.data)
    test_task_handle                         0x20000004   Data           4  tasks_init.o(.data)
    pxCurrentTCB                             0x2000002c   Data           4  tasks.o(.data)
    LCD_SCAN_MODE                            0x2000008c   Data           1  bsp_ili9806g_lcd.o(.data)
    LCD_X_LENGTH                             0x2000008e   Data           2  bsp_ili9806g_lcd.o(.data)
    LCD_Y_LENGTH                             0x20000090   Data           2  bsp_ili9806g_lcd.o(.data)
    touchIC                                  0x20000098   Data           1  gt9xx.o(.data)
    touchpad_x                               0x2000009a   Data           2  gt9xx.o(.data)
    touchpad_y                               0x2000009c   Data           2  gt9xx.o(.data)
    touchpad_is_down                         0x2000009e   Data           2  gt9xx.o(.data)
    x                                        0x200000a4   Data           4  gt9xx.o(.data)
    y                                        0x200000a8   Data           4  gt9xx.o(.data)
    uwTickFreq                               0x200000ac   Data           1  stm32f4xx_hal.o(.data)
    uwTickPrio                               0x200000b0   Data           4  stm32f4xx_hal.o(.data)
    uwTick                                   0x200000b4   Data           4  stm32f4xx_hal.o(.data)
    SystemCoreClock                          0x200000b8   Data           4  system_stm32f4xx.o(.data)
    __stdout                                 0x200000bc   Data           4  stdout.o(.data)
    disk                                     0x200002f0   Data          12  ff_gen_drv.o(.bss)
    uSdHandle                                0x200086a0   Data         132  bsp_sdio_sd.o(.bss)
    __initial_sp                             0x20008b68   Data           0  startup_stm32f407xx.o(STACK)



==============================================================================

Memory Map of the image

  Image Entry point : 0x08000189

  Load Region LR_IROM1 (Base: 0x08000000, Size: 0x00004fa0, Max: 0x00100000, ABSOLUTE)

    Execution Region ER_IROM1 (Exec base: 0x08000000, Load base: 0x08000000, Size: 0x00004ee0, Max: 0x00100000, ABSOLUTE)

    Exec Addr    Load Addr    Size         Type   Attr      Idx    E Section Name        Object

    0x08000000   0x08000000   0x00000188   Data   RO        10621    RESET               startup_stm32f407xx.o
    0x08000188   0x08000188   0x00000000   Code   RO        10626  * .ARM.Collect$$$$00000000  mc_w.l(entry.o)
    0x08000188   0x08000188   0x00000004   Code   RO        10900    .ARM.Collect$$$$00000001  mc_w.l(entry2.o)
    0x0800018c   0x0800018c   0x00000004   Code   RO        10903    .ARM.Collect$$$$00000004  mc_w.l(entry5.o)
    0x08000190   0x08000190   0x00000000   Code   RO        10905    .ARM.Collect$$$$00000008  mc_w.l(entry7b.o)
    0x08000190   0x08000190   0x00000000   Code   RO        10907    .ARM.Collect$$$$0000000A  mc_w.l(entry8b.o)
    0x08000190   0x08000190   0x00000008   Code   RO        10908    .ARM.Collect$$$$0000000B  mc_w.l(entry9a.o)
    0x08000198   0x08000198   0x00000000   Code   RO        10910    .ARM.Collect$$$$0000000D  mc_w.l(entry10a.o)
    0x08000198   0x08000198   0x00000000   Code   RO        10912    .ARM.Collect$$$$0000000F  mc_w.l(entry11a.o)
    0x08000198   0x08000198   0x00000004   Code   RO        10901    .ARM.Collect$$$$00002712  mc_w.l(entry2.o)
    0x0800019c   0x0800019c   0x000000b6   Code   RO         1781    .emb_text           port.o
    0x08000252   0x08000252   0x00000002   PAD
    0x08000254   0x08000254   0x00000024   Code   RO        10622    .text               startup_stm32f407xx.o
    0x08000278   0x08000278   0x00000062   Code   RO        10629    .text               mc_w.l(uldiv.o)
    0x080002da   0x080002da   0x00000024   Code   RO        10631    .text               mc_w.l(memcpya.o)
    0x080002fe   0x080002fe   0x00000024   Code   RO        10633    .text               mc_w.l(memseta.o)
    0x08000322   0x08000322   0x0000001e   Code   RO        10917    .text               mc_w.l(llshl.o)
    0x08000340   0x08000340   0x00000020   Code   RO        10919    .text               mc_w.l(llushr.o)
    0x08000360   0x08000360   0x00000024   Code   RO        10932    .text               mc_w.l(init.o)
    0x08000384   0x08000384   0x0000000c   Code   RO         2330    i.BSP_SD_GetCardInfo  bsp_sdio_sd.o
    0x08000390   0x08000390   0x00000018   Code   RO         2331    i.BSP_SD_GetCardState  bsp_sdio_sd.o
    0x080003a8   0x080003a8   0x0000004c   Code   RO         2332    i.BSP_SD_Init       bsp_sdio_sd.o
    0x080003f4   0x080003f4   0x00000154   Code   RO         2333    i.BSP_SD_MspInit    bsp_sdio_sd.o
    0x08000548   0x08000548   0x00000020   Code   RO         2334    i.BSP_SD_ReadBlocks  bsp_sdio_sd.o
    0x08000568   0x08000568   0x00000020   Code   RO         2337    i.BSP_SD_WriteBlocks  bsp_sdio_sd.o
    0x08000588   0x08000588   0x00000002   Code   RO          279    i.BusFault_Handler  stm32f4xx_it.o
    0x0800058a   0x0800058a   0x00000002   PAD
    0x0800058c   0x0800058c   0x00000024   Code   RO         2491    i.CPU_TS_TmrInit    delay.o
    0x080005b0   0x080005b0   0x00000028   Code   RO         2444    i.DEBUG_USART_Config  debug.o
    0x080005d8   0x080005d8   0x0000002c   Code   RO         3862    i.DMA_CalcBaseAndBitshift  stm32f4xx_hal_dma.o
    0x08000604   0x08000604   0x00000078   Code   RO         3863    i.DMA_CheckFifoParam  stm32f4xx_hal_dma.o
    0x0800067c   0x0800067c   0x00000002   Code   RO          280    i.DebugMon_Handler  stm32f4xx_it.o
    0x0800067e   0x0800067e   0x00000002   Code   RO          281    i.EXTI0_IRQHandler  stm32f4xx_it.o
    0x08000680   0x08000680   0x00000018   Code   RO          282    i.EXTI9_5_IRQHandler  stm32f4xx_it.o
    0x08000698   0x08000698   0x00000006   Code   RO          915    i.FATFS_LinkDriver  ff_gen_drv.o
    0x0800069e   0x0800069e   0x00000002   PAD
    0x080006a0   0x080006a0   0x00000040   Code   RO          916    i.FATFS_LinkDriverEx  ff_gen_drv.o
    0x080006e0   0x080006e0   0x0000006c   Code   RO         2177    i.GTP_I2C_Read      gt9xx.o
    0x0800074c   0x0800074c   0x00000050   Code   RO         2180    i.GTP_I2C_Write     gt9xx.o
    0x0800079c   0x0800079c   0x00000004   Code   RO         2187    i.GTP_TouchProcess  gt9xx.o
    0x080007a0   0x080007a0   0x000001a8   Code   RO         2192    i.Goodix_TS_Work_Func  gt9xx.o
    0x08000948   0x08000948   0x0000005a   Code   RO         3867    i.HAL_DMA_DeInit    stm32f4xx_hal_dma.o
    0x080009a2   0x080009a2   0x00000002   PAD
    0x080009a4   0x080009a4   0x000000d4   Code   RO         3871    i.HAL_DMA_Init      stm32f4xx_hal_dma.o
    0x08000a78   0x08000a78   0x00000024   Code   RO         2537    i.HAL_Delay         stm32f4xx_hal.o
    0x08000a9c   0x08000a9c   0x000001c4   Code   RO         4523    i.HAL_GPIO_Init     stm32f4xx_hal_gpio.o
    0x08000c60   0x08000c60   0x0000000e   Code   RO         4525    i.HAL_GPIO_ReadPin  stm32f4xx_hal_gpio.o
    0x08000c6e   0x08000c6e   0x0000000e   Code   RO         4527    i.HAL_GPIO_WritePin  stm32f4xx_hal_gpio.o
    0x08000c7c   0x08000c7c   0x0000000c   Code   RO         2542    i.HAL_GetREVID      stm32f4xx_hal.o
    0x08000c88   0x08000c88   0x0000000c   Code   RO         2543    i.HAL_GetTick       stm32f4xx_hal.o
    0x08000c94   0x08000c94   0x00000010   Code   RO         2547    i.HAL_IncTick       stm32f4xx_hal.o
    0x08000ca4   0x08000ca4   0x0000002c   Code   RO         2548    i.HAL_Init          stm32f4xx_hal.o
    0x08000cd0   0x08000cd0   0x00000044   Code   RO         2549    i.HAL_InitTick      stm32f4xx_hal.o
    0x08000d14   0x08000d14   0x00000002   Code   RO         2551    i.HAL_MspInit       stm32f4xx_hal.o
    0x08000d16   0x08000d16   0x00000016   Code   RO         3233    i.HAL_NVIC_EnableIRQ  stm32f4xx_hal_cortex.o
    0x08000d2c   0x08000d2c   0x00000040   Code   RO         3239    i.HAL_NVIC_SetPriority  stm32f4xx_hal_cortex.o
    0x08000d6c   0x08000d6c   0x00000024   Code   RO         3240    i.HAL_NVIC_SetPriorityGrouping  stm32f4xx_hal_cortex.o
    0x08000d90   0x08000d90   0x00000144   Code   RO         6725    i.HAL_RCC_ClockConfig  stm32f4xx_hal_rcc.o
    0x08000ed4   0x08000ed4   0x0000000c   Code   RO         6730    i.HAL_RCC_GetHCLKFreq  stm32f4xx_hal_rcc.o
    0x08000ee0   0x08000ee0   0x00000020   Code   RO         6732    i.HAL_RCC_GetPCLK1Freq  stm32f4xx_hal_rcc.o
    0x08000f00   0x08000f00   0x00000020   Code   RO         6733    i.HAL_RCC_GetPCLK2Freq  stm32f4xx_hal_rcc.o
    0x08000f20   0x08000f20   0x0000006c   Code   RO         6734    i.HAL_RCC_GetSysClockFreq  stm32f4xx_hal_rcc.o
    0x08000f8c   0x08000f8c   0x00000390   Code   RO         6737    i.HAL_RCC_OscConfig  stm32f4xx_hal_rcc.o
    0x0800131c   0x0800131c   0x000000a2   Code   RO         7381    i.HAL_SD_ConfigWideBusOperation  stm32f4xx_hal_sd.o
    0x080013be   0x080013be   0x000001de   Code   RO         7386    i.HAL_SD_GetCardCSD  stm32f4xx_hal_sd.o
    0x0800159c   0x0800159c   0x00000024   Code   RO         7387    i.HAL_SD_GetCardInfo  stm32f4xx_hal_sd.o
    0x080015c0   0x080015c0   0x00000020   Code   RO         7388    i.HAL_SD_GetCardState  stm32f4xx_hal_sd.o
    0x080015e0   0x080015e0   0x00000038   Code   RO         7393    i.HAL_SD_Init       stm32f4xx_hal_sd.o
    0x08001618   0x08001618   0x00000074   Code   RO         7394    i.HAL_SD_InitCard   stm32f4xx_hal_sd.o
    0x0800168c   0x0800168c   0x00000002   Code   RO         7396    i.HAL_SD_MspInit    stm32f4xx_hal_sd.o
    0x0800168e   0x0800168e   0x000001f4   Code   RO         7397    i.HAL_SD_ReadBlocks  stm32f4xx_hal_sd.o
    0x08001882   0x08001882   0x000001c8   Code   RO         7402    i.HAL_SD_WriteBlocks  stm32f4xx_hal_sd.o
    0x08001a4a   0x08001a4a   0x0000001c   Code   RO         3242    i.HAL_SYSTICK_CLKSourceConfig  stm32f4xx_hal_cortex.o
    0x08001a66   0x08001a66   0x00000028   Code   RO         3244    i.HAL_SYSTICK_Config  stm32f4xx_hal_cortex.o
    0x08001a8e   0x08001a8e   0x00000064   Code   RO         9274    i.HAL_UART_Init     stm32f4xx_hal_uart.o
    0x08001af2   0x08001af2   0x00000002   PAD
    0x08001af4   0x08001af4   0x00000074   Code   RO         2445    i.HAL_UART_MspInit  debug.o
    0x08001b68   0x08001b68   0x000000cc   Code   RO         9282    i.HAL_UART_Transmit  stm32f4xx_hal_uart.o
    0x08001c34   0x08001c34   0x0000004a   Code   RO         2069    i.I2C_ReadBytes     bsp_i2c_touch.o
    0x08001c7e   0x08001c7e   0x00000044   Code   RO         2193    i.I2C_Transfer      gt9xx.o
    0x08001cc2   0x08001cc2   0x00000058   Code   RO         2072    i.I2C_WriteBytes    bsp_i2c_touch.o
    0x08001d1a   0x08001d1a   0x00000002   Code   RO          283    i.MemManage_Handler  stm32f4xx_it.o
    0x08001d1c   0x08001d1c   0x00000002   Code   RO          284    i.NMI_Handler       stm32f4xx_it.o
    0x08001d1e   0x08001d1e   0x00000020   Code   RO         3246    i.NVIC_SetPriority  stm32f4xx_hal_cortex.o
    0x08001d3e   0x08001d3e   0x00000024   Code   RO        10020    i.SDIO_ConfigData   stm32f4xx_ll_sdmmc.o
    0x08001d62   0x08001d62   0x00000006   Code   RO        10021    i.SDIO_GetCommandResponse  stm32f4xx_ll_sdmmc.o
    0x08001d68   0x08001d68   0x00000008   Code   RO        10024    i.SDIO_GetPowerState  stm32f4xx_ll_sdmmc.o
    0x08001d70   0x08001d70   0x0000000e   Code   RO        10025    i.SDIO_GetResponse  stm32f4xx_ll_sdmmc.o
    0x08001d7e   0x08001d7e   0x0000002a   Code   RO        10026    i.SDIO_Init         stm32f4xx_ll_sdmmc.o
    0x08001da8   0x08001da8   0x00000008   Code   RO        10028    i.SDIO_PowerState_ON  stm32f4xx_ll_sdmmc.o
    0x08001db0   0x08001db0   0x00000006   Code   RO        10029    i.SDIO_ReadFIFO     stm32f4xx_ll_sdmmc.o
    0x08001db6   0x08001db6   0x00000020   Code   RO        10030    i.SDIO_SendCommand  stm32f4xx_ll_sdmmc.o
    0x08001dd6   0x08001dd6   0x0000000a   Code   RO        10032    i.SDIO_WriteFIFO    stm32f4xx_ll_sdmmc.o
    0x08001de0   0x08001de0   0x00000032   Code   RO        10033    i.SDMMC_CmdAppCommand  stm32f4xx_ll_sdmmc.o
    0x08001e12   0x08001e12   0x00000002   PAD
    0x08001e14   0x08001e14   0x00000034   Code   RO        10034    i.SDMMC_CmdAppOperCommand  stm32f4xx_ll_sdmmc.o
    0x08001e48   0x08001e48   0x00000032   Code   RO        10035    i.SDMMC_CmdBlockLength  stm32f4xx_ll_sdmmc.o
    0x08001e7a   0x08001e7a   0x00000032   Code   RO        10036    i.SDMMC_CmdBusWidth  stm32f4xx_ll_sdmmc.o
    0x08001eac   0x08001eac   0x00000028   Code   RO        10040    i.SDMMC_CmdGoIdleState  stm32f4xx_ll_sdmmc.o
    0x08001ed4   0x08001ed4   0x00000030   Code   RO        10042    i.SDMMC_CmdOperCond  stm32f4xx_ll_sdmmc.o
    0x08001f04   0x08001f04   0x00000032   Code   RO        10043    i.SDMMC_CmdReadMultiBlock  stm32f4xx_ll_sdmmc.o
    0x08001f36   0x08001f36   0x00000032   Code   RO        10044    i.SDMMC_CmdReadSingleBlock  stm32f4xx_ll_sdmmc.o
    0x08001f68   0x08001f68   0x00000032   Code   RO        10047    i.SDMMC_CmdSelDesel  stm32f4xx_ll_sdmmc.o
    0x08001f9a   0x08001f9a   0x0000002c   Code   RO        10048    i.SDMMC_CmdSendCID  stm32f4xx_ll_sdmmc.o
    0x08001fc6   0x08001fc6   0x0000002c   Code   RO        10049    i.SDMMC_CmdSendCSD  stm32f4xx_ll_sdmmc.o
    0x08001ff2   0x08001ff2   0x00000030   Code   RO        10050    i.SDMMC_CmdSendSCR  stm32f4xx_ll_sdmmc.o
    0x08002022   0x08002022   0x00000032   Code   RO        10051    i.SDMMC_CmdSendStatus  stm32f4xx_ll_sdmmc.o
    0x08002054   0x08002054   0x00000030   Code   RO        10052    i.SDMMC_CmdSetRelAdd  stm32f4xx_ll_sdmmc.o
    0x08002084   0x08002084   0x00000034   Code   RO        10054    i.SDMMC_CmdStopTransfer  stm32f4xx_ll_sdmmc.o
    0x080020b8   0x080020b8   0x00000032   Code   RO        10056    i.SDMMC_CmdWriteMultiBlock  stm32f4xx_ll_sdmmc.o
    0x080020ea   0x080020ea   0x00000032   Code   RO        10057    i.SDMMC_CmdWriteSingleBlock  stm32f4xx_ll_sdmmc.o
    0x0800211c   0x0800211c   0x00000034   Code   RO        10058    i.SDMMC_GetCmdError  stm32f4xx_ll_sdmmc.o
    0x08002150   0x08002150   0x00000124   Code   RO        10059    i.SDMMC_GetCmdResp1  stm32f4xx_ll_sdmmc.o
    0x08002274   0x08002274   0x00000050   Code   RO        10060    i.SDMMC_GetCmdResp2  stm32f4xx_ll_sdmmc.o
    0x080022c4   0x080022c4   0x00000044   Code   RO        10061    i.SDMMC_GetCmdResp3  stm32f4xx_ll_sdmmc.o
    0x08002308   0x08002308   0x0000008c   Code   RO        10062    i.SDMMC_GetCmdResp6  stm32f4xx_ll_sdmmc.o
    0x08002394   0x08002394   0x00000048   Code   RO        10063    i.SDMMC_GetCmdResp7  stm32f4xx_ll_sdmmc.o
    0x080023dc   0x080023dc   0x00000118   Code   RO         7410    i.SD_FindSCR        stm32f4xx_hal_sd.o
    0x080024f4   0x080024f4   0x000000e2   Code   RO         7411    i.SD_InitCard       stm32f4xx_hal_sd.o
    0x080025d6   0x080025d6   0x000000c4   Code   RO         7413    i.SD_PowerON        stm32f4xx_hal_sd.o
    0x0800269a   0x0800269a   0x0000002e   Code   RO         7416    i.SD_SendStatus     stm32f4xx_hal_sd.o
    0x080026c8   0x080026c8   0x00000052   Code   RO         7417    i.SD_WideBus_Disable  stm32f4xx_hal_sd.o
    0x0800271a   0x0800271a   0x00000052   Code   RO         7418    i.SD_WideBus_Enable  stm32f4xx_hal_sd.o
    0x0800276c   0x0800276c   0x00000020   Code   RO         1050    i.SD_initialize     sd_diskio.o
    0x0800278c   0x0800278c   0x00000058   Code   RO         1051    i.SD_ioctl          sd_diskio.o
    0x080027e4   0x080027e4   0x00000038   Code   RO         1052    i.SD_read           sd_diskio.o
    0x0800281c   0x0800281c   0x00000020   Code   RO         1053    i.SD_status         sd_diskio.o
    0x0800283c   0x0800283c   0x00000038   Code   RO         1054    i.SD_write          sd_diskio.o
    0x08002874   0x08002874   0x0000002a   Code   RO          285    i.SysTick_Handler   stm32f4xx_it.o
    0x0800289e   0x0800289e   0x00000002   PAD
    0x080028a0   0x080028a0   0x000000bc   Code   RO          366    i.SystemClock_Config  init.o
    0x0800295c   0x0800295c   0x00000054   Code   RO        10585    i.SystemInit        system_stm32f4xx.o
    0x080029b0   0x080029b0   0x00000314   Code   RO         9301    i.UART_SetConfig    stm32f4xx_hal_uart.o
    0x08002cc4   0x08002cc4   0x00000064   Code   RO         9303    i.UART_WaitOnFlagUntilTimeout  stm32f4xx_hal_uart.o
    0x08002d28   0x08002d28   0x00000002   Code   RO          286    i.UsageFault_Handler  stm32f4xx_it.o
    0x08002d2a   0x08002d2a   0x00000002   PAD
    0x08002d2c   0x08002d2c   0x00000048   Code   RO         2343    i.WIFI_PDN_INIT     bsp_sdio_sd.o
    0x08002d74   0x08002d74   0x00000020   Code   RO        10846    i.__0printf$8       mc_w.l(printf8.o)
    0x08002d94   0x08002d94   0x0000000e   Code   RO        10940    i.__scatterload_copy  mc_w.l(handlers.o)
    0x08002da2   0x08002da2   0x00000002   Code   RO        10941    i.__scatterload_null  mc_w.l(handlers.o)
    0x08002da4   0x08002da4   0x0000000e   Code   RO        10942    i.__scatterload_zeroinit  mc_w.l(handlers.o)
    0x08002db2   0x08002db2   0x00000002   PAD
    0x08002db4   0x08002db4   0x00000410   Code   RO        10853    i._printf_core      mc_w.l(printf8.o)
    0x080031c4   0x080031c4   0x00000024   Code   RO        10854    i._printf_post_padding  mc_w.l(printf8.o)
    0x080031e8   0x080031e8   0x0000002e   Code   RO        10855    i._printf_pre_padding  mc_w.l(printf8.o)
    0x08003216   0x08003216   0x00000002   PAD
    0x08003218   0x08003218   0x00000080   Code   RO          569    i.check_fs          ff.o
    0x08003298   0x08003298   0x000000e8   Code   RO          445    i.createTasksFromArray  tasks_init.o
    0x08003380   0x08003380   0x0000002c   Code   RO          514    i.disk_initialize   diskio.o
    0x080033ac   0x080033ac   0x0000001c   Code   RO          515    i.disk_ioctl        diskio.o
    0x080033c8   0x080033c8   0x0000001c   Code   RO          516    i.disk_read         diskio.o
    0x080033e4   0x080033e4   0x00000018   Code   RO          517    i.disk_status       diskio.o
    0x080033fc   0x080033fc   0x0000001c   Code   RO          518    i.disk_write        diskio.o
    0x08003418   0x08003418   0x00000526   Code   RO          590    i.f_mkfs            ff.o
    0x0800393e   0x0800393e   0x00000002   PAD
    0x08003940   0x08003940   0x00000050   Code   RO          591    i.f_mount           ff.o
    0x08003990   0x08003990   0x00000170   Code   RO          367    i.fatfs_init        init.o
    0x08003b00   0x08003b00   0x00000314   Code   RO          606    i.find_volume       ff.o
    0x08003e14   0x08003e14   0x00000018   Code   RO         2447    i.fputc             debug.o
    0x08003e2c   0x08003e2c   0x00000042   Code   RO          612    i.get_ldnumber      ff.o
    0x08003e6e   0x08003e6e   0x00000002   PAD
    0x08003e70   0x08003e70   0x0000002c   Code   RO         2073    i.i2c_Ack           bsp_i2c_touch.o
    0x08003e9c   0x08003e9c   0x0000000c   Code   RO         2074    i.i2c_Delay         bsp_i2c_touch.o
    0x08003ea8   0x08003ea8   0x00000028   Code   RO         2075    i.i2c_NAck          bsp_i2c_touch.o
    0x08003ed0   0x08003ed0   0x00000048   Code   RO         2076    i.i2c_ReadByte      bsp_i2c_touch.o
    0x08003f18   0x08003f18   0x00000054   Code   RO         2077    i.i2c_SendByte      bsp_i2c_touch.o
    0x08003f6c   0x08003f6c   0x0000002c   Code   RO         2078    i.i2c_Start         bsp_i2c_touch.o
    0x08003f98   0x08003f98   0x0000001c   Code   RO         2079    i.i2c_Stop          bsp_i2c_touch.o
    0x08003fb4   0x08003fb4   0x00000038   Code   RO         2080    i.i2c_WaitAck       bsp_i2c_touch.o
    0x08003fec   0x08003fec   0x0000001a   Code   RO          368    i.init              init.o
    0x08004006   0x08004006   0x0000000e   Code   RO            4    i.main              main.o
    0x08004014   0x08004014   0x00000012   Code   RO          615    i.mem_cpy           ff.o
    0x08004026   0x08004026   0x00000010   Code   RO          616    i.mem_set           ff.o
    0x08004036   0x08004036   0x00000038   Code   RO          617    i.move_window       ff.o
    0x0800406e   0x0800406e   0x00000002   PAD
    0x08004070   0x08004070   0x00000070   Code   RO         1443    i.prvAddCurrentTaskToDelayedList  tasks.o
    0x080040e0   0x080040e0   0x00000088   Code   RO         1444    i.prvAddNewTaskToReadyList  tasks.o
    0x08004168   0x08004168   0x00000054   Code   RO         1445    i.prvCheckTasksWaitingTermination  tasks.o
    0x080041bc   0x080041bc   0x00000014   Code   RO         1446    i.prvDeleteTCB      tasks.o
    0x080041d0   0x080041d0   0x0000004c   Code   RO         1870    i.prvHeapInit       heap_4.o
    0x0800421c   0x0800421c   0x00000028   Code   RO         1447    i.prvIdleTask       tasks.o
    0x08004244   0x08004244   0x000000b4   Code   RO         1448    i.prvInitialiseNewTask  tasks.o
    0x080042f8   0x080042f8   0x00000058   Code   RO         1449    i.prvInitialiseTaskLists  tasks.o
    0x08004350   0x08004350   0x00000054   Code   RO         1871    i.prvInsertBlockIntoFreeList  heap_4.o
    0x080043a4   0x080043a4   0x00000024   Code   RO         1450    i.prvResetNextTaskUnblockTime  tasks.o
    0x080043c8   0x080043c8   0x00000060   Code   RO         1782    i.prvTaskExitError  port.o
    0x08004428   0x08004428   0x00000108   Code   RO         1872    i.pvPortMalloc      heap_4.o
    0x08004530   0x08004530   0x00000024   Code   RO         1783    i.pxPortInitialiseStack  port.o
    0x08004554   0x08004554   0x00000062   Code   RO          625    i.sync_window       ff.o
    0x080045b6   0x080045b6   0x00000002   PAD
    0x080045b8   0x080045b8   0x0000000c   Code   RO          446    i.task_init         tasks_init.o
    0x080045c4   0x080045c4   0x0000007c   Code   RO          487    i.test_task         tasks_test.o
    0x08004640   0x08004640   0x00000024   Code   RO         1229    i.uxListRemove      list.o
    0x08004664   0x08004664   0x00000016   Code   RO         1230    i.vListInitialise   list.o
    0x0800467a   0x0800467a   0x00000006   Code   RO         1231    i.vListInitialiseItem  list.o
    0x08004680   0x08004680   0x00000030   Code   RO         1232    i.vListInsert       list.o
    0x080046b0   0x080046b0   0x00000018   Code   RO         1233    i.vListInsertEnd    list.o
    0x080046c8   0x080046c8   0x00000074   Code   RO         1785    i.vPortEnterCritical  port.o
    0x0800473c   0x0800473c   0x00000064   Code   RO         1786    i.vPortExitCritical  port.o
    0x080047a0   0x080047a0   0x00000098   Code   RO         1873    i.vPortFree         heap_4.o
    0x08004838   0x08004838   0x00000020   Code   RO         1787    i.vPortSetupTimerInterrupt  port.o
    0x08004858   0x08004858   0x00000074   Code   RO         1458    i.vTaskDelay        tasks.o
    0x080048cc   0x080048cc   0x00000090   Code   RO         1470    i.vTaskStartScheduler  tasks.o
    0x0800495c   0x0800495c   0x00000010   Code   RO         1472    i.vTaskSuspendAll   tasks.o
    0x0800496c   0x0800496c   0x00000084   Code   RO         1473    i.vTaskSwitchContext  tasks.o
    0x080049f0   0x080049f0   0x0000010c   Code   RO         1789    i.xPortStartScheduler  port.o
    0x08004afc   0x08004afc   0x0000002c   Code   RO         1790    i.xPortSysTickHandler  port.o
    0x08004b28   0x08004b28   0x00000060   Code   RO         1475    i.xTaskCreate       tasks.o
    0x08004b88   0x08004b88   0x0000001c   Code   RO         1479    i.xTaskGetSchedulerState  tasks.o
    0x08004ba4   0x08004ba4   0x000000f0   Code   RO         1482    i.xTaskIncrementTick  tasks.o
    0x08004c94   0x08004c94   0x000000f0   Code   RO         1488    i.xTaskResumeAll    tasks.o
    0x08004d84   0x08004d84   0x0000003a   Data   RO          628    .constdata          ff.o
    0x08004dbe   0x08004dbe   0x00000002   PAD
    0x08004dc0   0x08004dc0   0x00000014   Data   RO         1055    .constdata          sd_diskio.o
    0x08004dd4   0x08004dd4   0x0000001c   Data   RO         2198    .constdata          gt9xx.o
    0x08004df0   0x08004df0   0x00000008   Data   RO         3877    .constdata          stm32f4xx_hal_dma.o
    0x08004df8   0x08004df8   0x00000010   Data   RO        10586    .constdata          system_stm32f4xx.o
    0x08004e08   0x08004e08   0x00000008   Data   RO        10587    .constdata          system_stm32f4xx.o
    0x08004e10   0x08004e10   0x0000000a   Data   RO          447    .conststring        tasks_init.o
    0x08004e1a   0x08004e1a   0x00000002   PAD
    0x08004e1c   0x08004e1c   0x000000a1   Data   RO         2212    .conststring        gt9xx.o
    0x08004ebd   0x08004ebd   0x00000003   PAD
    0x08004ec0   0x08004ec0   0x00000020   Data   RO        10938    Region$$Table       anon$$obj.o


    Execution Region RW_IRAM2 (Exec base: 0x10000000, Load base: 0x08004fa0, Size: 0x00000000, Max: 0x00010000, ABSOLUTE)

    **** No section assigned to this execution region ****


    Execution Region RW_IRAM1 (Exec base: 0x20000000, Load base: 0x08004ee0, Size: 0x00008b68, Max: 0x00020000, ABSOLUTE)

    Exec Addr    Load Addr    Size         Type   Attr      Idx    E Section Name        Object

    0x20000000   0x08004ee0   0x00000004   Data   RW          370    .data               init.o
    0x20000004   0x08004ee4   0x00000004   Data   RW          448    .data               tasks_init.o
    0x20000008   0x08004ee8   0x00000018   Data   RW          451    .data               tasks_init.o
    0x20000020   0x08004f00   0x00000008   Data   RW          629    .data               ff.o
    0x20000028   0x08004f08   0x00000001   Data   RW         1056    .data               sd_diskio.o
    0x20000029   0x08004f09   0x00000003   PAD
    0x2000002c   0x08004f0c   0x0000003c   Data   RW         1491    .data               tasks.o
    0x20000068   0x08004f48   0x0000000c   Data   RW         1791    .data               port.o
    0x20000074   0x08004f54   0x00000018   Data   RW         1878    .data               heap_4.o
    0x2000008c   0x08004f6c   0x0000000a   Data   RW         1952    .data               bsp_ili9806g_lcd.o
    0x20000096   0x08004f76   0x00000002   PAD
    0x20000098   0x08004f78   0x00000014   Data   RW         2213    .data               gt9xx.o
    0x200000ac   0x08004f8c   0x0000000c   Data   RW         2555    .data               stm32f4xx_hal.o
    0x200000b8   0x08004f98   0x00000004   Data   RW        10588    .data               system_stm32f4xx.o
    0x200000bc   0x08004f9c   0x00000004   Data   RW        10914    .data               mc_w.l(stdout.o)
    0x200000c0        -       0x00000230   Zero   RW          369    .bss                init.o
    0x200002f0        -       0x0000000c   Zero   RW          919    .bss                ff_gen_drv.o
    0x200002fc        -       0x000002e4   Zero   RW         1490    .bss                tasks.o
    0x200005e0        -       0x00008000   Zero   RW         1877    .bss                heap_4.o
    0x200085e0        -       0x00000144   Zero   RW         2344    .bss                bsp_sdio_sd.o
    0x20008724        -       0x00000040   Zero   RW         2448    .bss                debug.o
    0x20008764   0x08004fa0   0x00000004   PAD
    0x20008768        -       0x00000400   Zero   RW        10619    STACK               startup_stm32f407xx.o


==============================================================================

Image component sizes


      Code (inc. data)   RO Data    RW Data    ZI Data      Debug   Object Name

       542         32          0          0          0       6441   bsp_i2c_touch.o
         0          0          0         10          0        446   bsp_ili9806g_lcd.o
       588         60          0          0        324       5227   bsp_sdio_sd.o
       180         22          0          0         64       2828   debug.o
        36         10          0          0          0        465   delay.o
       152         26          0          0          0       3493   diskio.o
         0          0          0          0          0       1484   event_groups.o
      2568         90         58          8          0      12471   ff.o
        70          4          0          0         12       1543   ff_gen_drv.o
       684        126        189         20          0       5203   gt9xx.o
       576        130          0         24      32768       4031   heap_4.o
       582        226          0          4        560       8424   init.o
       136          0          0          0          0       3198   list.o
        14          0          0          0          0     699215   main.o
       874        298          0         12          0       9904   port.o
       264         36         20          1          0       4516   sd_diskio.o
        36          8        392          0       1024        924   startup_stm32f407xx.o
       190         32          0         12          0       5626   stm32f4xx_hal.o
       222         14          0          0          0      31145   stm32f4xx_hal_cortex.o
       466         10          8          0          0       3896   stm32f4xx_hal_dma.o
       480         46          0          0          0       3203   stm32f4xx_hal_gpio.o
      1420         72          0          0          0       6212   stm32f4xx_hal_rcc.o
      2750          6          0          0          0      14853   stm32f4xx_hal_sd.o
      1192          8          0          0          0       3976   stm32f4xx_hal_uart.o
        78          4          0          0          0       9215   stm32f4xx_it.o
      1692         50          0          0          0      24335   stm32f4xx_ll_sdmmc.o
        84         18         24          4          0       1391   system_stm32f4xx.o
      1708        370          0         60        740      22778   tasks.o
       244        124         10         28          0       2175   tasks_init.o
       124         80          0          0          0        540   tasks_test.o

    ----------------------------------------------------------------------
     17976       1902        740        188      35496     899158   Object Totals
         0          0         32          0          0          0   (incl. Generated)
        24          0          7          5          4          0   (incl. Padding)

    ----------------------------------------------------------------------

      Code (inc. data)   RO Data    RW Data    ZI Data      Debug   Library Member Name

         0          0          0          0          0          0   entry.o
         0          0          0          0          0          0   entry10a.o
         0          0          0          0          0          0   entry11a.o
         8          4          0          0          0          0   entry2.o
         4          0          0          0          0          0   entry5.o
         0          0          0          0          0          0   entry7b.o
         0          0          0          0          0          0   entry8b.o
         8          4          0          0          0          0   entry9a.o
        30          0          0          0          0          0   handlers.o
        36          8          0          0          0         68   init.o
        30          0          0          0          0         68   llshl.o
        32          0          0          0          0         68   llushr.o
        36          0          0          0          0         68   memcpya.o
        36          0          0          0          0        108   memseta.o
      1154         54          0          0          0        352   printf8.o
         0          0          0          4          0          0   stdout.o
        98          0          0          0          0         92   uldiv.o

    ----------------------------------------------------------------------
      1476         70          0          4          0        824   Library Totals
         4          0          0          0          0          0   (incl. Padding)

    ----------------------------------------------------------------------

      Code (inc. data)   RO Data    RW Data    ZI Data      Debug   Library Name

      1472         70          0          4          0        824   mc_w.l

    ----------------------------------------------------------------------
      1476         70          0          4          0        824   Library Totals

    ----------------------------------------------------------------------

==============================================================================


      Code (inc. data)   RO Data    RW Data    ZI Data      Debug   

     19452       1972        740        192      35496     883222   Grand Totals
     19452       1972        740        192      35496     883222   ELF Image Totals
     19452       1972        740        192          0          0   ROM Totals

==============================================================================

    Total RO  Size (Code + RO Data)                20192 (  19.72kB)
    Total RW  Size (RW Data + ZI Data)             35688 (  34.85kB)
    Total ROM Size (Code + RO Data + RW Data)      20384 (  19.91kB)

==============================================================================

