Component: ARM Compiler 5.06 update 5 (build 528) Tool: armlink [4d35e2]

==============================================================================

Section Cross References

    main.o(i.main) refers to init.o(i.init) for init
    main.o(i.main) refers to tasks_init.o(i.task_init) for task_init
    main.o(i.main) refers to tasks.o(i.vTaskStartScheduler) for vTaskStartScheduler
    stm32f4xx_it.o(i.EXTI9_5_IRQHandler) refers to gt9xx.o(i.GTP_TouchProcess) for GTP_TouchProcess
    stm32f4xx_it.o(i.SysTick_Handler) refers to stm32f4xx_hal.o(i.HAL_IncTick) for HAL_IncTick
    stm32f4xx_it.o(i.SysTick_Handler) refers to tasks.o(i.xTaskGetSchedulerState) for xTaskGetSchedulerState
    stm32f4xx_it.o(i.SysTick_Handler) refers to port.o(i.xPortSysTickHandler) for xPortSysTickHandler
    init.o(i.SystemClock_Config) refers to stm32f4xx_hal_rcc.o(i.HAL_RCC_OscConfig) for HAL_RCC_OscConfig
    init.o(i.SystemClock_Config) refers to stm32f4xx_hal_rcc.o(i.HAL_RCC_ClockConfig) for HAL_RCC_ClockConfig
    init.o(i.SystemClock_Config) refers to stm32f4xx_hal_rcc.o(i.HAL_RCC_GetHCLKFreq) for HAL_RCC_GetHCLKFreq
    init.o(i.SystemClock_Config) refers to stm32f4xx_hal_cortex.o(i.HAL_SYSTICK_Config) for HAL_SYSTICK_Config
    init.o(i.SystemClock_Config) refers to stm32f4xx_hal_cortex.o(i.HAL_SYSTICK_CLKSourceConfig) for HAL_SYSTICK_CLKSourceConfig
    init.o(i.SystemClock_Config) refers to stm32f4xx_hal_cortex.o(i.HAL_NVIC_SetPriority) for HAL_NVIC_SetPriority
    init.o(i.SystemClock_Config) refers to stm32f4xx_hal.o(i.HAL_GetREVID) for HAL_GetREVID
    init.o(i.fatfs_init) refers to ff_gen_drv.o(i.FATFS_LinkDriver) for FATFS_LinkDriver
    init.o(i.fatfs_init) refers to ff.o(i.f_mount) for f_mount
    init.o(i.fatfs_init) refers to elog.o(i.elog_output) for elog_output
    init.o(i.fatfs_init) refers to ff.o(i.f_mkfs) for f_mkfs
    init.o(i.fatfs_init) refers to init.o(.data) for .data
    init.o(i.fatfs_init) refers to sd_diskio.o(.constdata) for SD_Driver
    init.o(i.fatfs_init) refers to init.o(.bss) for .bss
    init.o(i.fatfs_init) refers to init.o(.constdata) for .constdata
    init.o(i.init) refers to stm32f4xx_hal.o(i.HAL_Init) for HAL_Init
    init.o(i.init) refers to init.o(i.SystemClock_Config) for SystemClock_Config
    init.o(i.init) refers to delay.o(i.CPU_TS_TmrInit) for CPU_TS_TmrInit
    init.o(i.init) refers to elog.o(i.elog_init) for elog_init
    init.o(i.init) refers to elog.o(i.elog_set_fmt) for elog_set_fmt
    init.o(i.init) refers to elog.o(i.elog_start) for elog_start
    init.o(i.init) refers to cm_backtrace.o(i.cm_backtrace_init) for cm_backtrace_init
    init.o(i.init) refers to cm_backtrace.o(i.cm_backtrace_firmware_info) for cm_backtrace_firmware_info
    init.o(i.init) refers to init.o(i.fatfs_init) for fatfs_init
    tasks_init.o(i.createTasksFromArray) refers to port.o(i.vPortEnterCritical) for vPortEnterCritical
    tasks_init.o(i.createTasksFromArray) refers to tasks.o(i.xTaskCreate) for xTaskCreate
    tasks_init.o(i.createTasksFromArray) refers to elog.o(i.elog_output) for elog_output
    tasks_init.o(i.createTasksFromArray) refers to port.o(i.vPortExitCritical) for vPortExitCritical
    tasks_init.o(i.createTasksFromArray) refers to tasks_init.o(.constdata) for .constdata
    tasks_init.o(i.task_init) refers to tasks_init.o(i.createTasksFromArray) for createTasksFromArray
    tasks_init.o(i.task_init) refers to tasks_init.o(.data) for .data
    tasks_init.o(.data) refers to tasks_test.o(i.test_task) for test_task
    tasks_init.o(.data) refers to tasks_init.o(.conststring) for .conststring
    tasks_init.o(.data) refers to tasks_init.o(.data) for test_task_handle
    tasks_test.o(i.test_task) refers to elog.o(i.elog_output) for elog_output
    tasks_test.o(i.test_task) refers to tasks.o(i.vTaskDelay) for vTaskDelay
    tasks_test.o(i.test_task) refers to tasks_test.o(i.test_task_trigger_fault) for test_task_trigger_fault
    tasks_test.o(i.test_task) refers to tasks_test.o(.constdata) for .constdata
    elog.o(i.elog_assert_set_hook) refers to elog.o(.data) for .data
    elog.o(i.elog_deinit) refers to elog_port.o(i.elog_port_deinit) for elog_port_deinit
    elog.o(i.elog_deinit) refers to elog.o(.bss) for .bss
    elog.o(i.elog_find_lvl) refers to elog.o(i.elog_output) for elog_output
    elog.o(i.elog_find_lvl) refers to elog.o(.constdata) for .constdata
    elog.o(i.elog_find_lvl) refers to elog.o(.data) for .data
    elog.o(i.elog_find_lvl) refers to elog.o(.bss) for .bss
    elog.o(i.elog_find_tag) refers to elog.o(i.elog_output) for elog_output
    elog.o(i.elog_find_tag) refers to strlen.o(.text) for strlen
    elog.o(i.elog_find_tag) refers to memchr.o(.text) for memchr
    elog.o(i.elog_find_tag) refers to elog.o(.constdata) for .constdata
    elog.o(i.elog_find_tag) refers to elog.o(.data) for .data
    elog.o(i.elog_find_tag) refers to elog.o(.bss) for .bss
    elog.o(i.elog_get_filter_tag_lvl) refers to elog.o(i.elog_output_lock) for elog_output_lock
[...]
    __FUNCTION__                             0x08008090   Data          18  port.o(.constdata)
    __FUNCTION__                             0x080080a2   Data          19  port.o(.constdata)
    __FUNCTION__                             0x080080b5   Data          18  port.o(.constdata)
    __FUNCTION__                             0x080080c7   Data          31  port.o(.constdata)
    .constdata                               0x080080e6   Section       23  heap_4.o(.constdata)
    __FUNCTION__                             0x080080e6   Data          13  heap_4.o(.constdata)
    __FUNCTION__                             0x080080f3   Data          10  heap_4.o(.constdata)
    .constdata                               0x08008100   Section      190  gt9xx.o(.constdata)
    __FUNCTION__                             0x0800811c   Data          13  gt9xx.o(.constdata)
    __FUNCTION__                             0x08008129   Data          14  gt9xx.o(.constdata)
    __FUNCTION__                             0x08008137   Data          23  gt9xx.o(.constdata)
    __FUNCTION__                             0x0800814e   Data          20  gt9xx.o(.constdata)
    __FUNCTION__                             0x08008162   Data          17  gt9xx.o(.constdata)
    __FUNCTION__                             0x08008173   Data          17  gt9xx.o(.constdata)
    __FUNCTION__                             0x08008184   Data          13  gt9xx.o(.constdata)
    __FUNCTION__                             0x08008191   Data          15  gt9xx.o(.constdata)
    __FUNCTION__                             0x080081a0   Data          17  gt9xx.o(.constdata)
    __FUNCTION__                             0x080081b1   Data          13  gt9xx.o(.constdata)
    .constdata                               0x080081be   Section        8  stm32f4xx_hal_dma.o(.constdata)
    flagBitshiftOffset                       0x080081be   Data           8  stm32f4xx_hal_dma.o(.constdata)
    .constdata                               0x080081c6   Section       16  system_stm32f4xx.o(.constdata)
    .constdata                               0x080081d6   Section        8  system_stm32f4xx.o(.constdata)
    .conststring                             0x080081e0   Section       10  tasks_init.o(.conststring)
    .conststring                             0x080081ec   Section       23  elog.o(.conststring)
    .conststring                             0x08008204   Section     1638  cm_backtrace.o(.conststring)
    .data                                    0x20000000   Section        4  init.o(.data)
    .data                                    0x20000004   Section        4  tasks_init.o(.data)
    .data                                    0x20000008   Section       24  tasks_init.o(.data)
    taskParamsArray                          0x20000008   Data          24  tasks_init.o(.data)
    .data                                    0x20000020   Section       28  elog.o(.data)
    level_output_info                        0x20000024   Data          24  elog.o(.data)
    .data                                    0x2000003c   Section        4  elog_port.o(.data)
    s_elog_lock                              0x2000003c   Data           4  elog_port.o(.data)
    .data                                    0x20000040   Section       24  cm_backtrace.o(.data)
    init_ok                                  0x20000040   Data           1  cm_backtrace.o(.data)
    on_fault                                 0x20000041   Data           1  cm_backtrace.o(.data)
    stack_is_overflow                        0x20000042   Data           1  cm_backtrace.o(.data)
    statck_has_fpu_regs                      0x20000043   Data           1  cm_backtrace.o(.data)
    on_thread_before_fault                   0x20000044   Data           1  cm_backtrace.o(.data)
    main_stack_start_addr                    0x20000048   Data           4  cm_backtrace.o(.data)
    main_stack_size                          0x2000004c   Data           4  cm_backtrace.o(.data)
    code_start_addr                          0x20000050   Data           4  cm_backtrace.o(.data)
    code_size                                0x20000054   Data           4  cm_backtrace.o(.data)
    .data                                    0x20000058   Section        8  ff.o(.data)
    Fsid                                     0x20000058   Data           2  ff.o(.data)
    FatFs                                    0x2000005c   Data           4  ff.o(.data)
    .data                                    0x20000060   Section        1  sd_diskio.o(.data)
    Stat                                     0x20000060   Data           1  sd_diskio.o(.data)
    .data                                    0x20000064   Section       60  tasks.o(.data)
    uxDeletedTasksWaitingCleanUp             0x20000068   Data           4  tasks.o(.data)
    uxCurrentNumberOfTasks                   0x2000006c   Data           4  tasks.o(.data)
    xTickCount                               0x20000070   Data           4  tasks.o(.data)
    uxTopReadyPriority                       0x20000074   Data           4  tasks.o(.data)
    xSchedulerRunning                        0x20000078   Data           4  tasks.o(.data)
    uxPendedTicks                            0x2000007c   Data           4  tasks.o(.data)
    xYieldPending                            0x20000080   Data           4  tasks.o(.data)
    xNumOfOverflows                          0x20000084   Data           4  tasks.o(.data)
    uxTaskNumber                             0x20000088   Data           4  tasks.o(.data)
    xNextTaskUnblockTime                     0x2000008c   Data           4  tasks.o(.data)
    xIdleTaskHandle                          0x20000090   Data           4  tasks.o(.data)
    uxSchedulerSuspended                     0x20000094   Data           4  tasks.o(.data)
    pxDelayedTaskList                        0x20000098   Data           4  tasks.o(.data)
    pxOverflowDelayedTaskList                0x2000009c   Data           4  tasks.o(.data)
    .data                                    0x200000a0   Section       12  port.o(.data)
    ucMaxSysCallPriority                     0x200000a0   Data           1  port.o(.data)
    uxCriticalNesting                        0x200000a4   Data           4  port.o(.data)
    ulMaxPRIGROUPValue                       0x200000a8   Data           4  port.o(.data)
    .data                                    0x200000ac   Section       24  heap_4.o(.data)
    pxEnd                                    0x200000ac   Data           4  heap_4.o(.data)
    xFreeBytesRemaining                      0x200000b0   Data           4  heap_4.o(.data)
    xMinimumEverFreeBytesRemaining           0x200000b4   Data           4  heap_4.o(.data)
    xBlockAllocatedBit                       0x200000b8   Data           4  heap_4.o(.data)
    xStart                                   0x200000bc   Data           8  heap_4.o(.data)
    .data                                    0x200000c4   Section       10  bsp_ili9806g_lcd.o(.data)
    CurrentTextColor                         0x200000ca   Data           2  bsp_ili9806g_lcd.o(.data)
    CurrentBackColor                         0x200000cc   Data           2  bsp_ili9806g_lcd.o(.data)
    .data                                    0x200000d0   Section       20  gt9xx.o(.data)
    pre_touch                                0x200000d8   Data           2  gt9xx.o(.data)
    .data                                    0x200000e4   Section       12  stm32f4xx_hal.o(.data)
    .data                                    0x200000f0   Section        4  system_stm32f4xx.o(.data)
    .bss                                     0x200000f4   Section      560  init.o(.bss)
    fs                                       0x200000f4   Data         560  init.o(.bss)
    .bss                                     0x20000324   Section      760  elog.o(.bss)
    log_buf                                  0x20000324   Data         512  elog.o(.bss)
    elog                                     0x20000524   Data         248  elog.o(.bss)
    .bss                                     0x2000061c   Section       80  elog_port.o(.bss)
    cur_system_time                          0x2000061c   Data          16  elog_port.o(.bss)
    s_elog_uart                              0x2000062c   Data          64  elog_port.o(.bss)
    .bss                                     0x2000066c   Section      456  cm_backtrace.o(.bss)
    fw_name                                  0x2000066c   Data          33  cm_backtrace.o(.bss)
    hw_ver                                   0x2000068d   Data          33  cm_backtrace.o(.bss)
    sw_ver                                   0x200006ae   Data          33  cm_backtrace.o(.bss)
    call_stack_info                          0x200006cf   Data         288  cm_backtrace.o(.bss)
    regs                                     0x200007f0   Data          68  cm_backtrace.o(.bss)
    .bss                                     0x20000834   Section       12  ff_gen_drv.o(.bss)
    .bss                                     0x20000840   Section      740  tasks.o(.bss)
    pxReadyTasksLists                        0x20000840   Data         640  tasks.o(.bss)
    xDelayedTaskList1                        0x20000ac0   Data          20  tasks.o(.bss)
    xDelayedTaskList2                        0x20000ad4   Data          20  tasks.o(.bss)
    xPendingReadyList                        0x20000ae8   Data          20  tasks.o(.bss)
    xTasksWaitingTermination                 0x20000afc   Data          20  tasks.o(.bss)
    xSuspendedTaskList                       0x20000b10   Data          20  tasks.o(.bss)
    .bss                                     0x20000b24   Section    32768  heap_4.o(.bss)
    ucHeap                                   0x20000b24   Data       32768  heap_4.o(.bss)
    .bss                                     0x20008b24   Section      324  bsp_sdio_sd.o(.bss)
    dmaRxHandle                              0x20008b24   Data          96  bsp_sdio_sd.o(.bss)
    dmaTxHandle                              0x20008b84   Data          96  bsp_sdio_sd.o(.bss)
    STACK                                    0x20008c68   Section     1024  startup_stm32f407xx.o(STACK)

    Global Symbols

    Symbol Name                              Value     Ov Type        Size  Object(Section)

    BuildAttributes$$THM_ISAv4$E$P$D$K$B$S$7EM$VFPi3$EXTD16$VFPS$VFMA$PE$A:L22UL41UL21$X:L11$S22US41US21$IEEE1$IW$USESV6$~STKCKD$USESV7$~SHL$OSPACE$ROPI$EBA8$MICROLIB$REQ8$PRES8$EABIv2 0x00000000   Number         0  anon$$obj.o ABSOLUTE
    __ARM_use_no_argv                        0x00000000   Number         0  main.o ABSOLUTE
    _printf_a                                0x00000000   Number         0  stubs.o ABSOLUTE
    _printf_c                                0x00000000   Number         0  stubs.o ABSOLUTE
    _printf_charcount                        0x00000000   Number         0  stubs.o ABSOLUTE
    _printf_d                                0x00000000   Number         0  stubs.o ABSOLUTE
    _printf_e                                0x00000000   Number         0  stubs.o ABSOLUTE
    _printf_f                                0x00000000   Number         0  stubs.o ABSOLUTE
    _printf_flags                            0x00000000   Number         0  stubs.o ABSOLUTE
    _printf_fp_dec                           0x00000000   Number         0  stubs.o ABSOLUTE
    _printf_fp_hex                           0x00000000   Number         0  stubs.o ABSOLUTE
    _printf_g                                0x00000000   Number         0  stubs.o ABSOLUTE
    _printf_i                                0x00000000   Number         0  stubs.o ABSOLUTE
    _printf_int_dec                          0x00000000   Number         0  stubs.o ABSOLUTE
    _printf_l                                0x00000000   Number         0  stubs.o ABSOLUTE
    _printf_lc                               0x00000000   Number         0  stubs.o ABSOLUTE
    _printf_ll                               0x00000000   Number         0  stubs.o ABSOLUTE
    _printf_lld                              0x00000000   Number         0  stubs.o ABSOLUTE
    _printf_lli                              0x00000000   Number         0  stubs.o ABSOLUTE
    _printf_llo                              0x00000000   Number         0  stubs.o ABSOLUTE
    _printf_llu                              0x00000000   Number         0  stubs.o ABSOLUTE
    _printf_llx                              0x00000000   Number         0  stubs.o ABSOLUTE
    _printf_longlong_dec                     0x00000000   Number         0  stubs.o ABSOLUTE
    _printf_longlong_hex                     0x00000000   Number         0  stubs.o ABSOLUTE
    _printf_longlong_oct                     0x00000000   Number         0  stubs.o ABSOLUTE
    _printf_ls                               0x00000000   Number         0  stubs.o ABSOLUTE
    _printf_mbtowc                           0x00000000   Number         0  stubs.o ABSOLUTE
    _printf_n                                0x00000000   Number         0  stubs.o ABSOLUTE
    _printf_o                                0x00000000   Number         0  stubs.o ABSOLUTE
    _printf_p                                0x00000000   Number         0  stubs.o ABSOLUTE
    _printf_percent                          0x00000000   Number         0  stubs.o ABSOLUTE
    _printf_pre_padding                      0x00000000   Number         0  stubs.o ABSOLUTE
    _printf_return_value                     0x00000000   Number         0  stubs.o ABSOLUTE
    _printf_s                                0x00000000   Number         0  stubs.o ABSOLUTE
    _printf_sizespec                         0x00000000   Number         0  stubs.o ABSOLUTE
    _printf_str                              0x00000000   Number         0  stubs.o ABSOLUTE
    _printf_truncate_signed                  0x00000000   Number         0  stubs.o ABSOLUTE
    _printf_truncate_unsigned                0x00000000   Number         0  stubs.o ABSOLUTE
    _printf_u                                0x00000000   Number         0  stubs.o ABSOLUTE
    _printf_wc                               0x00000000   Number         0  stubs.o ABSOLUTE
    _printf_wctomb                           0x00000000   Number         0  stubs.o ABSOLUTE
    _printf_widthprec                        0x00000000   Number         0  stubs.o ABSOLUTE
    _printf_x                                0x00000000   Number         0  stubs.o ABSOLUTE
    __cpp_initialize__aeabi_                  - Undefined Weak Reference
    __cxa_finalize                            - Undefined Weak Reference
    __decompress                              - Undefined Weak Reference
    _clock_init                               - Undefined Weak Reference
    _microlib_exit                            - Undefined Weak Reference
    __Vectors_Size                           0x00000188   Number         0  startup_stm32f407xx.o ABSOLUTE
    Image$$ER_IROM1$$Base                    0x08000000   Number         0  anon$$obj.o ABSOLUTE
    __Vectors                                0x08000000   Data           4  startup_stm32f407xx.o(RESET)
    __Vectors_End                            0x08000188   Data           0  startup_stm32f407xx.o(RESET)
    __main                                   0x08000189   Thumb Code     0  entry.o(.ARM.Collect$$$$00000000)
    _main_stk                                0x08000189   Thumb Code     0  entry2.o(.ARM.Collect$$$$00000001)
    _main_scatterload                        0x0800018d   Thumb Code     0  entry5.o(.ARM.Collect$$$$00000004)
    __main_after_scatterload                 0x08000191   Thumb Code     0  entry5.o(.ARM.Collect$$$$00000004)
    _main_clock                              0x08000191   Thumb Code     0  entry7b.o(.ARM.Collect$$$$00000008)
    _main_cpp_init                           0x08000191   Thumb Code     0  entry8b.o(.ARM.Collect$$$$0000000A)
    _main_init                               0x08000191   Thumb Code     0  entry9a.o(.ARM.Collect$$$$0000000B)
    __rt_final_cpp                           0x08000199   Thumb Code     0  entry10a.o(.ARM.Collect$$$$0000000D)
    __rt_final_exit                          0x08000199   Thumb Code     0  entry11a.o(.ARM.Collect$$$$0000000F)
    __asm___14_cm_backtrace_c_13c737ea__cmb_get_msp 0x0800019d   Thumb Code     6  cm_backtrace.o(.emb_text)
    __asm___14_cm_backtrace_c_13c737ea__cmb_get_psp 0x080001a3   Thumb Code     6  cm_backtrace.o(.emb_text)
    __asm___14_cm_backtrace_c_13c737ea__cmb_get_sp 0x080001a9   Thumb Code     4  cm_backtrace.o(.emb_text)
    __asm___6_port_c_39a90d8d__cmb_get_msp   0x080001ad   Thumb Code     6  port.o(.emb_text)
    __asm___6_port_c_39a90d8d__cmb_get_psp   0x080001b3   Thumb Code     6  port.o(.emb_text)
    __asm___6_port_c_39a90d8d__cmb_get_sp    0x080001b9   Thumb Code     4  port.o(.emb_text)
    SVC_Handler                              0x080001bd   Thumb Code    28  port.o(.emb_text)
    __asm___6_port_c_39a90d8d__prvStartFirstTask 0x080001dd   Thumb Code    28  port.o(.emb_text)
    __asm___6_port_c_39a90d8d__prvEnableVFP  0x080001fd   Thumb Code    16  port.o(.emb_text)
    PendSV_Handler                           0x08000211   Thumb Code    88  port.o(.emb_text)
    vPortGetIPSR                             0x0800026d   Thumb Code     6  port.o(.emb_text)
    HardFault_Handler                        0x08000275   Thumb Code    10  cmb_fault.o(.text)
    MemManage_Handler                        0x0800027f   Thumb Code    10  cmb_fault.o(.text)
    BusFault_Handler                         0x08000289   Thumb Code    10  cmb_fault.o(.text)
    UsageFault_Handler                       0x08000293   Thumb Code    10  cmb_fault.o(.text)
    Reset_Handler                            0x080002a1   Thumb Code     8  startup_stm32f407xx.o(.text)
    ADC_IRQHandler                           0x080002bb   Thumb Code     0  startup_stm32f407xx.o(.text)
    CAN1_RX0_IRQHandler                      0x080002bb   Thumb Code     0  startup_stm32f407xx.o(.text)
    CAN1_RX1_IRQHandler                      0x080002bb   Thumb Code     0  startup_stm32f407xx.o(.text)
    CAN1_SCE_IRQHandler                      0x080002bb   Thumb Code     0  startup_stm32f407xx.o(.text)
    CAN1_TX_IRQHandler                       0x080002bb   Thumb Code     0  startup_stm32f407xx.o(.text)
    CAN2_RX0_IRQHandler                      0x080002bb   Thumb Code     0  startup_stm32f407xx.o(.text)
    CAN2_RX1_IRQHandler                      0x080002bb   Thumb Code     0  startup_stm32f407xx.o(.text)
    CAN2_SCE_IRQHandler                      0x080002bb   Thumb Code     0  startup_stm32f407xx.o(.text)
    CAN2_TX_IRQHandler                       0x080002bb   Thumb Code     0  startup_stm32f407xx.o(.text)
    DCMI_IRQHandler                          0x080002bb   Thumb Code     0  startup_stm32f407xx.o(.text)
    DMA1_Stream0_IRQHandler                  0x080002bb   Thumb Code     0  startup_stm32f407xx.o(.text)
    DMA1_Stream1_IRQHandler                  0x080002bb   Thumb Code     0  startup_stm32f407xx.o(.text)
    DMA1_Stream2_IRQHandler                  0x080002bb   Thumb Code     0  startup_stm32f407xx.o(.text)
    DMA1_Stream3_IRQHandler                  0x080002bb   Thumb Code     0  startup_stm32f407xx.o(.text)
    DMA1_Stream4_IRQHandler                  0x080002bb   Thumb Code     0  startup_stm32f407xx.o(.text)
    DMA1_Stream5_IRQHandler                  0x080002bb   Thumb Code     0  startup_stm32f407xx.o(.text)
    DMA1_Stream6_IRQHandler                  0x080002bb   Thumb Code     0  startup_stm32f407xx.o(.text)
    DMA1_Stream7_IRQHandler                  0x080002bb   Thumb Code     0  startup_stm32f407xx.o(.text)
    DMA2_Stream0_IRQHandler                  0x080002bb   Thumb Code     0  startup_stm32f407xx.o(.text)
    DMA2_Stream1_IRQHandler                  0x080002bb   Thumb Code     0  startup_stm32f407xx.o(.text)
    DMA2_Stream2_IRQHandler                  0x080002bb   Thumb Code     0  startup_stm32f407xx.o(.text)
    DMA2_Stream3_IRQHandler                  0x080002bb   Thumb Code     0  startup_stm32f407xx.o(.text)
    DMA2_Stream4_IRQHandler                  0x080002bb   Thumb Code     0  startup_stm32f407xx.o(.text)
    DMA2_Stream5_IRQHandler                  0x080002bb   Thumb Code     0  startup_stm32f407xx.o(.text)
    DMA2_Stream6_IRQHandler                  0x080002bb   Thumb Code     0  startup_stm32f407xx.o(.text)
    DMA2_Stream7_IRQHandler                  0x080002bb   Thumb Code     0  startup_stm32f407xx.o(.text)
    ETH_IRQHandler                           0x080002bb   Thumb Code     0  startup_stm32f407xx.o(.text)
    ETH_WKUP_IRQHandler                      0x080002bb   Thumb Code     0  startup_stm32f407xx.o(.text)
    EXTI15_10_IRQHandler                     0x080002bb   Thumb Code     0  startup_stm32f407xx.o(.text)
    EXTI1_IRQHandler                         0x080002bb   Thumb Code     0  startup_stm32f407xx.o(.text)
    EXTI2_IRQHandler                         0x080002bb   Thumb Code     0  startup_stm32f407xx.o(.text)
    EXTI3_IRQHandler                         0x080002bb   Thumb Code     0  startup_stm32f407xx.o(.text)
    EXTI4_IRQHandler                         0x080002bb   Thumb Code     0  startup_stm32f407xx.o(.text)
    FLASH_IRQHandler                         0x080002bb   Thumb Code     0  startup_stm32f407xx.o(.text)
    FMC_IRQHandler                           0x080002bb   Thumb Code     0  startup_stm32f407xx.o(.text)
    FPU_IRQHandler                           0x080002bb   Thumb Code     0  startup_stm32f407xx.o(.text)
    HASH_RNG_IRQHandler                      0x080002bb   Thumb Code     0  startup_stm32f407xx.o(.text)
    I2C1_ER_IRQHandler                       0x080002bb   Thumb Code     0  startup_stm32f407xx.o(.text)
    I2C1_EV_IRQHandler                       0x080002bb   Thumb Code     0  startup_stm32f407xx.o(.text)
    I2C2_ER_IRQHandler                       0x080002bb   Thumb Code     0  startup_stm32f407xx.o(.text)
    I2C2_EV_IRQHandler                       0x080002bb   Thumb Code     0  startup_stm32f407xx.o(.text)
    I2C3_ER_IRQHandler                       0x080002bb   Thumb Code     0  startup_stm32f407xx.o(.text)
    I2C3_EV_IRQHandler                       0x080002bb   Thumb Code     0  startup_stm32f407xx.o(.text)
    OTG_FS_IRQHandler                        0x080002bb   Thumb Code     0  startup_stm32f407xx.o(.text)
    OTG_FS_WKUP_IRQHandler                   0x080002bb   Thumb Code     0  startup_stm32f407xx.o(.text)
    OTG_HS_EP1_IN_IRQHandler                 0x080002bb   Thumb Code     0  startup_stm32f407xx.o(.text)
    OTG_HS_EP1_OUT_IRQHandler                0x080002bb   Thumb Code     0  startup_stm32f407xx.o(.text)
    OTG_HS_IRQHandler                        0x080002bb   Thumb Code     0  startup_stm32f407xx.o(.text)
    OTG_HS_WKUP_IRQHandler                   0x080002bb   Thumb Code     0  startup_stm32f407xx.o(.text)
    PVD_IRQHandler                           0x080002bb   Thumb Code     0  startup_stm32f407xx.o(.text)
    RCC_IRQHandler                           0x080002bb   Thumb Code     0  startup_stm32f407xx.o(.text)
    RTC_Alarm_IRQHandler                     0x080002bb   Thumb Code     0  startup_stm32f407xx.o(.text)
    RTC_WKUP_IRQHandler                      0x080002bb   Thumb Code     0  startup_stm32f407xx.o(.text)
    SDIO_IRQHandler                          0x080002bb   Thumb Code     0  startup_stm32f407xx.o(.text)
    SPI1_IRQHandler                          0x080002bb   Thumb Code     0  startup_stm32f407xx.o(.text)
    SPI2_IRQHandler                          0x080002bb   Thumb Code     0  startup_stm32f407xx.o(.text)
    SPI3_IRQHandler                          0x080002bb   Thumb Code     0  startup_stm32f407xx.o(.text)
    TAMP_STAMP_IRQHandler                    0x080002bb   Thumb Code     0  startup_stm32f407xx.o(.text)
    TIM1_BRK_TIM9_IRQHandler                 0x080002bb   Thumb Code     0  startup_stm32f407xx.o(.text)
    TIM1_CC_IRQHandler                       0x080002bb   Thumb Code     0  startup_stm32f407xx.o(.text)
    TIM1_TRG_COM_TIM11_IRQHandler            0x080002bb   Thumb Code     0  startup_stm32f407xx.o(.text)
    TIM1_UP_TIM10_IRQHandler                 0x080002bb   Thumb Code     0  startup_stm32f407xx.o(.text)
    TIM2_IRQHandler                          0x080002bb   Thumb Code     0  startup_stm32f407xx.o(.text)
    TIM3_IRQHandler                          0x080002bb   Thumb Code     0  startup_stm32f407xx.o(.text)
    TIM4_IRQHandler                          0x080002bb   Thumb Code     0  startup_stm32f407xx.o(.text)
    TIM5_IRQHandler                          0x080002bb   Thumb Code     0  startup_stm32f407xx.o(.text)
    TIM6_DAC_IRQHandler                      0x080002bb   Thumb Code     0  startup_stm32f407xx.o(.text)
    TIM7_IRQHandler                          0x080002bb   Thumb Code     0  startup_stm32f407xx.o(.text)
    TIM8_BRK_TIM12_IRQHandler                0x080002bb   Thumb Code     0  startup_stm32f407xx.o(.text)
    TIM8_CC_IRQHandler                       0x080002bb   Thumb Code     0  startup_stm32f407xx.o(.text)
    TIM8_TRG_COM_TIM14_IRQHandler            0x080002bb   Thumb Code     0  startup_stm32f407xx.o(.text)
    TIM8_UP_TIM13_IRQHandler                 0x080002bb   Thumb Code     0  startup_stm32f407xx.o(.text)
    UART4_IRQHandler                         0x080002bb   Thumb Code     0  startup_stm32f407xx.o(.text)
    UART5_IRQHandler                         0x080002bb   Thumb Code     0  startup_stm32f407xx.o(.text)
    USART1_IRQHandler                        0x080002bb   Thumb Code     0  startup_stm32f407xx.o(.text)
    USART2_IRQHandler                        0x080002bb   Thumb Code     0  startup_stm32f407xx.o(.text)
    USART3_IRQHandler                        0x080002bb   Thumb Code     0  startup_stm32f407xx.o(.text)
    USART6_IRQHandler                        0x080002bb   Thumb Code     0  startup_stm32f407xx.o(.text)
    WWDG_IRQHandler                          0x080002bb   Thumb Code     0  startup_stm32f407xx.o(.text)
    __aeabi_uldivmod                         0x080002c5   Thumb Code    98  uldiv.o(.text)
    __aeabi_memcpy                           0x08000327   Thumb Code    36  memcpya.o(.text)
    __aeabi_memcpy4                          0x08000327   Thumb Code     0  memcpya.o(.text)
    __aeabi_memcpy8                          0x08000327   Thumb Code     0  memcpya.o(.text)
    __aeabi_memset                           0x0800034b   Thumb Code    14  memseta.o(.text)
    __aeabi_memset4                          0x0800034b   Thumb Code     0  memseta.o(.text)
    __aeabi_memset8                          0x0800034b   Thumb Code     0  memseta.o(.text)
    __aeabi_memclr                           0x08000359   Thumb Code     4  memseta.o(.text)
    __aeabi_memclr4                          0x08000359   Thumb Code     0  memseta.o(.text)
    __aeabi_memclr8                          0x08000359   Thumb Code     0  memseta.o(.text)
    _memset$wrapper                          0x0800035d   Thumb Code    18  memseta.o(.text)
    strstr                                   0x0800036f   Thumb Code    36  strstr.o(.text)
    strncpy                                  0x08000393   Thumb Code    24  strncpy.o(.text)
    strlen                                   0x080003ab   Thumb Code    14  strlen.o(.text)
    strncmp                                  0x080003b9   Thumb Code    30  strncmp.o(.text)
    __aeabi_uidiv                            0x080003d7   Thumb Code     0  uidiv.o(.text)
    __aeabi_uidivmod                         0x080003d7   Thumb Code    44  uidiv.o(.text)
    __aeabi_llsl                             0x08000403   Thumb Code    30  llshl.o(.text)
    _ll_shift_l                              0x08000403   Thumb Code     0  llshl.o(.text)
    __aeabi_llsr                             0x08000421   Thumb Code    32  llushr.o(.text)
    _ll_ushift_r                             0x08000421   Thumb Code     0  llushr.o(.text)
    __I$use$fp                               0x08000441   Thumb Code     0  iusefp.o(.text)
    __aeabi_dadd                             0x08000441   Thumb Code   322  dadd.o(.text)
    __aeabi_dsub                             0x08000583   Thumb Code     6  dadd.o(.text)
    __aeabi_drsub                            0x08000589   Thumb Code     6  dadd.o(.text)
    __aeabi_dmul                             0x0800058f   Thumb Code   228  dmul.o(.text)
    __aeabi_ddiv                             0x08000673   Thumb Code   222  ddiv.o(.text)
    __aeabi_d2ulz                            0x08000751   Thumb Code    48  dfixul.o(.text)
    __aeabi_cdrcmple                         0x08000781   Thumb Code    48  cdrcmple.o(.text)
    __scatterload                            0x080007b1   Thumb Code    28  init.o(.text)
    __scatterload_rt2                        0x080007b1   Thumb Code     0  init.o(.text)
    __aeabi_lasr                             0x080007d5   Thumb Code    36  llsshr.o(.text)
    _ll_sshift_r                             0x080007d5   Thumb Code     0  llsshr.o(.text)
    _double_round                            0x080007f9   Thumb Code    30  depilogue.o(.text)
    _double_epilogue                         0x08000817   Thumb Code   156  depilogue.o(.text)
    BSP_SD_GetCardInfo                       0x080008b5   Thumb Code     8  bsp_sdio_sd.o(i.BSP_SD_GetCardInfo)
    BSP_SD_GetCardState                      0x080008c1   Thumb Code    20  bsp_sdio_sd.o(i.BSP_SD_GetCardState)
    BSP_SD_Init                              0x080008d9   Thumb Code    66  bsp_sdio_sd.o(i.BSP_SD_Init)
    BSP_SD_MspInit                           0x08000925   Thumb Code   320  bsp_sdio_sd.o(i.BSP_SD_MspInit)
    BSP_SD_ReadBlocks                        0x08000a79   Thumb Code    26  bsp_sdio_sd.o(i.BSP_SD_ReadBlocks)
    BSP_SD_WriteBlocks                       0x08000a99   Thumb Code    26  bsp_sdio_sd.o(i.BSP_SD_WriteBlocks)
    CPU_TS_TmrInit                           0x08000ab9   Thumb Code    26  delay.o(i.CPU_TS_TmrInit)
    DebugMon_Handler                         0x08000b81   Thumb Code     2  stm32f4xx_it.o(i.DebugMon_Handler)
    EXTI0_IRQHandler                         0x08000b83   Thumb Code     2  stm32f4xx_it.o(i.EXTI0_IRQHandler)
    EXTI9_5_IRQHandler                       0x08000b85   Thumb Code    20  stm32f4xx_it.o(i.EXTI9_5_IRQHandler)
    FATFS_LinkDriver                         0x08000b9d   Thumb Code     6  ff_gen_drv.o(i.FATFS_LinkDriver)
    FATFS_LinkDriverEx                       0x08000ba5   Thumb Code    60  ff_gen_drv.o(i.FATFS_LinkDriverEx)
    GTP_TouchProcess                         0x08000d91   Thumb Code     4  gt9xx.o(i.GTP_TouchProcess)
    HAL_DMA_DeInit                           0x08000f65   Thumb Code    90  stm32f4xx_hal_dma.o(i.HAL_DMA_DeInit)
    HAL_DMA_Init                             0x08000fc1   Thumb Code   208  stm32f4xx_hal_dma.o(i.HAL_DMA_Init)
    HAL_Delay                                0x08001095   Thumb Code    32  stm32f4xx_hal.o(i.HAL_Delay)
    HAL_GPIO_Init                            0x080010b9   Thumb Code   406  stm32f4xx_hal_gpio.o(i.HAL_GPIO_Init)
    HAL_GPIO_ReadPin                         0x0800127d   Thumb Code    14  stm32f4xx_hal_gpio.o(i.HAL_GPIO_ReadPin)
    HAL_GPIO_WritePin                        0x0800128b   Thumb Code    14  stm32f4xx_hal_gpio.o(i.HAL_GPIO_WritePin)
    HAL_GetREVID                             0x08001299   Thumb Code     8  stm32f4xx_hal.o(i.HAL_GetREVID)
    HAL_GetTick                              0x080012a5   Thumb Code     6  stm32f4xx_hal.o(i.HAL_GetTick)
    HAL_IncTick                              0x080012b1   Thumb Code    12  stm32f4xx_hal.o(i.HAL_IncTick)
    HAL_Init                                 0x080012c1   Thumb Code    40  stm32f4xx_hal.o(i.HAL_Init)
    HAL_InitTick                             0x080012ed   Thumb Code    58  stm32f4xx_hal.o(i.HAL_InitTick)
    HAL_MspInit                              0x08001331   Thumb Code     2  stm32f4xx_hal.o(i.HAL_MspInit)
    HAL_NVIC_EnableIRQ                       0x08001333   Thumb Code    22  stm32f4xx_hal_cortex.o(i.HAL_NVIC_EnableIRQ)
    HAL_NVIC_SetPriority                     0x08001349   Thumb Code    60  stm32f4xx_hal_cortex.o(i.HAL_NVIC_SetPriority)
    HAL_NVIC_SetPriorityGrouping             0x08001389   Thumb Code    26  stm32f4xx_hal_cortex.o(i.HAL_NVIC_SetPriorityGrouping)
    HAL_RCC_ClockConfig                      0x080013ad   Thumb Code   308  stm32f4xx_hal_rcc.o(i.HAL_RCC_ClockConfig)
    HAL_RCC_GetHCLKFreq                      0x080014f1   Thumb Code     6  stm32f4xx_hal_rcc.o(i.HAL_RCC_GetHCLKFreq)
    HAL_RCC_GetPCLK1Freq                     0x080014fd   Thumb Code    22  stm32f4xx_hal_rcc.o(i.HAL_RCC_GetPCLK1Freq)
    HAL_RCC_GetPCLK2Freq                     0x0800151d   Thumb Code    22  stm32f4xx_hal_rcc.o(i.HAL_RCC_GetPCLK2Freq)
    HAL_RCC_GetSysClockFreq                  0x0800153d   Thumb Code    94  stm32f4xx_hal_rcc.o(i.HAL_RCC_GetSysClockFreq)
    HAL_RCC_OscConfig                        0x080015a9   Thumb Code   896  stm32f4xx_hal_rcc.o(i.HAL_RCC_OscConfig)
    HAL_SD_ConfigWideBusOperation            0x08001939   Thumb Code   162  stm32f4xx_hal_sd.o(i.HAL_SD_ConfigWideBusOperation)
    HAL_SD_GetCardCSD                        0x080019db   Thumb Code   478  stm32f4xx_hal_sd.o(i.HAL_SD_GetCardCSD)
    HAL_SD_GetCardInfo                       0x08001bb9   Thumb Code    36  stm32f4xx_hal_sd.o(i.HAL_SD_GetCardInfo)
    HAL_SD_GetCardState                      0x08001bdd   Thumb Code    32  stm32f4xx_hal_sd.o(i.HAL_SD_GetCardState)
    HAL_SD_Init                              0x08001bfd   Thumb Code    56  stm32f4xx_hal_sd.o(i.HAL_SD_Init)
    HAL_SD_InitCard                          0x08001c35   Thumb Code   110  stm32f4xx_hal_sd.o(i.HAL_SD_InitCard)
    HAL_SD_MspInit                           0x08001ca9   Thumb Code     2  stm32f4xx_hal_sd.o(i.HAL_SD_MspInit)
    HAL_SD_ReadBlocks                        0x08001cab   Thumb Code   500  stm32f4xx_hal_sd.o(i.HAL_SD_ReadBlocks)
    HAL_SD_WriteBlocks                       0x08001e9f   Thumb Code   456  stm32f4xx_hal_sd.o(i.HAL_SD_WriteBlocks)
    HAL_SYSTICK_CLKSourceConfig              0x08002067   Thumb Code    28  stm32f4xx_hal_cortex.o(i.HAL_SYSTICK_CLKSourceConfig)
    HAL_SYSTICK_Config                       0x08002083   Thumb Code    40  stm32f4xx_hal_cortex.o(i.HAL_SYSTICK_Config)
    HAL_UART_Init                            0x080020ab   Thumb Code   100  stm32f4xx_hal_uart.o(i.HAL_UART_Init)
    HAL_UART_MspInit                         0x08002111   Thumb Code   110  elog_port.o(i.HAL_UART_MspInit)
    HAL_UART_Transmit                        0x0800218d   Thumb Code   204  stm32f4xx_hal_uart.o(i.HAL_UART_Transmit)
    I2C_ReadBytes                            0x08002259   Thumb Code    74  bsp_i2c_touch.o(i.I2C_ReadBytes)
    I2C_WriteBytes                           0x080022e7   Thumb Code    88  bsp_i2c_touch.o(i.I2C_WriteBytes)
    NMI_Handler                              0x0800233f   Thumb Code     2  stm32f4xx_it.o(i.NMI_Handler)
    SDIO_ConfigData                          0x08002361   Thumb Code    36  stm32f4xx_ll_sdmmc.o(i.SDIO_ConfigData)
    SDIO_GetCommandResponse                  0x08002385   Thumb Code     6  stm32f4xx_ll_sdmmc.o(i.SDIO_GetCommandResponse)
    SDIO_GetPowerState                       0x0800238b   Thumb Code     8  stm32f4xx_ll_sdmmc.o(i.SDIO_GetPowerState)
    SDIO_GetResponse                         0x08002393   Thumb Code    14  stm32f4xx_ll_sdmmc.o(i.SDIO_GetResponse)
    SDIO_Init                                0x080023a1   Thumb Code    42  stm32f4xx_ll_sdmmc.o(i.SDIO_Init)
    SDIO_PowerState_ON                       0x080023cb   Thumb Code     8  stm32f4xx_ll_sdmmc.o(i.SDIO_PowerState_ON)
    SDIO_ReadFIFO                            0x080023d3   Thumb Code     6  stm32f4xx_ll_sdmmc.o(i.SDIO_ReadFIFO)
    SDIO_SendCommand                         0x080023d9   Thumb Code    32  stm32f4xx_ll_sdmmc.o(i.SDIO_SendCommand)
    SDIO_WriteFIFO                           0x080023f9   Thumb Code    10  stm32f4xx_ll_sdmmc.o(i.SDIO_WriteFIFO)
    SDMMC_CmdAppCommand                      0x08002403   Thumb Code    50  stm32f4xx_ll_sdmmc.o(i.SDMMC_CmdAppCommand)
    SDMMC_CmdAppOperCommand                  0x08002435   Thumb Code    46  stm32f4xx_ll_sdmmc.o(i.SDMMC_CmdAppOperCommand)
    SDMMC_CmdBlockLength                     0x08002469   Thumb Code    50  stm32f4xx_ll_sdmmc.o(i.SDMMC_CmdBlockLength)
    SDMMC_CmdBusWidth                        0x0800249b   Thumb Code    50  stm32f4xx_ll_sdmmc.o(i.SDMMC_CmdBusWidth)
    SDMMC_CmdGoIdleState                     0x080024cd   Thumb Code    40  stm32f4xx_ll_sdmmc.o(i.SDMMC_CmdGoIdleState)
    SDMMC_CmdOperCond                        0x080024f5   Thumb Code    48  stm32f4xx_ll_sdmmc.o(i.SDMMC_CmdOperCond)
    SDMMC_CmdReadMultiBlock                  0x08002525   Thumb Code    50  stm32f4xx_ll_sdmmc.o(i.SDMMC_CmdReadMultiBlock)
    SDMMC_CmdReadSingleBlock                 0x08002557   Thumb Code    50  stm32f4xx_ll_sdmmc.o(i.SDMMC_CmdReadSingleBlock)
    SDMMC_CmdSelDesel                        0x08002589   Thumb Code    50  stm32f4xx_ll_sdmmc.o(i.SDMMC_CmdSelDesel)
    SDMMC_CmdSendCID                         0x080025bb   Thumb Code    44  stm32f4xx_ll_sdmmc.o(i.SDMMC_CmdSendCID)
    SDMMC_CmdSendCSD                         0x080025e7   Thumb Code    44  stm32f4xx_ll_sdmmc.o(i.SDMMC_CmdSendCSD)
    SDMMC_CmdSendSCR                         0x08002613   Thumb Code    48  stm32f4xx_ll_sdmmc.o(i.SDMMC_CmdSendSCR)
    SDMMC_CmdSendStatus                      0x08002643   Thumb Code    50  stm32f4xx_ll_sdmmc.o(i.SDMMC_CmdSendStatus)
    SDMMC_CmdSetRelAdd                       0x08002675   Thumb Code    48  stm32f4xx_ll_sdmmc.o(i.SDMMC_CmdSetRelAdd)
    SDMMC_CmdStopTransfer                    0x080026a5   Thumb Code    46  stm32f4xx_ll_sdmmc.o(i.SDMMC_CmdStopTransfer)
    SDMMC_CmdWriteMultiBlock                 0x080026d9   Thumb Code    50  stm32f4xx_ll_sdmmc.o(i.SDMMC_CmdWriteMultiBlock)
    SDMMC_CmdWriteSingleBlock                0x0800270b   Thumb Code    50  stm32f4xx_ll_sdmmc.o(i.SDMMC_CmdWriteSingleBlock)
    SD_initialize                            0x08002d8d   Thumb Code    26  sd_diskio.o(i.SD_initialize)
    SD_ioctl                                 0x08002dad   Thumb Code    84  sd_diskio.o(i.SD_ioctl)
    SD_read                                  0x08002e05   Thumb Code    46  sd_diskio.o(i.SD_read)
    SD_status                                0x08002e3d   Thumb Code    26  sd_diskio.o(i.SD_status)
    SD_write                                 0x08002e5d   Thumb Code    46  sd_diskio.o(i.SD_write)
    SysTick_Handler                          0x08002e95   Thumb Code    42  stm32f4xx_it.o(i.SysTick_Handler)
    SystemInit                               0x08002f7d   Thumb Code    66  system_stm32f4xx.o(i.SystemInit)
    __0snprintf                              0x08003391   Thumb Code    44  printfa.o(i.__0snprintf)
    __1snprintf                              0x08003391   Thumb Code     0  printfa.o(i.__0snprintf)
    __2snprintf                              0x08003391   Thumb Code     0  printfa.o(i.__0snprintf)
    __c89snprintf                            0x08003391   Thumb Code     0  printfa.o(i.__0snprintf)
    snprintf                                 0x08003391   Thumb Code     0  printfa.o(i.__0snprintf)
    __0sprintf                               0x080033c1   Thumb Code    34  printfa.o(i.__0sprintf)
    __1sprintf                               0x080033c1   Thumb Code     0  printfa.o(i.__0sprintf)
    __2sprintf                               0x080033c1   Thumb Code     0  printfa.o(i.__0sprintf)
    __c89sprintf                             0x080033c1   Thumb Code     0  printfa.o(i.__0sprintf)
    sprintf                                  0x080033c1   Thumb Code     0  printfa.o(i.__0sprintf)
    __0vsnprintf                             0x080033e9   Thumb Code    40  printfa.o(i.__0vsnprintf)
    __1vsnprintf                             0x080033e9   Thumb Code     0  printfa.o(i.__0vsnprintf)
    __2vsnprintf                             0x080033e9   Thumb Code     0  printfa.o(i.__0vsnprintf)
    __c89vsnprintf                           0x080033e9   Thumb Code     0  printfa.o(i.__0vsnprintf)
    vsnprintf                                0x080033e9   Thumb Code     0  printfa.o(i.__0vsnprintf)
    __scatterload_copy                       0x08003415   Thumb Code    14  handlers.o(i.__scatterload_copy)
    __scatterload_null                       0x08003423   Thumb Code     2  handlers.o(i.__scatterload_null)
    __scatterload_zeroinit                   0x08003425   Thumb Code    14  handlers.o(i.__scatterload_zeroinit)
    cm_backtrace_assert                      0x08003d89   Thumb Code   116  cm_backtrace.o(i.cm_backtrace_assert)
    cm_backtrace_call_stack                  0x08003e31   Thumb Code   228  cm_backtrace.o(i.cm_backtrace_call_stack)
    cm_backtrace_fault                       0x08003f1d   Thumb Code   402  cm_backtrace.o(i.cm_backtrace_fault)
    cm_backtrace_firmware_info               0x08004171   Thumb Code    18  cm_backtrace.o(i.cm_backtrace_firmware_info)
    cm_backtrace_init                        0x0800418d   Thumb Code    82  cm_backtrace.o(i.cm_backtrace_init)
    cmb_get_current_sp                       0x080041fd   Thumb Code    34  cmb_port.o(i.cmb_get_current_sp)
    cmb_println_impl                         0x0800421f   Thumb Code    76  cmb_port.o(i.cmb_println_impl)
    disk_initialize                          0x08004371   Thumb Code    38  diskio.o(i.disk_initialize)
    disk_ioctl                               0x0800439d   Thumb Code    22  diskio.o(i.disk_ioctl)
    disk_read                                0x080043b9   Thumb Code    24  diskio.o(i.disk_read)
    disk_status                              0x080043d5   Thumb Code    18  diskio.o(i.disk_status)
    disk_write                               0x080043ed   Thumb Code    24  diskio.o(i.disk_write)
    elog_get_filter_tag_lvl                  0x080044c1   Thumb Code   136  elog.o(i.elog_get_filter_tag_lvl)
    elog_init                                0x080045b5   Thumb Code    54  elog.o(i.elog_init)
    elog_output                              0x080045f1   Thumb Code   738  elog.o(i.elog_output)
    elog_output_lock                         0x0800496d   Thumb Code    30  elog.o(i.elog_output_lock)
    elog_output_lock_enabled                 0x08004991   Thumb Code    42  elog.o(i.elog_output_lock_enabled)
    elog_output_unlock                       0x080049c1   Thumb Code    30  elog.o(i.elog_output_unlock)
    elog_port_get_p_info                     0x080049e5   Thumb Code     4  elog_port.o(i.elog_port_get_p_info)
    elog_port_get_t_info                     0x080049ed   Thumb Code    36  elog_port.o(i.elog_port_get_t_info)
    elog_port_get_time                       0x08004a1d   Thumb Code    38  elog_port.o(i.elog_port_get_time)
    elog_port_init                           0x08004a4d   Thumb Code    56  elog_port.o(i.elog_port_init)
    elog_port_output                         0x08004abd   Thumb Code    56  elog_port.o(i.elog_port_output)
    elog_port_output_lock                    0x08004af9   Thumb Code    36  elog_port.o(i.elog_port_output_lock)
    elog_port_output_unlock                  0x08004b21   Thumb Code    36  elog_port.o(i.elog_port_output_unlock)
    elog_set_filter_lvl                      0x08004b49   Thumb Code    64  elog.o(i.elog_set_filter_lvl)
    elog_set_fmt                             0x08004c31   Thumb Code    72  elog.o(i.elog_set_fmt)
    elog_set_output_enabled                  0x08004ced   Thumb Code     8  elog.o(i.elog_set_output_enabled)
    elog_start                               0x08004cf9   Thumb Code    44  elog.o(i.elog_start)
    elog_strcpy                              0x08004d85   Thumb Code   152  elog_utils.o(i.elog_strcpy)
    f_mkfs                                   0x08004e7d   Thumb Code  1318  ff.o(i.f_mkfs)
    f_mount                                  0x080053a5   Thumb Code    76  ff.o(i.f_mount)
    i2c_Ack                                  0x08005bb1   Thumb Code    38  bsp_i2c_touch.o(i.i2c_Ack)
    i2c_NAck                                 0x08005be9   Thumb Code    34  bsp_i2c_touch.o(i.i2c_NAck)
    i2c_ReadByte                             0x08005c11   Thumb Code    68  bsp_i2c_touch.o(i.i2c_ReadByte)
    i2c_SendByte                             0x08005c59   Thumb Code    80  bsp_i2c_touch.o(i.i2c_SendByte)
    i2c_Start                                0x08005cad   Thumb Code    40  bsp_i2c_touch.o(i.i2c_Start)
    i2c_Stop                                 0x08005cd9   Thumb Code    24  bsp_i2c_touch.o(i.i2c_Stop)
    i2c_WaitAck                              0x08005cf5   Thumb Code    52  bsp_i2c_touch.o(i.i2c_WaitAck)
    init                                     0x08005d2d   Thumb Code    92  init.o(i.init)
    main                                     0x08005db1   Thumb Code    14  main.o(i.main)
    pcTaskGetName                            0x08005e19   Thumb Code    56  tasks.o(i.pcTaskGetName)
    pvPortMalloc                             0x08006481   Thumb Code   274  heap_4.o(i.pvPortMalloc)
    pvTaskIncrementMutexHeldCount            0x080065d9   Thumb Code    20  tasks.o(i.pvTaskIncrementMutexHeldCount)
    pxPortInitialiseStack                    0x080065f1   Thumb Code    30  port.o(i.pxPortInitialiseStack)
    task_init                                0x08006695   Thumb Code     8  tasks_init.o(i.task_init)
    test_task                                0x080066a1   Thumb Code   110  tasks_test.o(i.test_task)
    uxListRemove                             0x080067fd   Thumb Code    36  list.o(i.uxListRemove)
    vListInitialise                          0x08006821   Thumb Code    22  list.o(i.vListInitialise)
    vListInitialiseItem                      0x08006837   Thumb Code     6  list.o(i.vListInitialiseItem)
    vListInsert                              0x0800683d   Thumb Code    48  list.o(i.vListInsert)
    vListInsertEnd                           0x0800686d   Thumb Code    24  list.o(i.vListInsertEnd)
    vPortEnterCritical                       0x08006885   Thumb Code    78  port.o(i.vPortEnterCritical)
    vPortExitCritical                        0x08006921   Thumb Code    62  port.o(i.vPortExitCritical)
    vPortFree                                0x080069a9   Thumb Code   130  heap_4.o(i.vPortFree)
    vPortSetupTimerInterrupt                 0x08006a71   Thumb Code    26  port.o(i.vPortSetupTimerInterrupt)
    vTaskDelay                               0x08006a91   Thumb Code    92  tasks.o(i.vTaskDelay)
    vTaskMissedYield                         0x08006b29   Thumb Code     8  tasks.o(i.vTaskMissedYield)
    vTaskName                                0x08006b35   Thumb Code     8  tasks.o(i.vTaskName)
    vTaskPlaceOnEventList                    0x08006b41   Thumb Code    70  tasks.o(i.vTaskPlaceOnEventList)
    vTaskPriorityInherit                     0x08006bc1   Thumb Code   126  tasks.o(i.vTaskPriorityInherit)
    vTaskSetTimeOutState                     0x08006c49   Thumb Code    56  tasks.o(i.vTaskSetTimeOutState)
    vTaskStackAddr                           0x08006cb9   Thumb Code     8  tasks.o(i.vTaskStackAddr)
    vTaskStackSize                           0x08006cc5   Thumb Code     8  tasks.o(i.vTaskStackSize)
    vTaskStartScheduler                      0x08006cd1   Thumb Code   108  tasks.o(i.vTaskStartScheduler)
    vTaskSuspendAll                          0x08006d81   Thumb Code    10  tasks.o(i.vTaskSuspendAll)
    vTaskSwitchContext                       0x08006d91   Thumb Code   110  tasks.o(i.vTaskSwitchContext)
    xPortStartScheduler                      0x08006e3d   Thumb Code   274  port.o(i.xPortStartScheduler)
    xPortSysTickHandler                      0x08006fa9   Thumb Code    38  port.o(i.xPortSysTickHandler)
    xQueueCreateMutex                        0x08006fd5   Thumb Code    24  queue.o(i.xQueueCreateMutex)
    xQueueGenericCreate                      0x08006fed   Thumb Code    98  queue.o(i.xQueueGenericCreate)
    xQueueGenericReceive                     0x08007085   Thumb Code   452  queue.o(i.xQueueGenericReceive)
    xQueueGenericReset                       0x08007281   Thumb Code   158  queue.o(i.xQueueGenericReset)
    xQueueGenericSend                        0x08007359   Thumb Code   438  queue.o(i.xQueueGenericSend)
    xTaskCheckForTimeOut                     0x08007549   Thumb Code   160  tasks.o(i.xTaskCheckForTimeOut)
    xTaskCreate                              0x08007621   Thumb Code    96  tasks.o(i.xTaskCreate)
    xTaskGetSchedulerState                   0x08007681   Thumb Code    24  tasks.o(i.xTaskGetSchedulerState)
    xTaskGetTickCount                        0x0800769d   Thumb Code     6  tasks.o(i.xTaskGetTickCount)
    xTaskIncrementTick                       0x080076a9   Thumb Code   222  tasks.o(i.xTaskIncrementTick)
    xTaskPriorityDisinherit                  0x080077c5   Thumb Code   190  tasks.o(i.xTaskPriorityDisinherit)
    xTaskRemoveFromEventList                 0x080078c1   Thumb Code   138  tasks.o(i.xTaskRemoveFromEventList)
    xTaskResumeAll                           0x0800798d   Thumb Code   212  tasks.o(i.xTaskResumeAll)
    SD_Driver                                0x08007cf0   Data          20  sd_diskio.o(.constdata)
    touch_param                              0x08008110   Data          12  gt9xx.o(.constdata)
    AHBPrescTable                            0x080081c6   Data          16  system_stm32f4xx.o(.constdata)
    APBPrescTable                            0x080081d6   Data           8  system_stm32f4xx.o(.constdata)
    Region$$Table$$Base                      0x0800886c   Number         0  anon$$obj.o(Region$$Table)
    Image$$ER_IROM1$$Limit                   0x0800888c   Number         0  anon$$obj.o ABSOLUTE
    Region$$Table$$Limit                     0x0800888c   Number         0  anon$$obj.o(Region$$Table)
    SDPath                                   0x20000000   Data           4  init.o(.data)
    test_task_handle                         0x20000004   Data           4  tasks_init.o(.data)
    elog_assert_hook                         0x20000020   Data           4  elog.o(.data)
    pxCurrentTCB                             0x20000064   Data           4  tasks.o(.data)
    LCD_SCAN_MODE                            0x200000c4   Data           1  bsp_ili9806g_lcd.o(.data)
    LCD_X_LENGTH                             0x200000c6   Data           2  bsp_ili9806g_lcd.o(.data)
    LCD_Y_LENGTH                             0x200000c8   Data           2  bsp_ili9806g_lcd.o(.data)
    touchIC                                  0x200000d0   Data           1  gt9xx.o(.data)
    touchpad_x                               0x200000d2   Data           2  gt9xx.o(.data)
    touchpad_y                               0x200000d4   Data           2  gt9xx.o(.data)
    touchpad_is_down                         0x200000d6   Data           2  gt9xx.o(.data)
    x                                        0x200000dc   Data           4  gt9xx.o(.data)
    y                                        0x200000e0   Data           4  gt9xx.o(.data)
    uwTickFreq                               0x200000e4   Data           1  stm32f4xx_hal.o(.data)
    uwTickPrio                               0x200000e8   Data           4  stm32f4xx_hal.o(.data)
    uwTick                                   0x200000ec   Data           4  stm32f4xx_hal.o(.data)
    SystemCoreClock                          0x200000f0   Data           4  system_stm32f4xx.o(.data)
    disk                                     0x20000834   Data          12  ff_gen_drv.o(.bss)
    uSdHandle                                0x20008be4   Data         132  bsp_sdio_sd.o(.bss)
    STACK$$Base                              0x20008c68   Number         0  startup_stm32f407xx.o(STACK)
    STACK$$Limit                             0x20009068   Number         0  startup_stm32f407xx.o(STACK)
    __initial_sp                             0x20009068   Data           0  startup_stm32f407xx.o(STACK)



==============================================================================

Memory Map of the image

  Image Entry point : 0x08000189

  Load Region LR_IROM1 (Base: 0x08000000, Size: 0x00008980, Max: 0x00100000, ABSOLUTE)

    Execution Region ER_IROM1 (Exec base: 0x08000000, Load base: 0x08000000, Size: 0x0000888c, Max: 0x00100000, ABSOLUTE)

    Exec Addr    Load Addr    Size         Type   Attr      Idx    E Section Name        Object

    0x08000000   0x08000000   0x00000188   Data   RO        11108    RESET               startup_stm32f407xx.o
    0x08000188   0x08000188   0x00000000   Code   RO        11113  * .ARM.Collect$$$$00000000  mc_w.l(entry.o)
    0x08000188   0x08000188   0x00000004   Code   RO        11397    .ARM.Collect$$$$00000001  mc_w.l(entry2.o)
    0x0800018c   0x0800018c   0x00000004   Code   RO        11400    .ARM.Collect$$$$00000004  mc_w.l(entry5.o)
    0x08000190   0x08000190   0x00000000   Code   RO        11402    .ARM.Collect$$$$00000008  mc_w.l(entry7b.o)
    0x08000190   0x08000190   0x00000000   Code   RO        11404    .ARM.Collect$$$$0000000A  mc_w.l(entry8b.o)
    0x08000190   0x08000190   0x00000008   Code   RO        11405    .ARM.Collect$$$$0000000B  mc_w.l(entry9a.o)
    0x08000198   0x08000198   0x00000000   Code   RO        11407    .ARM.Collect$$$$0000000D  mc_w.l(entry10a.o)
    0x08000198   0x08000198   0x00000000   Code   RO        11409    .ARM.Collect$$$$0000000F  mc_w.l(entry11a.o)
    0x08000198   0x08000198   0x00000004   Code   RO        11398    .ARM.Collect$$$$00002712  mc_w.l(entry2.o)
    0x0800019c   0x0800019c   0x00000010   Code   RO          859    .emb_text           cm_backtrace.o
    0x080001ac   0x080001ac   0x000000c6   Code   RO         2316    .emb_text           port.o
    0x08000272   0x08000272   0x00000002   PAD
    0x08000274   0x08000274   0x0000002a   Code   RO         1012    .text               cmb_fault.o
    0x0800029e   0x0800029e   0x00000002   PAD
    0x080002a0   0x080002a0   0x00000024   Code   RO        11109    .text               startup_stm32f407xx.o
    0x080002c4   0x080002c4   0x00000062   Code   RO        11116    .text               mc_w.l(uldiv.o)
    0x08000326   0x08000326   0x00000024   Code   RO        11118    .text               mc_w.l(memcpya.o)
    0x0800034a   0x0800034a   0x00000024   Code   RO        11120    .text               mc_w.l(memseta.o)
    0x0800036e   0x0800036e   0x00000024   Code   RO        11122    .text               mc_w.l(strstr.o)
    0x08000392   0x08000392   0x00000018   Code   RO        11124    .text               mc_w.l(strncpy.o)
    0x080003aa   0x080003aa   0x0000000e   Code   RO        11126    .text               mc_w.l(strlen.o)
    0x080003b8   0x080003b8   0x0000001e   Code   RO        11132    .text               mc_w.l(strncmp.o)
    0x080003d6   0x080003d6   0x0000002c   Code   RO        11414    .text               mc_w.l(uidiv.o)
    0x08000402   0x08000402   0x0000001e   Code   RO        11416    .text               mc_w.l(llshl.o)
    0x08000420   0x08000420   0x00000020   Code   RO        11418    .text               mc_w.l(llushr.o)
    0x08000440   0x08000440   0x00000000   Code   RO        11420    .text               mc_w.l(iusefp.o)
    0x08000440   0x08000440   0x0000014e   Code   RO        11421    .text               mf_w.l(dadd.o)
    0x0800058e   0x0800058e   0x000000e4   Code   RO        11423    .text               mf_w.l(dmul.o)
    0x08000672   0x08000672   0x000000de   Code   RO        11425    .text               mf_w.l(ddiv.o)
    0x08000750   0x08000750   0x00000030   Code   RO        11427    .text               mf_w.l(dfixul.o)
    0x08000780   0x08000780   0x00000030   Code   RO        11429    .text               mf_w.l(cdrcmple.o)
    0x080007b0   0x080007b0   0x00000024   Code   RO        11431    .text               mc_w.l(init.o)
    0x080007d4   0x080007d4   0x00000024   Code   RO        11434    .text               mc_w.l(llsshr.o)
    0x080007f8   0x080007f8   0x000000ba   Code   RO        11437    .text               mf_w.l(depilogue.o)
    0x080008b2   0x080008b2   0x00000002   PAD
    0x080008b4   0x080008b4   0x0000000c   Code   RO         2864    i.BSP_SD_GetCardInfo  bsp_sdio_sd.o
    0x080008c0   0x080008c0   0x00000018   Code   RO         2865    i.BSP_SD_GetCardState  bsp_sdio_sd.o
    0x080008d8   0x080008d8   0x0000004c   Code   RO         2866    i.BSP_SD_Init       bsp_sdio_sd.o
    0x08000924   0x08000924   0x00000154   Code   RO         2867    i.BSP_SD_MspInit    bsp_sdio_sd.o
    0x08000a78   0x08000a78   0x00000020   Code   RO         2868    i.BSP_SD_ReadBlocks  bsp_sdio_sd.o
    0x08000a98   0x08000a98   0x00000020   Code   RO         2871    i.BSP_SD_WriteBlocks  bsp_sdio_sd.o
    0x08000ab8   0x08000ab8   0x00000024   Code   RO         2978    i.CPU_TS_TmrInit    delay.o
    0x08000adc   0x08000adc   0x0000002c   Code   RO         4349    i.DMA_CalcBaseAndBitshift  stm32f4xx_hal_dma.o
    0x08000b08   0x08000b08   0x00000078   Code   RO         4350    i.DMA_CheckFifoParam  stm32f4xx_hal_dma.o
    0x08000b80   0x08000b80   0x00000002   Code   RO          309    i.DebugMon_Handler  stm32f4xx_it.o
    0x08000b82   0x08000b82   0x00000002   Code   RO          310    i.EXTI0_IRQHandler  stm32f4xx_it.o
    0x08000b84   0x08000b84   0x00000018   Code   RO          311    i.EXTI9_5_IRQHandler  stm32f4xx_it.o
    0x08000b9c   0x08000b9c   0x00000006   Code   RO         1413    i.FATFS_LinkDriver  ff_gen_drv.o
    0x08000ba2   0x08000ba2   0x00000002   PAD
    0x08000ba4   0x08000ba4   0x00000040   Code   RO         1414    i.FATFS_LinkDriverEx  ff_gen_drv.o
    0x08000be4   0x08000be4   0x000000e0   Code   RO         2718    i.GTP_I2C_Read      gt9xx.o
    0x08000cc4   0x08000cc4   0x000000cc   Code   RO         2721    i.GTP_I2C_Write     gt9xx.o
    0x08000d90   0x08000d90   0x00000004   Code   RO         2728    i.GTP_TouchProcess  gt9xx.o
    0x08000d94   0x08000d94   0x000001d0   Code   RO         2733    i.Goodix_TS_Work_Func  gt9xx.o
    0x08000f64   0x08000f64   0x0000005a   Code   RO         4354    i.HAL_DMA_DeInit    stm32f4xx_hal_dma.o
    0x08000fbe   0x08000fbe   0x00000002   PAD
    0x08000fc0   0x08000fc0   0x000000d4   Code   RO         4358    i.HAL_DMA_Init      stm32f4xx_hal_dma.o
    0x08001094   0x08001094   0x00000024   Code   RO         3024    i.HAL_Delay         stm32f4xx_hal.o
    0x080010b8   0x080010b8   0x000001c4   Code   RO         5010    i.HAL_GPIO_Init     stm32f4xx_hal_gpio.o
    0x0800127c   0x0800127c   0x0000000e   Code   RO         5012    i.HAL_GPIO_ReadPin  stm32f4xx_hal_gpio.o
    0x0800128a   0x0800128a   0x0000000e   Code   RO         5014    i.HAL_GPIO_WritePin  stm32f4xx_hal_gpio.o
    0x08001298   0x08001298   0x0000000c   Code   RO         3029    i.HAL_GetREVID      stm32f4xx_hal.o
    0x080012a4   0x080012a4   0x0000000c   Code   RO         3030    i.HAL_GetTick       stm32f4xx_hal.o
    0x080012b0   0x080012b0   0x00000010   Code   RO         3034    i.HAL_IncTick       stm32f4xx_hal.o
    0x080012c0   0x080012c0   0x0000002c   Code   RO         3035    i.HAL_Init          stm32f4xx_hal.o
    0x080012ec   0x080012ec   0x00000044   Code   RO         3036    i.HAL_InitTick      stm32f4xx_hal.o
    0x08001330   0x08001330   0x00000002   Code   RO         3038    i.HAL_MspInit       stm32f4xx_hal.o
    0x08001332   0x08001332   0x00000016   Code   RO         3720    i.HAL_NVIC_EnableIRQ  stm32f4xx_hal_cortex.o
    0x08001348   0x08001348   0x00000040   Code   RO         3726    i.HAL_NVIC_SetPriority  stm32f4xx_hal_cortex.o
    0x08001388   0x08001388   0x00000024   Code   RO         3727    i.HAL_NVIC_SetPriorityGrouping  stm32f4xx_hal_cortex.o
    0x080013ac   0x080013ac   0x00000144   Code   RO         7212    i.HAL_RCC_ClockConfig  stm32f4xx_hal_rcc.o
    0x080014f0   0x080014f0   0x0000000c   Code   RO         7217    i.HAL_RCC_GetHCLKFreq  stm32f4xx_hal_rcc.o
    0x080014fc   0x080014fc   0x00000020   Code   RO         7219    i.HAL_RCC_GetPCLK1Freq  stm32f4xx_hal_rcc.o
    0x0800151c   0x0800151c   0x00000020   Code   RO         7220    i.HAL_RCC_GetPCLK2Freq  stm32f4xx_hal_rcc.o
    0x0800153c   0x0800153c   0x0000006c   Code   RO         7221    i.HAL_RCC_GetSysClockFreq  stm32f4xx_hal_rcc.o
    0x080015a8   0x080015a8   0x00000390   Code   RO         7224    i.HAL_RCC_OscConfig  stm32f4xx_hal_rcc.o
    0x08001938   0x08001938   0x000000a2   Code   RO         7868    i.HAL_SD_ConfigWideBusOperation  stm32f4xx_hal_sd.o
    0x080019da   0x080019da   0x000001de   Code   RO         7873    i.HAL_SD_GetCardCSD  stm32f4xx_hal_sd.o
    0x08001bb8   0x08001bb8   0x00000024   Code   RO         7874    i.HAL_SD_GetCardInfo  stm32f4xx_hal_sd.o
    0x08001bdc   0x08001bdc   0x00000020   Code   RO         7875    i.HAL_SD_GetCardState  stm32f4xx_hal_sd.o
    0x08001bfc   0x08001bfc   0x00000038   Code   RO         7880    i.HAL_SD_Init       stm32f4xx_hal_sd.o
    0x08001c34   0x08001c34   0x00000074   Code   RO         7881    i.HAL_SD_InitCard   stm32f4xx_hal_sd.o
    0x08001ca8   0x08001ca8   0x00000002   Code   RO         7883    i.HAL_SD_MspInit    stm32f4xx_hal_sd.o
    0x08001caa   0x08001caa   0x000001f4   Code   RO         7884    i.HAL_SD_ReadBlocks  stm32f4xx_hal_sd.o
    0x08001e9e   0x08001e9e   0x000001c8   Code   RO         7889    i.HAL_SD_WriteBlocks  stm32f4xx_hal_sd.o
    0x08002066   0x08002066   0x0000001c   Code   RO         3729    i.HAL_SYSTICK_CLKSourceConfig  stm32f4xx_hal_cortex.o
    0x08002082   0x08002082   0x00000028   Code   RO         3731    i.HAL_SYSTICK_Config  stm32f4xx_hal_cortex.o
    0x080020aa   0x080020aa   0x00000064   Code   RO         9761    i.HAL_UART_Init     stm32f4xx_hal_uart.o
    0x0800210e   0x0800210e   0x00000002   PAD
    0x08002110   0x08002110   0x0000007c   Code   RO          768    i.HAL_UART_MspInit  elog_port.o
    0x0800218c   0x0800218c   0x000000cc   Code   RO         9769    i.HAL_UART_Transmit  stm32f4xx_hal_uart.o
    0x08002258   0x08002258   0x0000004a   Code   RO         2610    i.I2C_ReadBytes     bsp_i2c_touch.o
    0x080022a2   0x080022a2   0x00000044   Code   RO         2734    i.I2C_Transfer      gt9xx.o
    0x080022e6   0x080022e6   0x00000058   Code   RO         2613    i.I2C_WriteBytes    bsp_i2c_touch.o
    0x0800233e   0x0800233e   0x00000002   Code   RO          312    i.NMI_Handler       stm32f4xx_it.o
    0x08002340   0x08002340   0x00000020   Code   RO         3733    i.NVIC_SetPriority  stm32f4xx_hal_cortex.o
    0x08002360   0x08002360   0x00000024   Code   RO        10507    i.SDIO_ConfigData   stm32f4xx_ll_sdmmc.o
    0x08002384   0x08002384   0x00000006   Code   RO        10508    i.SDIO_GetCommandResponse  stm32f4xx_ll_sdmmc.o
    0x0800238a   0x0800238a   0x00000008   Code   RO        10511    i.SDIO_GetPowerState  stm32f4xx_ll_sdmmc.o
    0x08002392   0x08002392   0x0000000e   Code   RO        10512    i.SDIO_GetResponse  stm32f4xx_ll_sdmmc.o
    0x080023a0   0x080023a0   0x0000002a   Code   RO        10513    i.SDIO_Init         stm32f4xx_ll_sdmmc.o
    0x080023ca   0x080023ca   0x00000008   Code   RO        10515    i.SDIO_PowerState_ON  stm32f4xx_ll_sdmmc.o
    0x080023d2   0x080023d2   0x00000006   Code   RO        10516    i.SDIO_ReadFIFO     stm32f4xx_ll_sdmmc.o
    0x080023d8   0x080023d8   0x00000020   Code   RO        10517    i.SDIO_SendCommand  stm32f4xx_ll_sdmmc.o
    0x080023f8   0x080023f8   0x0000000a   Code   RO        10519    i.SDIO_WriteFIFO    stm32f4xx_ll_sdmmc.o
    0x08002402   0x08002402   0x00000032   Code   RO        10520    i.SDMMC_CmdAppCommand  stm32f4xx_ll_sdmmc.o
    0x08002434   0x08002434   0x00000034   Code   RO        10521    i.SDMMC_CmdAppOperCommand  stm32f4xx_ll_sdmmc.o
    0x08002468   0x08002468   0x00000032   Code   RO        10522    i.SDMMC_CmdBlockLength  stm32f4xx_ll_sdmmc.o
    0x0800249a   0x0800249a   0x00000032   Code   RO        10523    i.SDMMC_CmdBusWidth  stm32f4xx_ll_sdmmc.o
    0x080024cc   0x080024cc   0x00000028   Code   RO        10527    i.SDMMC_CmdGoIdleState  stm32f4xx_ll_sdmmc.o
    0x080024f4   0x080024f4   0x00000030   Code   RO        10529    i.SDMMC_CmdOperCond  stm32f4xx_ll_sdmmc.o
    0x08002524   0x08002524   0x00000032   Code   RO        10530    i.SDMMC_CmdReadMultiBlock  stm32f4xx_ll_sdmmc.o
    0x08002556   0x08002556   0x00000032   Code   RO        10531    i.SDMMC_CmdReadSingleBlock  stm32f4xx_ll_sdmmc.o
    0x08002588   0x08002588   0x00000032   Code   RO        10534    i.SDMMC_CmdSelDesel  stm32f4xx_ll_sdmmc.o
    0x080025ba   0x080025ba   0x0000002c   Code   RO        10535    i.SDMMC_CmdSendCID  stm32f4xx_ll_sdmmc.o
    0x080025e6   0x080025e6   0x0000002c   Code   RO        10536    i.SDMMC_CmdSendCSD  stm32f4xx_ll_sdmmc.o
    0x08002612   0x08002612   0x00000030   Code   RO        10537    i.SDMMC_CmdSendSCR  stm32f4xx_ll_sdmmc.o
    0x08002642   0x08002642   0x00000032   Code   RO        10538    i.SDMMC_CmdSendStatus  stm32f4xx_ll_sdmmc.o
    0x08002674   0x08002674   0x00000030   Code   RO        10539    i.SDMMC_CmdSetRelAdd  stm32f4xx_ll_sdmmc.o
    0x080026a4   0x080026a4   0x00000034   Code   RO        10541    i.SDMMC_CmdStopTransfer  stm32f4xx_ll_sdmmc.o
    0x080026d8   0x080026d8   0x00000032   Code   RO        10543    i.SDMMC_CmdWriteMultiBlock  stm32f4xx_ll_sdmmc.o
    0x0800270a   0x0800270a   0x00000032   Code   RO        10544    i.SDMMC_CmdWriteSingleBlock  stm32f4xx_ll_sdmmc.o
    0x0800273c   0x0800273c   0x00000034   Code   RO        10545    i.SDMMC_GetCmdError  stm32f4xx_ll_sdmmc.o
    0x08002770   0x08002770   0x00000124   Code   RO        10546    i.SDMMC_GetCmdResp1  stm32f4xx_ll_sdmmc.o
    0x08002894   0x08002894   0x00000050   Code   RO        10547    i.SDMMC_GetCmdResp2  stm32f4xx_ll_sdmmc.o
    0x080028e4   0x080028e4   0x00000044   Code   RO        10548    i.SDMMC_GetCmdResp3  stm32f4xx_ll_sdmmc.o
    0x08002928   0x08002928   0x0000008c   Code   RO        10549    i.SDMMC_GetCmdResp6  stm32f4xx_ll_sdmmc.o
    0x080029b4   0x080029b4   0x00000048   Code   RO        10550    i.SDMMC_GetCmdResp7  stm32f4xx_ll_sdmmc.o
    0x080029fc   0x080029fc   0x00000118   Code   RO         7897    i.SD_FindSCR        stm32f4xx_hal_sd.o
    0x08002b14   0x08002b14   0x000000e2   Code   RO         7898    i.SD_InitCard       stm32f4xx_hal_sd.o
    0x08002bf6   0x08002bf6   0x000000c4   Code   RO         7900    i.SD_PowerON        stm32f4xx_hal_sd.o
    0x08002cba   0x08002cba   0x0000002e   Code   RO         7903    i.SD_SendStatus     stm32f4xx_hal_sd.o
    0x08002ce8   0x08002ce8   0x00000052   Code   RO         7904    i.SD_WideBus_Disable  stm32f4xx_hal_sd.o
    0x08002d3a   0x08002d3a   0x00000052   Code   RO         7905    i.SD_WideBus_Enable  stm32f4xx_hal_sd.o
    0x08002d8c   0x08002d8c   0x00000020   Code   RO         1556    i.SD_initialize     sd_diskio.o
    0x08002dac   0x08002dac   0x00000058   Code   RO         1557    i.SD_ioctl          sd_diskio.o
    0x08002e04   0x08002e04   0x00000038   Code   RO         1558    i.SD_read           sd_diskio.o
    0x08002e3c   0x08002e3c   0x00000020   Code   RO         1559    i.SD_status         sd_diskio.o
    0x08002e5c   0x08002e5c   0x00000038   Code   RO         1560    i.SD_write          sd_diskio.o
    0x08002e94   0x08002e94   0x0000002a   Code   RO          313    i.SysTick_Handler   stm32f4xx_it.o
    0x08002ebe   0x08002ebe   0x00000002   PAD
    0x08002ec0   0x08002ec0   0x000000bc   Code   RO          382    i.SystemClock_Config  init.o
    0x08002f7c   0x08002f7c   0x00000054   Code   RO        11072    i.SystemInit        system_stm32f4xx.o
    0x08002fd0   0x08002fd0   0x00000314   Code   RO         9788    i.UART_SetConfig    stm32f4xx_hal_uart.o
    0x080032e4   0x080032e4   0x00000064   Code   RO         9790    i.UART_WaitOnFlagUntilTimeout  stm32f4xx_hal_uart.o
    0x08003348   0x08003348   0x00000048   Code   RO         2877    i.WIFI_PDN_INIT     bsp_sdio_sd.o
    0x08003390   0x08003390   0x00000030   Code   RO        11370    i.__0snprintf       mc_w.l(printfa.o)
    0x080033c0   0x080033c0   0x00000028   Code   RO        11371    i.__0sprintf        mc_w.l(printfa.o)
    0x080033e8   0x080033e8   0x0000002c   Code   RO        11374    i.__0vsnprintf      mc_w.l(printfa.o)
    0x08003414   0x08003414   0x0000000e   Code   RO        11441    i.__scatterload_copy  mc_w.l(handlers.o)
    0x08003422   0x08003422   0x00000002   Code   RO        11442    i.__scatterload_null  mc_w.l(handlers.o)
    0x08003424   0x08003424   0x0000000e   Code   RO        11443    i.__scatterload_zeroinit  mc_w.l(handlers.o)
    0x08003432   0x08003432   0x00000002   PAD
    0x08003434   0x08003434   0x00000184   Code   RO        11376    i._fp_digits        mc_w.l(printfa.o)
    0x080035b8   0x080035b8   0x000006dc   Code   RO        11377    i._printf_core      mc_w.l(printfa.o)
    0x08003c94   0x08003c94   0x00000024   Code   RO        11378    i._printf_post_padding  mc_w.l(printfa.o)
    0x08003cb8   0x08003cb8   0x0000002e   Code   RO        11379    i._printf_pre_padding  mc_w.l(printfa.o)
    0x08003ce6   0x08003ce6   0x00000016   Code   RO        11380    i._snputc           mc_w.l(printfa.o)
    0x08003cfc   0x08003cfc   0x0000000a   Code   RO        11381    i._sputc            mc_w.l(printfa.o)
    0x08003d06   0x08003d06   0x00000002   PAD
    0x08003d08   0x08003d08   0x00000080   Code   RO         1074    i.check_fs          ff.o
    0x08003d88   0x08003d88   0x000000a8   Code   RO          860    i.cm_backtrace_assert  cm_backtrace.o
    0x08003e30   0x08003e30   0x000000ec   Code   RO          861    i.cm_backtrace_call_stack  cm_backtrace.o
    0x08003f1c   0x08003f1c   0x00000254   Code   RO          863    i.cm_backtrace_fault  cm_backtrace.o
    0x08004170   0x08004170   0x0000001c   Code   RO          864    i.cm_backtrace_firmware_info  cm_backtrace.o
    0x0800418c   0x0800418c   0x00000070   Code   RO          865    i.cm_backtrace_init  cm_backtrace.o
    0x080041fc   0x080041fc   0x00000022   Code   RO          978    i.cmb_get_current_sp  cmb_port.o
    0x0800421e   0x0800421e   0x0000004c   Code   RO          979    i.cmb_println_impl  cmb_port.o
    0x0800426a   0x0800426a   0x00000002   PAD
    0x0800426c   0x0800426c   0x000000dc   Code   RO          470    i.createTasksFromArray  tasks_init.o
    0x08004348   0x08004348   0x00000028   Code   RO          866    i.disassembly_ins_is_bl_blx  cm_backtrace.o
    0x08004370   0x08004370   0x0000002c   Code   RO         1019    i.disk_initialize   diskio.o
    0x0800439c   0x0800439c   0x0000001c   Code   RO         1020    i.disk_ioctl        diskio.o
    0x080043b8   0x080043b8   0x0000001c   Code   RO         1021    i.disk_read         diskio.o
    0x080043d4   0x080043d4   0x00000018   Code   RO         1022    i.disk_status       diskio.o
    0x080043ec   0x080043ec   0x0000001c   Code   RO         1023    i.disk_write        diskio.o
    0x08004408   0x08004408   0x000000b8   Code   RO          867    i.dump_stack        cm_backtrace.o
    0x080044c0   0x080044c0   0x000000f4   Code   RO          558    i.elog_get_filter_tag_lvl  elog.o
    0x080045b4   0x080045b4   0x0000003c   Code   RO          561    i.elog_init         elog.o
    0x080045f0   0x080045f0   0x0000037c   Code   RO          562    i.elog_output       elog.o
    0x0800496c   0x0800496c   0x00000024   Code   RO          563    i.elog_output_lock  elog.o
    0x08004990   0x08004990   0x00000030   Code   RO          564    i.elog_output_lock_enabled  elog.o
    0x080049c0   0x080049c0   0x00000024   Code   RO          565    i.elog_output_unlock  elog.o
    0x080049e4   0x080049e4   0x00000008   Code   RO          770    i.elog_port_get_p_info  elog_port.o
    0x080049ec   0x080049ec   0x00000030   Code   RO          771    i.elog_port_get_t_info  elog_port.o
    0x08004a1c   0x08004a1c   0x00000030   Code   RO          772    i.elog_port_get_time  elog_port.o
    0x08004a4c   0x08004a4c   0x00000044   Code   RO          773    i.elog_port_init    elog_port.o
    0x08004a90   0x08004a90   0x0000002a   Code   RO          774    i.elog_port_is_unlocked_context  elog_port.o
    0x08004aba   0x08004aba   0x00000002   PAD
    0x08004abc   0x08004abc   0x0000003c   Code   RO          775    i.elog_port_output  elog_port.o
    0x08004af8   0x08004af8   0x00000028   Code   RO          776    i.elog_port_output_lock  elog_port.o
    0x08004b20   0x08004b20   0x00000028   Code   RO          777    i.elog_port_output_unlock  elog_port.o
    0x08004b48   0x08004b48   0x000000b4   Code   RO          569    i.elog_set_filter_lvl  elog.o
    0x08004bfc   0x08004bfc   0x00000034   Code   RO          572    i.elog_set_filter_tag_lvl_default  elog.o
    0x08004c30   0x08004c30   0x000000bc   Code   RO          573    i.elog_set_fmt      elog.o
    0x08004cec   0x08004cec   0x0000000c   Code   RO          574    i.elog_set_output_enabled  elog.o
    0x08004cf8   0x08004cf8   0x0000008c   Code   RO          575    i.elog_start        elog.o
    0x08004d84   0x08004d84   0x000000f8   Code   RO          733    i.elog_strcpy       elog_utils.o
    0x08004e7c   0x08004e7c   0x00000526   Code   RO         1095    i.f_mkfs            ff.o
    0x080053a2   0x080053a2   0x00000002   PAD
    0x080053a4   0x080053a4   0x00000050   Code   RO         1096    i.f_mount           ff.o
    0x080053f4   0x080053f4   0x00000164   Code   RO          383    i.fatfs_init        init.o
    0x08005558   0x08005558   0x000001a0   Code   RO          868    i.fault_diagnosis   cm_backtrace.o
    0x080056f8   0x080056f8   0x00000314   Code   RO         1111    i.find_volume       ff.o
    0x08005a0c   0x08005a0c   0x00000004   Code   RO          869    i.get_cur_thread_name  cm_backtrace.o
    0x08005a10   0x08005a10   0x0000006c   Code   RO          870    i.get_cur_thread_stack_info  cm_backtrace.o
    0x08005a7c   0x08005a7c   0x000000c8   Code   RO          577    i.get_fmt_enabled   elog.o
    0x08005b44   0x08005b44   0x00000014   Code   RO          578    i.get_fmt_used_and_enabled_ptr  elog.o
    0x08005b58   0x08005b58   0x00000014   Code   RO          579    i.get_fmt_used_and_enabled_u32  elog.o
    0x08005b6c   0x08005b6c   0x00000042   Code   RO         1117    i.get_ldnumber      ff.o
    0x08005bae   0x08005bae   0x00000002   PAD
    0x08005bb0   0x08005bb0   0x0000002c   Code   RO         2614    i.i2c_Ack           bsp_i2c_touch.o
    0x08005bdc   0x08005bdc   0x0000000c   Code   RO         2615    i.i2c_Delay         bsp_i2c_touch.o
    0x08005be8   0x08005be8   0x00000028   Code   RO         2616    i.i2c_NAck          bsp_i2c_touch.o
    0x08005c10   0x08005c10   0x00000048   Code   RO         2617    i.i2c_ReadByte      bsp_i2c_touch.o
    0x08005c58   0x08005c58   0x00000054   Code   RO         2618    i.i2c_SendByte      bsp_i2c_touch.o
    0x08005cac   0x08005cac   0x0000002c   Code   RO         2619    i.i2c_Start         bsp_i2c_touch.o
    0x08005cd8   0x08005cd8   0x0000001c   Code   RO         2620    i.i2c_Stop          bsp_i2c_touch.o
    0x08005cf4   0x08005cf4   0x00000038   Code   RO         2621    i.i2c_WaitAck       bsp_i2c_touch.o
    0x08005d2c   0x08005d2c   0x00000084   Code   RO          384    i.init              init.o
    0x08005db0   0x08005db0   0x0000000e   Code   RO            5    i.main              main.o
    0x08005dbe   0x08005dbe   0x00000012   Code   RO         1120    i.mem_cpy           ff.o
    0x08005dd0   0x08005dd0   0x00000010   Code   RO         1121    i.mem_set           ff.o
    0x08005de0   0x08005de0   0x00000038   Code   RO         1122    i.move_window       ff.o
    0x08005e18   0x08005e18   0x00000070   Code   RO         1951    i.pcTaskGetName     tasks.o
    0x08005e88   0x08005e88   0x00000084   Code   RO          871    i.print_call_stack  cm_backtrace.o
    0x08005f0c   0x08005f0c   0x00000070   Code   RO         1952    i.prvAddCurrentTaskToDelayedList  tasks.o
    0x08005f7c   0x08005f7c   0x00000088   Code   RO         1953    i.prvAddNewTaskToReadyList  tasks.o
    0x08006004   0x08006004   0x00000054   Code   RO         1954    i.prvCheckTasksWaitingTermination  tasks.o
    0x08006058   0x08006058   0x00000028   Code   RO         1784    i.prvCopyDataFromQueue  queue.o
    0x08006080   0x08006080   0x0000006e   Code   RO         1785    i.prvCopyDataToQueue  queue.o
    0x080060ee   0x080060ee   0x00000014   Code   RO         1955    i.prvDeleteTCB      tasks.o
    0x08006102   0x08006102   0x00000002   PAD
    0x08006104   0x08006104   0x0000004c   Code   RO         2407    i.prvHeapInit       heap_4.o
    0x08006150   0x08006150   0x00000028   Code   RO         1956    i.prvIdleTask       tasks.o
    0x08006178   0x08006178   0x00000018   Code   RO         1786    i.prvInitialiseMutex  queue.o
    0x08006190   0x08006190   0x00000018   Code   RO         1787    i.prvInitialiseNewQueue  queue.o
    0x080061a8   0x080061a8   0x000000dc   Code   RO         1957    i.prvInitialiseNewTask  tasks.o
    0x08006284   0x08006284   0x00000058   Code   RO         1958    i.prvInitialiseTaskLists  tasks.o
    0x080062dc   0x080062dc   0x00000054   Code   RO         2408    i.prvInsertBlockIntoFreeList  heap_4.o
    0x08006330   0x08006330   0x0000001a   Code   RO         1788    i.prvIsQueueEmpty   queue.o
    0x0800634a   0x0800634a   0x0000001e   Code   RO         1789    i.prvIsQueueFull    queue.o
    0x08006368   0x08006368   0x00000024   Code   RO         1959    i.prvResetNextTaskUnblockTime  tasks.o
    0x0800638c   0x0800638c   0x00000088   Code   RO         2317    i.prvTaskExitError  port.o
    0x08006414   0x08006414   0x0000006a   Code   RO         1790    i.prvUnlockQueue    queue.o
    0x0800647e   0x0800647e   0x00000002   PAD
    0x08006480   0x08006480   0x00000158   Code   RO         2409    i.pvPortMalloc      heap_4.o
    0x080065d8   0x080065d8   0x00000018   Code   RO         1961    i.pvTaskIncrementMutexHeldCount  tasks.o
    0x080065f0   0x080065f0   0x00000024   Code   RO         2318    i.pxPortInitialiseStack  port.o
    0x08006614   0x08006614   0x0000001c   Code   RO          872    i.statck_del_fpu_regs  cm_backtrace.o
    0x08006630   0x08006630   0x00000062   Code   RO         1130    i.sync_window       ff.o
    0x08006692   0x08006692   0x00000002   PAD
    0x08006694   0x08006694   0x0000000c   Code   RO          471    i.task_init         tasks_init.o
    0x080066a0   0x080066a0   0x00000130   Code   RO          521    i.test_task         tasks_test.o
    0x080067d0   0x080067d0   0x0000002c   Code   RO          522    i.test_task_trigger_fault  tasks_test.o
    0x080067fc   0x080067fc   0x00000024   Code   RO         1732    i.uxListRemove      list.o
    0x08006820   0x08006820   0x00000016   Code   RO         1733    i.vListInitialise   list.o
    0x08006836   0x08006836   0x00000006   Code   RO         1734    i.vListInitialiseItem  list.o
    0x0800683c   0x0800683c   0x00000030   Code   RO         1735    i.vListInsert       list.o
    0x0800686c   0x0800686c   0x00000018   Code   RO         1736    i.vListInsertEnd    list.o
    0x08006884   0x08006884   0x0000009c   Code   RO         2320    i.vPortEnterCritical  port.o
    0x08006920   0x08006920   0x00000088   Code   RO         2321    i.vPortExitCritical  port.o
    0x080069a8   0x080069a8   0x000000c8   Code   RO         2410    i.vPortFree         heap_4.o
    0x08006a70   0x08006a70   0x00000020   Code   RO         2322    i.vPortSetupTimerInterrupt  port.o
    0x08006a90   0x08006a90   0x00000098   Code   RO         1967    i.vTaskDelay        tasks.o
    0x08006b28   0x08006b28   0x0000000c   Code   RO         1971    i.vTaskMissedYield  tasks.o
    0x08006b34   0x08006b34   0x0000000c   Code   RO         1972    i.vTaskName         tasks.o
    0x08006b40   0x08006b40   0x00000080   Code   RO         1974    i.vTaskPlaceOnEventList  tasks.o
    0x08006bc0   0x08006bc0   0x00000088   Code   RO         1976    i.vTaskPriorityInherit  tasks.o
    0x08006c48   0x08006c48   0x00000070   Code   RO         1979    i.vTaskSetTimeOutState  tasks.o
    0x08006cb8   0x08006cb8   0x0000000c   Code   RO         1980    i.vTaskStackAddr    tasks.o
    0x08006cc4   0x08006cc4   0x0000000c   Code   RO         1981    i.vTaskStackSize    tasks.o
    0x08006cd0   0x08006cd0   0x000000b0   Code   RO         1982    i.vTaskStartScheduler  tasks.o
    0x08006d80   0x08006d80   0x00000010   Code   RO         1984    i.vTaskSuspendAll   tasks.o
    0x08006d90   0x08006d90   0x000000ac   Code   RO         1985    i.vTaskSwitchContext  tasks.o
    0x08006e3c   0x08006e3c   0x0000016c   Code   RO         2324    i.xPortStartScheduler  port.o
    0x08006fa8   0x08006fa8   0x0000002c   Code   RO         2325    i.xPortSysTickHandler  port.o
    0x08006fd4   0x08006fd4   0x00000018   Code   RO         1796    i.xQueueCreateMutex  queue.o
    0x08006fec   0x08006fec   0x00000098   Code   RO         1797    i.xQueueGenericCreate  queue.o
    0x08007084   0x08007084   0x000001fc   Code   RO         1798    i.xQueueGenericReceive  queue.o
    0x08007280   0x08007280   0x000000d8   Code   RO         1799    i.xQueueGenericReset  queue.o
    0x08007358   0x08007358   0x000001f0   Code   RO         1800    i.xQueueGenericSend  queue.o
    0x08007548   0x08007548   0x000000d8   Code   RO         1986    i.xTaskCheckForTimeOut  tasks.o
    0x08007620   0x08007620   0x00000060   Code   RO         1987    i.xTaskCreate       tasks.o
    0x08007680   0x08007680   0x0000001c   Code   RO         1991    i.xTaskGetSchedulerState  tasks.o
    0x0800769c   0x0800769c   0x0000000c   Code   RO         1992    i.xTaskGetTickCount  tasks.o
    0x080076a8   0x080076a8   0x0000011c   Code   RO         1994    i.xTaskIncrementTick  tasks.o
    0x080077c4   0x080077c4   0x000000fc   Code   RO         1997    i.xTaskPriorityDisinherit  tasks.o
    0x080078c0   0x080078c0   0x000000cc   Code   RO         1998    i.xTaskRemoveFromEventList  tasks.o
    0x0800798c   0x0800798c   0x00000118   Code   RO         2000    i.xTaskResumeAll    tasks.o
    0x08007aa4   0x08007aa4   0x0000000b   Data   RO          386    .constdata          init.o
    0x08007aaf   0x08007aaf   0x00000015   Data   RO          472    .constdata          tasks_init.o
    0x08007ac4   0x08007ac4   0x0000000a   Data   RO          523    .constdata          tasks_test.o
    0x08007ace   0x08007ace   0x000000c6   Data   RO          581    .constdata          elog.o
    0x08007b94   0x08007b94   0x00000023   Data   RO          734    .constdata          elog_utils.o
    0x08007bb7   0x08007bb7   0x00000001   PAD
    0x08007bb8   0x08007bb8   0x000000fc   Data   RO          874    .constdata          cm_backtrace.o
    0x08007cb4   0x08007cb4   0x0000003a   Data   RO         1133    .constdata          ff.o
    0x08007cee   0x08007cee   0x00000002   PAD
    0x08007cf0   0x08007cf0   0x00000014   Data   RO         1561    .constdata          sd_diskio.o
    0x08007d04   0x08007d04   0x0000017c   Data   RO         1809    .constdata          queue.o
    0x08007e80   0x08007e80   0x000001eb   Data   RO         2003    .constdata          tasks.o
    0x0800806b   0x0800806b   0x0000007b   Data   RO         2326    .constdata          port.o
    0x080080e6   0x080080e6   0x00000017   Data   RO         2415    .constdata          heap_4.o
    0x080080fd   0x080080fd   0x00000003   PAD
    0x08008100   0x08008100   0x000000be   Data   RO         2739    .constdata          gt9xx.o
    0x080081be   0x080081be   0x00000008   Data   RO         4364    .constdata          stm32f4xx_hal_dma.o
    0x080081c6   0x080081c6   0x00000010   Data   RO        11073    .constdata          system_stm32f4xx.o
    0x080081d6   0x080081d6   0x00000008   Data   RO        11074    .constdata          system_stm32f4xx.o
    0x080081de   0x080081de   0x00000002   PAD
    0x080081e0   0x080081e0   0x0000000a   Data   RO          473    .conststring        tasks_init.o
    0x080081ea   0x080081ea   0x00000002   PAD
    0x080081ec   0x080081ec   0x00000017   Data   RO          582    .conststring        elog.o
    0x08008203   0x08008203   0x00000001   PAD
    0x08008204   0x08008204   0x00000666   Data   RO          875    .conststring        cm_backtrace.o
    0x0800886a   0x0800886a   0x00000002   PAD
    0x0800886c   0x0800886c   0x00000020   Data   RO        11439    Region$$Table       anon$$obj.o


    Execution Region RW_IRAM2 (Exec base: 0x10000000, Load base: 0x08008980, Size: 0x00000000, Max: 0x00010000, ABSOLUTE)

    **** No section assigned to this execution region ****


    Execution Region RW_IRAM1 (Exec base: 0x20000000, Load base: 0x0800888c, Size: 0x00009068, Max: 0x00020000, ABSOLUTE)

    Exec Addr    Load Addr    Size         Type   Attr      Idx    E Section Name        Object

    0x20000000   0x0800888c   0x00000004   Data   RW          387    .data               init.o
    0x20000004   0x08008890   0x00000004   Data   RW          474    .data               tasks_init.o
    0x20000008   0x08008894   0x00000018   Data   RW          477    .data               tasks_init.o
    0x20000020   0x080088ac   0x0000001c   Data   RW          583    .data               elog.o
    0x2000003c   0x080088c8   0x00000004   Data   RW          779    .data               elog_port.o
    0x20000040   0x080088cc   0x00000018   Data   RW          876    .data               cm_backtrace.o
    0x20000058   0x080088e4   0x00000008   Data   RW         1134    .data               ff.o
    0x20000060   0x080088ec   0x00000001   Data   RW         1562    .data               sd_diskio.o
    0x20000061   0x080088ed   0x00000003   PAD
    0x20000064   0x080088f0   0x0000003c   Data   RW         2004    .data               tasks.o
    0x200000a0   0x0800892c   0x0000000c   Data   RW         2327    .data               port.o
    0x200000ac   0x08008938   0x00000018   Data   RW         2416    .data               heap_4.o
    0x200000c4   0x08008950   0x0000000a   Data   RW         2493    .data               bsp_ili9806g_lcd.o
    0x200000ce   0x0800895a   0x00000002   PAD
    0x200000d0   0x0800895c   0x00000014   Data   RW         2744    .data               gt9xx.o
    0x200000e4   0x08008970   0x0000000c   Data   RW         3042    .data               stm32f4xx_hal.o
    0x200000f0   0x0800897c   0x00000004   Data   RW        11075    .data               system_stm32f4xx.o
    0x200000f4        -       0x00000230   Zero   RW          385    .bss                init.o
    0x20000324        -       0x000002f8   Zero   RW          580    .bss                elog.o
    0x2000061c        -       0x00000050   Zero   RW          778    .bss                elog_port.o
    0x2000066c        -       0x000001c8   Zero   RW          873    .bss                cm_backtrace.o
    0x20000834        -       0x0000000c   Zero   RW         1417    .bss                ff_gen_drv.o
    0x20000840        -       0x000002e4   Zero   RW         2002    .bss                tasks.o
    0x20000b24        -       0x00008000   Zero   RW         2414    .bss                heap_4.o
    0x20008b24        -       0x00000144   Zero   RW         2878    .bss                bsp_sdio_sd.o
    0x20008c68        -       0x00000400   Zero   RW        11106    STACK               startup_stm32f407xx.o


==============================================================================

Image component sizes


      Code (inc. data)   RO Data    RW Data    ZI Data      Debug   Object Name

       542         32          0          0          0       6441   bsp_i2c_touch.o
         0          0          0         10          0        446   bsp_ili9806g_lcd.o
       588         60          0          0        324       5227   bsp_sdio_sd.o
      2068        466       1890         24        456      13818   cm_backtrace.o
        42          0          0          0          0        576   cmb_fault.o
       110          0          0          0          0       7200   cmb_port.o
        36         10          0          0          0        465   delay.o
       152         26          0          0          0       3493   diskio.o
      2128        742        221         28        760      18178   elog.o
       478         64          0          4         80      11136   elog_port.o
       248         96         35          0          0       2301   elog_utils.o
      2568         90         58          8          0      12471   ff.o
        70          4          0          0         12       1543   ff_gen_drv.o
       964        330        190         20          0       9998   gt9xx.o
       704        154         23         24      32768       4155   heap_4.o
       676        236         11          4        560      11920   init.o
       136          0          0          0          0       3198   list.o
        14          0          0          0          0     706414   main.o
      1102        348        123         12          0      11473   port.o
      1756        226        380          0          0      21674   queue.o
       264         36         20          1          0       4516   sd_diskio.o
        36          8        392          0       1024        924   startup_stm32f407xx.o
       190         32          0         12          0       5626   stm32f4xx_hal.o
       222         14          0          0          0      31145   stm32f4xx_hal_cortex.o
       466         10          8          0          0       3896   stm32f4xx_hal_dma.o
       480         46          0          0          0       3203   stm32f4xx_hal_gpio.o
      1420         72          0          0          0       6212   stm32f4xx_hal_rcc.o
      2750          6          0          0          0      14853   stm32f4xx_hal_sd.o
      1192          8          0          0          0       3976   stm32f4xx_hal_uart.o
        72          4          0          0          0      13067   stm32f4xx_it.o
      1692         50          0          0          0      24335   stm32f4xx_ll_sdmmc.o
        84         18         24          4          0       1391   system_stm32f4xx.o
      3184        834        491         60        740      42165   tasks.o
       232        100         31         28          0       2279   tasks_init.o
       348        198         10          0          0       1172   tasks_test.o

    ----------------------------------------------------------------------
     27040       4320       3952        244      36724    1010887   Object Totals
         0          0         32          0          0          0   (incl. Generated)
        26          0         13          5          0          0   (incl. Padding)

    ----------------------------------------------------------------------

      Code (inc. data)   RO Data    RW Data    ZI Data      Debug   Library Member Name

         0          0          0          0          0          0   entry.o
         0          0          0          0          0          0   entry10a.o
         0          0          0          0          0          0   entry11a.o
         8          4          0          0          0          0   entry2.o
         4          0          0          0          0          0   entry5.o
         0          0          0          0          0          0   entry7b.o
         0          0          0          0          0          0   entry8b.o
         8          4          0          0          0          0   entry9a.o
        30          0          0          0          0          0   handlers.o
        36          8          0          0          0         68   init.o
         0          0          0          0          0          0   iusefp.o
        30          0          0          0          0         68   llshl.o
        36          0          0          0          0         68   llsshr.o
        32          0          0          0          0         68   llushr.o
        36          0          0          0          0         68   memcpya.o
        36          0          0          0          0        108   memseta.o
      2390         94          0          0          0        752   printfa.o
        14          0          0          0          0         68   strlen.o
        30          0          0          0          0         80   strncmp.o
        24          0          0          0          0         76   strncpy.o
        36          0          0          0          0         80   strstr.o
        44          0          0          0          0         80   uidiv.o
        98          0          0          0          0         92   uldiv.o
        48          0          0          0          0         68   cdrcmple.o
       334          0          0          0          0        148   dadd.o
       222          0          0          0          0        100   ddiv.o
       186          0          0          0          0        176   depilogue.o
        48          0          0          0          0         68   dfixul.o
       228          0          0          0          0         96   dmul.o

    ----------------------------------------------------------------------
      3964        110          0          0          0       2332   Library Totals
         6          0          0          0          0          0   (incl. Padding)

    ----------------------------------------------------------------------

      Code (inc. data)   RO Data    RW Data    ZI Data      Debug   Library Name

      2892        110          0          0          0       1676   mc_w.l
      1066          0          0          0          0        656   mf_w.l

    ----------------------------------------------------------------------
      3964        110          0          0          0       2332   Library Totals

    ----------------------------------------------------------------------

==============================================================================


      Code (inc. data)   RO Data    RW Data    ZI Data      Debug   

     31004       4430       3952        244      36724     989575   Grand Totals
     31004       4430       3952        244      36724     989575   ELF Image Totals
     31004       4430       3952        244          0          0   ROM Totals

==============================================================================

    Total RO  Size (Code + RO Data)                34956 (  34.14kB)
    Total RW  Size (RW Data + ZI Data)             36968 (  36.10kB)
    Total ROM Size (Code + RO Data + RW Data)      35200 (  34.38kB)

==============================================================================

