Component: ARM Compiler 5.06 update 5 (build 528) Tool: armlink [4d35e2]

==============================================================================

Section Cross References

    main.o(i.main) refers to board.o(i.BSP_Init) for BSP_Init
    main.o(i.main) refers to tasks_init.o(i.task_init) for task_init
    main.o(i.main) refers to tasks.o(i.vTaskStartScheduler) for vTaskStartScheduler
    stm32f4xx_it.o(i.SysTick_Handler) refers to stm32f4xx_hal.o(i.HAL_IncTick) for HAL_IncTick
    stm32f4xx_it.o(i.SysTick_Handler) refers to tasks.o(i.xTaskGetSchedulerState) for xTaskGetSchedulerState
    stm32f4xx_it.o(i.SysTick_Handler) refers to port.o(i.xPortSysTickHandler) for xPortSysTickHandler
    stm32f4xx_it.o(i.USART1_IRQHandler) refers to bsp_debug_usart.o(.bss) for UartHandle
    bsp_led.o(i.LED_GPIO_Config) refers to stm32f4xx_hal_gpio.o(i.HAL_GPIO_Init) for HAL_GPIO_Init
    bsp_debug_usart.o(i.DEBUG_USART_Config) refers to stm32f4xx_hal_uart.o(i.HAL_UART_Init) for HAL_UART_Init
    bsp_debug_usart.o(i.DEBUG_USART_Config) refers to bsp_debug_usart.o(.bss) for .bss
    bsp_debug_usart.o(i.HAL_UART_MspInit) refers to stm32f4xx_hal_gpio.o(i.HAL_GPIO_Init) for HAL_GPIO_Init
    bsp_debug_usart.o(i.HAL_UART_MspInit) refers to stm32f4xx_hal_cortex.o(i.HAL_NVIC_SetPriority) for HAL_NVIC_SetPriority
    bsp_debug_usart.o(i.HAL_UART_MspInit) refers to stm32f4xx_hal_cortex.o(i.HAL_NVIC_EnableIRQ) for HAL_NVIC_EnableIRQ
    bsp_debug_usart.o(i.Usart_SendString) refers to stm32f4xx_hal_uart.o(i.HAL_UART_Transmit) for HAL_UART_Transmit
    bsp_debug_usart.o(i.Usart_SendString) refers to bsp_debug_usart.o(.bss) for .bss
    bsp_debug_usart.o(i.fgetc) refers to stm32f4xx_hal_uart.o(i.HAL_UART_Receive) for HAL_UART_Receive
    bsp_debug_usart.o(i.fgetc) refers to bsp_debug_usart.o(.bss) for .bss
    bsp_debug_usart.o(i.fputc) refers to stm32f4xx_hal_uart.o(i.HAL_UART_Transmit) for HAL_UART_Transmit
    bsp_debug_usart.o(i.fputc) refers to bsp_debug_usart.o(.bss) for .bss
    bsp_eth.o(i.Bsp_Eth_Init) refers to stm32f4xx_hal_eth.o(i.HAL_ETH_DeInit) for HAL_ETH_DeInit
    bsp_eth.o(i.Bsp_Eth_Init) refers to bsp_eth.o(i.Eth_Reset) for Eth_Reset
    bsp_eth.o(i.Bsp_Eth_Init) refers to stm32f4xx_hal_eth.o(i.HAL_ETH_Init) for HAL_ETH_Init
    bsp_eth.o(i.Bsp_Eth_Init) refers to printfa.o(i.__0printf) for __2printf
    bsp_eth.o(i.Bsp_Eth_Init) refers to stm32f4xx_hal_eth.o(i.HAL_ETH_DMATxDescListInit) for HAL_ETH_DMATxDescListInit
    bsp_eth.o(i.Bsp_Eth_Init) refers to stm32f4xx_hal_eth.o(i.HAL_ETH_DMARxDescListInit) for HAL_ETH_DMARxDescListInit
    bsp_eth.o(i.Bsp_Eth_Init) refers to bsp_eth.o(.bss) for .bss
    bsp_eth.o(i.ETH_IRQHandler) refers to stm32f4xx_hal_eth.o(i.HAL_ETH_IRQHandler) for HAL_ETH_IRQHandler
    bsp_eth.o(i.ETH_IRQHandler) refers to bsp_eth.o(.bss) for .bss
    bsp_eth.o(i.Eth_Reset) refers to stm32f4xx_hal_gpio.o(i.HAL_GPIO_Init) for HAL_GPIO_Init
    bsp_eth.o(i.Eth_Reset) refers to stm32f4xx_hal_gpio.o(i.HAL_GPIO_WritePin) for HAL_GPIO_WritePin
    bsp_eth.o(i.Eth_Reset) refers to stm32f4xx_hal.o(i.HAL_Delay) for HAL_Delay
    bsp_eth.o(i.HAL_ETH_ErrorCallback) refers to printfa.o(i.__0printf) for __2printf
    bsp_eth.o(i.HAL_ETH_MspDeInit) refers to stm32f4xx_hal_gpio.o(i.HAL_GPIO_DeInit) for HAL_GPIO_DeInit
    bsp_eth.o(i.HAL_ETH_MspInit) refers to stm32f4xx_hal_gpio.o(i.HAL_GPIO_Init) for HAL_GPIO_Init
    bsp_eth.o(i.HAL_ETH_MspInit) refers to stm32f4xx_hal_cortex.o(i.HAL_NVIC_SetPriority) for HAL_NVIC_SetPriority
    bsp_eth.o(i.HAL_ETH_MspInit) refers to stm32f4xx_hal_cortex.o(i.HAL_NVIC_EnableIRQ) for HAL_NVIC_EnableIRQ
    bsp_eth.o(i.HAL_ETH_RxCpltCallback) refers to queue.o(i.xQueueGiveFromISR) for xQueueGiveFromISR
    bsp_eth.o(i.HAL_ETH_RxCpltCallback) refers to ethernetif.o(.data) for s_xSemaphore
    board.o(i.BSP_Init) refers to stm32f4xx_hal.o(i.HAL_Init) for HAL_Init
    board.o(i.BSP_Init) refers to board.o(i.GPIO_CLK_Init) for GPIO_CLK_Init
    board.o(i.BSP_Init) refers to board.o(i.SystemClock_Config) for SystemClock_Config
    board.o(i.BSP_Init) refers to bsp_led.o(i.LED_GPIO_Config) for LED_GPIO_Config
    board.o(i.BSP_Init) refers to bsp_debug_usart.o(i.DEBUG_USART_Config) for DEBUG_USART_Config
    board.o(i.BSP_Init) refers to cm_backtrace.o(i.cm_backtrace_init) for cm_backtrace_init
    board.o(i.BSP_Init) refers to printfa.o(i.__0printf) for __2printf
    board.o(i.SystemClock_Config) refers to stm32f4xx_hal_rcc.o(i.HAL_RCC_OscConfig) for HAL_RCC_OscConfig
    board.o(i.SystemClock_Config) refers to stm32f4xx_hal_rcc.o(i.HAL_RCC_ClockConfig) for HAL_RCC_ClockConfig
    board.o(i.SystemClock_Config) refers to stm32f4xx_hal_rcc.o(i.HAL_RCC_GetHCLKFreq) for HAL_RCC_GetHCLKFreq
    board.o(i.SystemClock_Config) refers to stm32f4xx_hal_cortex.o(i.HAL_SYSTICK_Config) for HAL_SYSTICK_Config
    board.o(i.SystemClock_Config) refers to stm32f4xx_hal_cortex.o(i.HAL_SYSTICK_CLKSourceConfig) for HAL_SYSTICK_CLKSourceConfig
[...]
    Rx_Buff                                  0x200004b4   Data       12192  bsp_eth.o(.bss)
    Tx_Buff                                  0x20003454   Data       12192  bsp_eth.o(.bss)
    mqtt_user_msg                            0x200063f4   Data         564  mqttclient.o(.bss)
    ip_data                                  0x20006c4c   Data          24  ip.o(.bss)
    ram_heap                                 0x20006c64   Data       25619  mem.o(.bss)
    memp_memory_UDP_PCB_base                 0x2000d077   Data         163  memp.o(.bss)
    memp_memory_TCP_PCB_base                 0x2000d11a   Data         611  memp.o(.bss)
    memp_memory_TCP_PCB_LISTEN_base          0x2000d37d   Data          59  memp.o(.bss)
    memp_memory_TCP_SEG_base                 0x2000d3b8   Data        2403  memp.o(.bss)
    memp_memory_REASSDATA_base               0x2000dd1b   Data         163  memp.o(.bss)
    memp_memory_FRAG_PBUF_base               0x2000ddbe   Data         363  memp.o(.bss)
    memp_memory_NETBUF_base                  0x2000df29   Data          35  memp.o(.bss)
    memp_memory_NETCONN_base                 0x2000df4c   Data         163  memp.o(.bss)
    memp_memory_TCPIP_MSG_API_base           0x2000dfef   Data         131  memp.o(.bss)
    memp_memory_TCPIP_MSG_INPKT_base         0x2000e072   Data         131  memp.o(.bss)
    memp_memory_IGMP_GROUP_base              0x2000e0f5   Data         131  memp.o(.bss)
    memp_memory_SYS_TIMEOUT_base             0x2000e178   Data         131  memp.o(.bss)
    memp_memory_NETDB_base                   0x2000e1fb   Data         311  memp.o(.bss)
    memp_memory_PBUF_base                    0x2000e332   Data         243  memp.o(.bss)
    memp_memory_PBUF_POOL_base               0x2000e425   Data       30643  memp.o(.bss)
    gnetif                                   0x20015d0c   Data          56  sys_arch.o(.bss)
    STACK$$Base                              0x2001d828   Number         0  startup_stm32f407xx.o(STACK)
    STACK$$Limit                             0x2001dc28   Number         0  startup_stm32f407xx.o(STACK)
    __initial_sp                             0x2001dc28   Data           0  startup_stm32f407xx.o(STACK)



==============================================================================

Memory Map of the image

  Image Entry point : 0x08000189

  Load Region LR_IROM1 (Base: 0x08000000, Size: 0x00015604, Max: 0x00100000, ABSOLUTE, COMPRESSED[0x00015424])

    Execution Region ER_IROM1 (Exec base: 0x08000000, Load base: 0x08000000, Size: 0x000153d8, Max: 0x00100000, ABSOLUTE)

    Exec Addr    Load Addr    Size         Type   Attr      Idx    E Section Name        Object

    0x08000000   0x08000000   0x00000188   Data   RO        16339    RESET               startup_stm32f407xx.o
    0x08000188   0x08000188   0x00000000   Code   RO        16388  * .ARM.Collect$$$$00000000  mc_w.l(entry.o)
    0x08000188   0x08000188   0x00000004   Code   RO        16763    .ARM.Collect$$$$00000001  mc_w.l(entry2.o)
    0x0800018c   0x0800018c   0x00000004   Code   RO        16766    .ARM.Collect$$$$00000004  mc_w.l(entry5.o)
    0x08000190   0x08000190   0x00000000   Code   RO        16768    .ARM.Collect$$$$00000008  mc_w.l(entry7b.o)
    0x08000190   0x08000190   0x00000000   Code   RO        16770    .ARM.Collect$$$$0000000A  mc_w.l(entry8b.o)
    0x08000190   0x08000190   0x00000008   Code   RO        16771    .ARM.Collect$$$$0000000B  mc_w.l(entry9a.o)
    0x08000198   0x08000198   0x00000000   Code   RO        16773    .ARM.Collect$$$$0000000D  mc_w.l(entry10a.o)
    0x08000198   0x08000198   0x00000000   Code   RO        16775    .ARM.Collect$$$$0000000F  mc_w.l(entry11a.o)
    0x08000198   0x08000198   0x00000004   Code   RO        16764    .ARM.Collect$$$$00002712  mc_w.l(entry2.o)
    0x0800019c   0x0800019c   0x000000b6   Code   RO         8136    .emb_text           port.o
    0x08000252   0x08000252   0x00000002   PAD
    0x08000254   0x08000254   0x0000000c   Code   RO         2340    .text               cmb_fault.o
    0x08000260   0x08000260   0x00000024   Code   RO        16340    .text               startup_stm32f407xx.o
    0x08000284   0x08000284   0x00000062   Code   RO        16391    .text               mc_w.l(uldiv.o)
    0x080002e6   0x080002e6   0x00000002   PAD
    0x080002e8   0x080002e8   0x00000008   Code   RO        16393    .text               mc_w.l(ctype_o.o)
    0x080002f0   0x080002f0   0x00000012   Code   RO        16415    .text               mc_w.l(isspace_o.o)
    0x08000302   0x08000302   0x0000000c   Code   RO        16421    .text               mc_w.l(tolower.o)
    0x0800030e   0x0800030e   0x00000002   PAD
    0x08000310   0x08000310   0x00000024   Code   RO        16423    .text               mc_w.l(rand.o)
    0x08000334   0x08000334   0x00000040   Code   RO        16428    .text               mc_w.l(memmovea.o)
    0x08000374   0x08000374   0x00000024   Code   RO        16430    .text               mc_w.l(memseta.o)
    0x08000398   0x08000398   0x00000018   Code   RO        16434    .text               mc_w.l(strncpy.o)
    0x080003b0   0x080003b0   0x0000000e   Code   RO        16436    .text               mc_w.l(strlen.o)
    0x080003be   0x080003be   0x0000001c   Code   RO        16438    .text               mc_w.l(strcmp.o)
    0x080003da   0x080003da   0x0000001a   Code   RO        16440    .text               mc_w.l(memcmp.o)
    0x080003f4   0x080003f4   0x00000012   Code   RO        16442    .text               mc_w.l(strcpy.o)
    0x08000406   0x08000406   0x00000002   PAD
    0x08000408   0x08000408   0x00000038   Code   RO        16741    .text               mc_w.l(__0sscanf.o)
    0x08000440   0x08000440   0x00000360   Code   RO        16743    .text               mc_w.l(scanf_fp.o)
    0x080007a0   0x080007a0   0x000000de   Code   RO        16749    .text               mf_w.l(ddiv.o)
    0x0800087e   0x0800087e   0x0000003e   Code   RO        16755    .text               mf_w.l(dfixi.o)
    0x080008bc   0x080008bc   0x00000030   Code   RO        16759    .text               mf_w.l(cdcmple.o)
    0x080008ec   0x080008ec   0x00000030   Code   RO        16761    .text               mf_w.l(cdrcmple.o)
    0x0800091c   0x0800091c   0x0000002c   Code   RO        16778    .text               mc_w.l(uidiv.o)
    0x08000948   0x08000948   0x0000001e   Code   RO        16780    .text               mc_w.l(llshl.o)
    0x08000966   0x08000966   0x00000020   Code   RO        16782    .text               mc_w.l(llushr.o)
    0x08000986   0x08000986   0x00000002   PAD
    0x08000988   0x08000988   0x00000028   Code   RO        16793    .text               mc_w.l(scanf_char.o)
    0x080009b0   0x080009b0   0x00000040   Code   RO        16795    .text               mc_w.l(_sgetc.o)
    0x080009f0   0x080009f0   0x00000000   Code   RO        16801    .text               mc_w.l(iusefp.o)
    0x080009f0   0x080009f0   0x000000ba   Code   RO        16802    .text               mf_w.l(depilogue.o)
    0x08000aaa   0x08000aaa   0x0000014e   Code   RO        16804    .text               mf_w.l(dadd.o)
    0x08000bf8   0x08000bf8   0x000000e4   Code   RO        16806    .text               mf_w.l(dmul.o)
    0x08000cdc   0x08000cdc   0x00000018   Code   RO        16808    .text               mf_w.l(dfltul.o)
    0x08000cf4   0x08000cf4   0x00000030   Code   RO        16810    .text               mf_w.l(dfixul.o)
    0x08000d24   0x08000d24   0x00000038   Code   RO        16812    .text               mf_w.l(d2f.o)
    0x08000d5c   0x08000d5c   0x00000024   Code   RO        16814    .text               mc_w.l(init.o)
    0x08000d80   0x08000d80   0x00000024   Code   RO        16816    .text               mc_w.l(llsshr.o)
    0x08000da4   0x08000da4   0x0000032c   Code   RO        16820    .text               mc_w.l(_scanf.o)
    0x080010d0   0x080010d0   0x0000006e   Code   RO        16824    .text               mf_w.l(fepilogue.o)
    0x0800113e   0x0800113e   0x00000056   Code   RO        16839    .text               mc_w.l(__dczerorl2.o)
    0x08001194   0x08001194   0x0000006c   Code   RO          553    i.BSP_Init          board.o
    0x08001200   0x08001200   0x000000f8   Code   RO          483    i.Bsp_Eth_Init      bsp_eth.o
    0x080012f8   0x080012f8   0x00000002   Code   RO          319    i.BusFault_Handler  stm32f4xx_it.o
    0x080012fa   0x080012fa   0x00000002   PAD
    0x080012fc   0x080012fc   0x00000038   Code   RO          429    i.DEBUG_USART_Config  bsp_debug_usart.o
    0x08001334   0x08001334   0x00000002   Code   RO          320    i.DebugMon_Handler  stm32f4xx_it.o
    0x08001336   0x08001336   0x00000010   Code   RO         9802    i.ETH_DMAReceptionEnable  stm32f4xx_hal_eth.o
    0x08001346   0x08001346   0x00000010   Code   RO         9804    i.ETH_DMATransmissionEnable  stm32f4xx_hal_eth.o
    0x08001356   0x08001356   0x00000002   PAD
    0x08001358   0x08001358   0x00000024   Code   RO         9805    i.ETH_Delay         stm32f4xx_hal_eth.o
    0x0800137c   0x0800137c   0x0000002e   Code   RO         9806    i.ETH_FlushTransmitFIFO  stm32f4xx_hal_eth.o
    0x080013aa   0x080013aa   0x00000002   PAD
    0x080013ac   0x080013ac   0x00000024   Code   RO          484    i.ETH_IRQHandler    bsp_eth.o
    0x080013d0   0x080013d0   0x0000002c   Code   RO         9807    i.ETH_MACAddressConfig  stm32f4xx_hal_eth.o
    0x080013fc   0x080013fc   0x00000190   Code   RO         9808    i.ETH_MACDMAConfig  stm32f4xx_hal_eth.o
    0x0800158c   0x0800158c   0x00000022   Code   RO         9810    i.ETH_MACReceptionEnable  stm32f4xx_hal_eth.o
    0x080015ae   0x080015ae   0x00000022   Code   RO         9812    i.ETH_MACTransmissionEnable  stm32f4xx_hal_eth.o
    0x080015d0   0x080015d0   0x00000002   Code   RO          321    i.EXTI0_IRQHandler  stm32f4xx_it.o
    0x080015d2   0x080015d2   0x00000002   PAD
    0x080015d4   0x080015d4   0x00000058   Code   RO          485    i.Eth_Reset         bsp_eth.o
    0x0800162c   0x0800162c   0x0000006c   Code   RO          554    i.GPIO_CLK_Init     board.o
    0x08001698   0x08001698   0x00000010   Code   RO         1237    i.GetNextPackID     mqttclient.o
    0x080016a8   0x080016a8   0x00000024   Code   RO         8293    i.HAL_Delay         stm32f4xx_hal.o
    0x080016cc   0x080016cc   0x0000006e   Code   RO         9815    i.HAL_ETH_DMARxDescListInit  stm32f4xx_hal_eth.o
    0x0800173a   0x0800173a   0x0000007a   Code   RO         9816    i.HAL_ETH_DMATxDescListInit  stm32f4xx_hal_eth.o
    0x080017b4   0x080017b4   0x0000001a   Code   RO         9817    i.HAL_ETH_DeInit    stm32f4xx_hal_eth.o
    0x080017ce   0x080017ce   0x00000002   PAD
    0x080017d0   0x080017d0   0x0000002c   Code   RO          486    i.HAL_ETH_ErrorCallback  bsp_eth.o
    0x080017fc   0x080017fc   0x0000007e   Code   RO         9819    i.HAL_ETH_GetReceivedFrame  stm32f4xx_hal_eth.o
    0x0800187a   0x0800187a   0x00000082   Code   RO         9822    i.HAL_ETH_IRQHandler  stm32f4xx_hal_eth.o
    0x080018fc   0x080018fc   0x00000238   Code   RO         9823    i.HAL_ETH_Init      stm32f4xx_hal_eth.o
    0x08001b34   0x08001b34   0x00000064   Code   RO          487    i.HAL_ETH_MspDeInit  bsp_eth.o
    0x08001b98   0x08001b98   0x000000c8   Code   RO          488    i.HAL_ETH_MspInit   bsp_eth.o
    0x08001c60   0x08001c60   0x00000082   Code   RO         9826    i.HAL_ETH_ReadPHYRegister  stm32f4xx_hal_eth.o
    0x08001ce2   0x08001ce2   0x00000002   PAD
    0x08001ce4   0x08001ce4   0x00000040   Code   RO          489    i.HAL_ETH_RxCpltCallback  bsp_eth.o
    0x08001d24   0x08001d24   0x00000044   Code   RO         9828    i.HAL_ETH_Start     stm32f4xx_hal_eth.o
    0x08001d68   0x08001d68   0x00000112   Code   RO         9830    i.HAL_ETH_TransmitFrame  stm32f4xx_hal_eth.o
    0x08001e7a   0x08001e7a   0x00000002   Code   RO          490    i.HAL_ETH_TxCpltCallback  bsp_eth.o
    0x08001e7c   0x08001e7c   0x0000007a   Code   RO         9832    i.HAL_ETH_WritePHYRegister  stm32f4xx_hal_eth.o
    0x08001ef6   0x08001ef6   0x00000002   PAD
    0x08001ef8   0x08001ef8   0x0000013c   Code   RO        10276    i.HAL_GPIO_DeInit   stm32f4xx_hal_gpio.o
    0x08002034   0x08002034   0x000001c4   Code   RO        10279    i.HAL_GPIO_Init     stm32f4xx_hal_gpio.o
    0x080021f8   0x080021f8   0x0000000e   Code   RO        10283    i.HAL_GPIO_WritePin  stm32f4xx_hal_gpio.o
    0x08002206   0x08002206   0x00000002   PAD
    0x08002208   0x08002208   0x0000000c   Code   RO         8298    i.HAL_GetREVID      stm32f4xx_hal.o
    0x08002214   0x08002214   0x0000000c   Code   RO         8299    i.HAL_GetTick       stm32f4xx_hal.o
    0x08002220   0x08002220   0x00000010   Code   RO         8303    i.HAL_IncTick       stm32f4xx_hal.o
    0x08002230   0x08002230   0x0000002c   Code   RO         8304    i.HAL_Init          stm32f4xx_hal.o
    0x0800225c   0x0800225c   0x00000044   Code   RO         8305    i.HAL_InitTick      stm32f4xx_hal.o
    0x080022a0   0x080022a0   0x00000002   Code   RO         8307    i.HAL_MspInit       stm32f4xx_hal.o
    0x080022a2   0x080022a2   0x00000016   Code   RO         8989    i.HAL_NVIC_EnableIRQ  stm32f4xx_hal_cortex.o
    0x080022b8   0x080022b8   0x00000040   Code   RO         8995    i.HAL_NVIC_SetPriority  stm32f4xx_hal_cortex.o
    0x080022f8   0x080022f8   0x00000024   Code   RO         8996    i.HAL_NVIC_SetPriorityGrouping  stm32f4xx_hal_cortex.o
    0x0800231c   0x0800231c   0x00000144   Code   RO        12481    i.HAL_RCC_ClockConfig  stm32f4xx_hal_rcc.o
    0x08002460   0x08002460   0x0000000c   Code   RO        12486    i.HAL_RCC_GetHCLKFreq  stm32f4xx_hal_rcc.o
    0x0800246c   0x0800246c   0x00000020   Code   RO        12488    i.HAL_RCC_GetPCLK1Freq  stm32f4xx_hal_rcc.o
    0x0800248c   0x0800248c   0x00000020   Code   RO        12489    i.HAL_RCC_GetPCLK2Freq  stm32f4xx_hal_rcc.o
    0x080024ac   0x080024ac   0x0000006c   Code   RO        12490    i.HAL_RCC_GetSysClockFreq  stm32f4xx_hal_rcc.o
    0x08002518   0x08002518   0x00000390   Code   RO        12493    i.HAL_RCC_OscConfig  stm32f4xx_hal_rcc.o
    0x080028a8   0x080028a8   0x0000001c   Code   RO         8998    i.HAL_SYSTICK_CLKSourceConfig  stm32f4xx_hal_cortex.o
    0x080028c4   0x080028c4   0x00000028   Code   RO         9000    i.HAL_SYSTICK_Config  stm32f4xx_hal_cortex.o
    0x080028ec   0x080028ec   0x00000064   Code   RO        15030    i.HAL_UART_Init     stm32f4xx_hal_uart.o
    0x08002950   0x08002950   0x00000084   Code   RO          430    i.HAL_UART_MspInit  bsp_debug_usart.o
    0x080029d4   0x080029d4   0x000000cc   Code   RO        15038    i.HAL_UART_Transmit  stm32f4xx_hal_uart.o
    0x08002aa0   0x08002aa0   0x0000007c   Code   RO          405    i.LED_GPIO_Config   bsp_led.o
    0x08002b1c   0x08002b1c   0x0000004a   Code   RO         2410    i.MQTTDeserialize_ack  mqttdeserializepublish.o
    0x08002b66   0x08002b66   0x00000060   Code   RO         2344    i.MQTTDeserialize_connack  mqttconnectclient.o
    0x08002bc6   0x08002bc6   0x00000090   Code   RO         2411    i.MQTTDeserialize_publish  mqttdeserializepublish.o
    0x08002c56   0x08002c56   0x00000084   Code   RO         2643    i.MQTTDeserialize_suback  mqttsubscribeclient.o
    0x08002cda   0x08002cda   0x00000038   Code   RO         2486    i.MQTTPacket_decode  mqttpacket.o
    0x08002d12   0x08002d12   0x00000002   PAD
    0x08002d14   0x08002d14   0x00000014   Code   RO         2487    i.MQTTPacket_decodeBuf  mqttpacket.o
    0x08002d28   0x08002d28   0x0000002a   Code   RO         2489    i.MQTTPacket_encode  mqttpacket.o
    0x08002d52   0x08002d52   0x00000002   PAD
    0x08002d54   0x08002d54   0x00000028   Code   RO         2491    i.MQTTPacket_len    mqttpacket.o
    0x08002d7c   0x08002d7c   0x00000056   Code   RO         2492    i.MQTTPacket_read   mqttpacket.o
    0x08002dd2   0x08002dd2   0x00000056   Code   RO         2601    i.MQTTSerialize_ack  mqttserializepublish.o
    0x08002e28   0x08002e28   0x0000013c   Code   RO         2345    i.MQTTSerialize_connect  mqttconnectclient.o
    0x08002f64   0x08002f64   0x00000072   Code   RO         2346    i.MQTTSerialize_connectLength  mqttconnectclient.o
    0x08002fd6   0x08002fd6   0x00000006   Code   RO         2348    i.MQTTSerialize_pingreq  mqttconnectclient.o
    0x08002fdc   0x08002fdc   0x0000000e   Code   RO         2602    i.MQTTSerialize_puback  mqttserializepublish.o
    0x08002fea   0x08002fea   0x0000000e   Code   RO         2603    i.MQTTSerialize_pubcomp  mqttserializepublish.o
    0x08002ff8   0x08002ff8   0x00000088   Code   RO         2604    i.MQTTSerialize_publish  mqttserializepublish.o
    0x08003080   0x08003080   0x0000001c   Code   RO         2605    i.MQTTSerialize_publishLength  mqttserializepublish.o
    0x0800309c   0x0800309c   0x0000000e   Code   RO         2606    i.MQTTSerialize_pubrel  mqttserializepublish.o
    0x080030aa   0x080030aa   0x00000094   Code   RO         2644    i.MQTTSerialize_subscribe  mqttsubscribeclient.o
    0x0800313e   0x0800313e   0x0000002c   Code   RO         2645    i.MQTTSerialize_subscribeLength  mqttsubscribeclient.o
    0x0800316a   0x0800316a   0x0000003a   Code   RO         2349    i.MQTTSerialize_zero  mqttconnectclient.o
    0x080031a4   0x080031a4   0x00000016   Code   RO         2494    i.MQTTstrlen        mqttpacket.o
    0x080031ba   0x080031ba   0x00000002   Code   RO          322    i.MemManage_Handler  stm32f4xx_it.o
    0x080031bc   0x080031bc   0x00000002   Code   RO          323    i.NMI_Handler       stm32f4xx_it.o
    0x080031be   0x080031be   0x00000020   Code   RO         9002    i.NVIC_SetPriority  stm32f4xx_hal_cortex.o
    0x080031de   0x080031de   0x0000002a   Code   RO          324    i.SysTick_Handler   stm32f4xx_it.o
    0x08003208   0x08003208   0x000000bc   Code   RO          555    i.SystemClock_Config  board.o
    0x080032c4   0x080032c4   0x00000054   Code   RO        16348    i.SystemInit        system_stm32f4xx.o
    0x08003318   0x08003318   0x000000a4   Code   RO         6651    i.TCPIP_Init        sys_arch.o
    0x080033bc   0x080033bc   0x00000314   Code   RO        15057    i.UART_SetConfig    stm32f4xx_hal_uart.o
    0x080036d0   0x080036d0   0x00000064   Code   RO        15059    i.UART_WaitOnFlagUntilTimeout  stm32f4xx_hal_uart.o
    0x08003734   0x08003734   0x00000018   Code   RO          325    i.USART1_IRQHandler  stm32f4xx_it.o
    0x0800374c   0x0800374c   0x00000002   Code   RO          326    i.UsageFault_Handler  stm32f4xx_it.o
    0x0800374e   0x0800374e   0x00000002   PAD
    0x08003750   0x08003750   0x00000160   Code   RO         1238    i.UserMsgCtl        mqttclient.o
    0x080038b0   0x080038b0   0x0000004c   Code   RO         1239    i.WaitForPacket     mqttclient.o
    0x080038fc   0x080038fc   0x00000020   Code   RO        16685    i.__0printf         mc_w.l(printfa.o)
    0x0800391c   0x0800391c   0x00000028   Code   RO        16687    i.__0sprintf        mc_w.l(printfa.o)
    0x08003944   0x08003944   0x0000000e   Code   RO        16833    i.__scatterload_copy  mc_w.l(handlers.o)
    0x08003952   0x08003952   0x00000002   Code   RO        16834    i.__scatterload_null  mc_w.l(handlers.o)
    0x08003954   0x08003954   0x0000000e   Code   RO        16835    i.__scatterload_zeroinit  mc_w.l(handlers.o)
    0x08003962   0x08003962   0x00000002   PAD
    0x08003964   0x08003964   0x00000184   Code   RO        16692    i._fp_digits        mc_w.l(printfa.o)
    0x08003ae8   0x08003ae8   0x0000000e   Code   RO        16745    i._is_digit         mc_w.l(scanf_fp.o)
    0x08003af6   0x08003af6   0x00000002   PAD
    0x08003af8   0x08003af8   0x000006dc   Code   RO        16693    i._printf_core      mc_w.l(printfa.o)
    0x080041d4   0x080041d4   0x00000024   Code   RO        16694    i._printf_post_padding  mc_w.l(printfa.o)
    0x080041f8   0x080041f8   0x0000002e   Code   RO        16695    i._printf_pre_padding  mc_w.l(printfa.o)
    0x08004226   0x08004226   0x0000000a   Code   RO        16697    i._sputc            mc_w.l(printfa.o)
    0x08004230   0x08004230   0x00000028   Code   RO         1427    i.add_item_to_array  cjson.o
    0x08004258   0x08004258   0x00000060   Code   RO         1428    i.add_item_to_object  cjson.o
    0x080042b8   0x080042b8   0x00000090   Code   RO         3470    i.alloc_socket      sockets.o
    0x08004348   0x08004348   0x00000024   Code   RO         2495    i.bufchar           mqttpacket.o
    0x0800436c   0x0800436c   0x00000030   Code   RO         1439    i.cJSON_AddNumberToObject  cjson.o
    0x0800439c   0x0800439c   0x00000034   Code   RO         1442    i.cJSON_AddStringToObject  cjson.o
    0x080043d0   0x080043d0   0x0000007c   Code   RO         1453    i.cJSON_CreateNumber  cjson.o
    0x0800444c   0x0800444c   0x00000018   Code   RO         1454    i.cJSON_CreateObject  cjson.o
    0x08004464   0x08004464   0x00000030   Code   RO         1457    i.cJSON_CreateString  cjson.o
    0x08004494   0x08004494   0x0000006c   Code   RO         1202    i.cJSON_Data_Init   cjson_process.o
    0x08004500   0x08004500   0x00000048   Code   RO         1461    i.cJSON_Delete      cjson.o
    0x08004548   0x08004548   0x00000006   Code   RO         1473    i.cJSON_GetObjectItem  cjson.o
    0x0800454e   0x0800454e   0x00000016   Code   RO         1480    i.cJSON_IsBool      cjson.o
    0x08004564   0x08004564   0x00000016   Code   RO         1484    i.cJSON_IsNumber    cjson.o
    0x0800457a   0x0800457a   0x00000016   Code   RO         1487    i.cJSON_IsString    cjson.o
    0x08004590   0x08004590   0x00000018   Code   RO         1490    i.cJSON_New_Item    cjson.o
    0x080045a8   0x080045a8   0x0000000c   Code   RO         1493    i.cJSON_Print       cjson.o
    0x080045b4   0x080045b4   0x00000072   Code   RO         1203    i.cJSON_Update      cjson_process.o
    0x08004626   0x08004626   0x00000032   Code   RO         1505    i.cJSON_strdup      cjson.o
    0x08004658   0x08004658   0x00000048   Code   RO         1506    i.case_insensitive_strcmp  cjson.o
    0x080046a0   0x080046a0   0x00000002   Code   RO         1507    i.cast_away_const   cjson.o
    0x080046a2   0x080046a2   0x00000002   PAD
    0x080046a4   0x080046a4   0x000000b4   Code   RO         2263    i.cm_backtrace_call_stack  cm_backtrace.o
    0x08004758   0x08004758   0x00000238   Code   RO         2264    i.cm_backtrace_fault  cm_backtrace.o
    0x08004990   0x08004990   0x0000002c   Code   RO         2265    i.cm_backtrace_firmware_info  cm_backtrace.o
    0x080049bc   0x080049bc   0x0000005c   Code   RO         2266    i.cm_backtrace_init  cm_backtrace.o
    0x08004a18   0x08004a18   0x000000b4   Code   RO          846    i.createTasksFromArray  tasks_init.o
    0x08004acc   0x08004acc   0x0000004e   Code   RO         1240    i.deliverMessage    mqttclient.o
    0x08004b1a   0x08004b1a   0x00000002   PAD
    0x08004b1c   0x08004b1c   0x0000005c   Code   RO         4084    i.dns_alloc_pcb     dns.o
    0x08004b78   0x08004b78   0x00000058   Code   RO         4085    i.dns_alloc_random_port  dns.o
    0x08004bd0   0x08004bd0   0x00000024   Code   RO         4086    i.dns_backupserver_available  dns.o
    0x08004bf4   0x08004bf4   0x00000094   Code   RO         4087    i.dns_call_found    dns.o
    0x08004c88   0x08004c88   0x00000014   Code   RO         4088    i.dns_check_entries  dns.o
    0x08004c9c   0x08004c9c   0x000000e8   Code   RO         4089    i.dns_check_entry   dns.o
    0x08004d84   0x08004d84   0x00000092   Code   RO         4090    i.dns_compare_name  dns.o
    0x08004e16   0x08004e16   0x00000002   PAD
    0x08004e18   0x08004e18   0x0000003c   Code   RO         4091    i.dns_correct_response  dns.o
    0x08004e54   0x08004e54   0x00000030   Code   RO         4092    i.dns_create_txid   dns.o
    0x08004e84   0x08004e84   0x00000148   Code   RO         4093    i.dns_enqueue       dns.o
    0x08004fcc   0x08004fcc   0x0000006c   Code   RO         4095    i.dns_gethostbyname_addrtype  dns.o
    0x08005038   0x08005038   0x00000024   Code   RO         4097    i.dns_init          dns.o
    0x0800505c   0x0800505c   0x00000050   Code   RO         4098    i.dns_lookup        dns.o
    0x080050ac   0x080050ac   0x000001b4   Code   RO         4099    i.dns_recv          dns.o
    0x08005260   0x08005260   0x0000014c   Code   RO         4100    i.dns_send          dns.o
    0x080053ac   0x080053ac   0x00000024   Code   RO         4101    i.dns_setserver     dns.o
    0x080053d0   0x080053d0   0x00000054   Code   RO         4102    i.dns_skip_name     dns.o
    0x08005424   0x08005424   0x00000004   Code   RO         4103    i.dns_tmr           dns.o
    0x08005428   0x08005428   0x00000048   Code   RO         4469    i.do_memp_free_pool  memp.o
    0x08005470   0x08005470   0x00000058   Code   RO         4470    i.do_memp_malloc_pool  memp.o
    0x080054c8   0x080054c8   0x000000c8   Code   RO         2267    i.dump_stack        cm_backtrace.o
    0x08005590   0x08005590   0x00000090   Code   RO         7745    i.eTaskGetState     tasks.o
    0x08005620   0x08005620   0x000000ac   Code   RO         1509    i.ensure            cjson.o
    0x080056cc   0x080056cc   0x00000150   Code   RO         3003    i.err_tcp           api_msg.o
    0x0800581c   0x0800581c   0x0000001c   Code   RO         3228    i.err_to_errno      err.o
    0x08005838   0x08005838   0x0000002c   Code   RO         5914    i.etharp_cleanup_netif  etharp.o
    0x08005864   0x08005864   0x000001e0   Code   RO         5916    i.etharp_find_entry  etharp.o
    0x08005a44   0x08005a44   0x0000003c   Code   RO         5917    i.etharp_free_entry  etharp.o
    0x08005a80   0x08005a80   0x000000b0   Code   RO         5919    i.etharp_input      etharp.o
    0x08005b30   0x08005b30   0x00000144   Code   RO         5920    i.etharp_output     etharp.o
    0x08005c74   0x08005c74   0x000000b0   Code   RO         5921    i.etharp_output_to_arp_index  etharp.o
    0x08005d24   0x08005d24   0x00000180   Code   RO         5922    i.etharp_query      etharp.o
    0x08005ea4   0x08005ea4   0x000000fc   Code   RO         5923    i.etharp_raw        etharp.o
    0x08005fa0   0x08005fa0   0x0000000c   Code   RO         5924    i.etharp_request    etharp.o
    0x08005fac   0x08005fac   0x00000020   Code   RO         5925    i.etharp_request_dst  etharp.o
    0x08005fcc   0x08005fcc   0x00000060   Code   RO         5926    i.etharp_tmr        etharp.o
    0x0800602c   0x0800602c   0x000000b4   Code   RO         5927    i.etharp_update_arp_entry  etharp.o
    0x080060e0   0x080060e0   0x000000a8   Code   RO         6432    i.ethernet_input    ethernet.o
    0x08006188   0x08006188   0x0000008c   Code   RO         6433    i.ethernet_output   ethernet.o
    0x08006214   0x08006214   0x00000094   Code   RO         6596    i.ethernetif_init   ethernetif.o
    0x080062a8   0x080062a8   0x00000058   Code   RO         6597    i.ethernetif_input  ethernetif.o
    0x08006300   0x08006300   0x000000e4   Code   RO         3471    i.event_callback    sockets.o
    0x080063e4   0x080063e4   0x00000240   Code   RO         2268    i.fault_diagnosis   cm_backtrace.o
    0x08006624   0x08006624   0x00000018   Code   RO          433    i.fputc             bsp_debug_usart.o
    0x0800663c   0x0800663c   0x00000030   Code   RO         3472    i.free_socket       sockets.o
    0x0800666c   0x0800666c   0x00000028   Code   RO         3473    i.free_socket_free_elements  sockets.o
    0x08006694   0x08006694   0x00000012   Code   RO         3474    i.free_socket_locked  sockets.o
    0x080066a6   0x080066a6   0x00000004   Code   RO         1511    i.get_decimal_point  cjson.o
    0x080066aa   0x080066aa   0x00000046   Code   RO         1512    i.get_object_item   cjson.o
    0x080066f0   0x080066f0   0x00000018   Code   RO         3475    i.get_socket        sockets.o
    0x08006708   0x08006708   0x0000010c   Code   RO         1091    i.get_system_state  tasks_test.o
    0x08006814   0x08006814   0x00000008   Code   RO         6023    i.icmp_dest_unreach  icmp.o
    0x0800681c   0x0800681c   0x000001b4   Code   RO         6024    i.icmp_input        icmp.o
    0x080069d0   0x080069d0   0x000000a8   Code   RO         6025    i.icmp_send_response  icmp.o
    0x08006a78   0x08006a78   0x00000008   Code   RO         6026    i.icmp_time_exceeded  icmp.o
    0x08006a80   0x08006a80   0x00000022   Code   RO         6067    i.igmp_delaying_member  igmp.o
    0x08006aa2   0x08006aa2   0x00000002   PAD
    0x08006aa4   0x08006aa4   0x0000001c   Code   RO         6068    i.igmp_init         igmp.o
    0x08006ac0   0x08006ac0   0x000000bc   Code   RO         6069    i.igmp_input        igmp.o
    0x08006b7c   0x08006b7c   0x0000002c   Code   RO         6070    i.igmp_ip_output_if  igmp.o
    0x08006ba8   0x08006ba8   0x000000d4   Code   RO         6071    i.igmp_joingroup    igmp.o
    0x08006c7c   0x08006c7c   0x0000013c   Code   RO         6072    i.igmp_joingroup_netif  igmp.o
    0x08006db8   0x08006db8   0x000000dc   Code   RO         6073    i.igmp_leavegroup   igmp.o
    0x08006e94   0x08006e94   0x0000014c   Code   RO         6074    i.igmp_leavegroup_netif  igmp.o
    0x08006fe0   0x08006fe0   0x00000014   Code   RO         6075    i.igmp_lookfor_group  igmp.o
    0x08006ff4   0x08006ff4   0x000000a8   Code   RO         6076    i.igmp_lookup_group  igmp.o
    0x0800709c   0x0800709c   0x00000024   Code   RO         6077    i.igmp_remove_group  igmp.o
    0x080070c0   0x080070c0   0x0000001c   Code   RO         6078    i.igmp_report_groups  igmp.o
    0x080070dc   0x080070dc   0x000000d0   Code   RO         6079    i.igmp_send         igmp.o
    0x080071ac   0x080071ac   0x00000034   Code   RO         6080    i.igmp_start        igmp.o
    0x080071e0   0x080071e0   0x00000028   Code   RO         6081    i.igmp_start_timer  igmp.o
    0x08007208   0x08007208   0x00000020   Code   RO         6083    i.igmp_timeout      igmp.o
    0x08007228   0x08007228   0x00000034   Code   RO         6084    i.igmp_tmr          igmp.o
    0x0800725c   0x0800725c   0x0000000c   Code   RO         4231    i.inet_chksum       inet_chksum.o
    0x08007268   0x08007268   0x0000004a   Code   RO         4232    i.inet_chksum_pbuf  inet_chksum.o
    0x080072b2   0x080072b2   0x00000040   Code   RO         6282    i.ip4_addr_isbroadcast_u32  ip4_addr.o
    0x080072f2   0x080072f2   0x00000002   PAD
    0x080072f4   0x080072f4   0x000001f8   Code   RO         6351    i.ip4_frag          ip4_frag.o
    0x080074ec   0x080074ec   0x000001dc   Code   RO         6195    i.ip4_input         ip4.o
    0x080076c8   0x080076c8   0x0000002c   Code   RO         6196    i.ip4_input_accept  ip4.o
    0x080076f4   0x080076f4   0x0000001e   Code   RO         6198    i.ip4_output_if     ip4.o
    0x08007712   0x08007712   0x0000003a   Code   RO         6199    i.ip4_output_if_opt  ip4.o
    0x0800774c   0x0800774c   0x0000015c   Code   RO         6200    i.ip4_output_if_opt_src  ip4.o
    0x080078a8   0x080078a8   0x0000001e   Code   RO         6201    i.ip4_output_if_src  ip4.o
    0x080078c6   0x080078c6   0x00000002   PAD
    0x080078c8   0x080078c8   0x000001e0   Code   RO         6352    i.ip4_reass         ip4_frag.o
    0x08007aa8   0x08007aa8   0x00000074   Code   RO         6202    i.ip4_route         ip4.o
    0x08007b1c   0x08007b1c   0x00000158   Code   RO         6284    i.ip4addr_aton      ip4_addr.o
    0x08007c74   0x08007c74   0x0000000c   Code   RO         6285    i.ip4addr_ntoa      ip4_addr.o
    0x08007c80   0x08007c80   0x00000086   Code   RO         6286    i.ip4addr_ntoa_r    ip4_addr.o
    0x08007d06   0x08007d06   0x00000006   Code   RO         6353    i.ip_frag_alloc_pbuf_custom_ref  ip4_frag.o
    0x08007d0c   0x08007d0c   0x00000028   Code   RO         6354    i.ip_frag_free_pbuf_custom_ref  ip4_frag.o
    0x08007d34   0x08007d34   0x000001dc   Code   RO         6355    i.ip_reass_chain_frag_into_datagram_and_validate  ip4_frag.o
    0x08007f10   0x08007f10   0x0000004c   Code   RO         6356    i.ip_reass_dequeue_datagram  ip4_frag.o
    0x08007f5c   0x08007f5c   0x00000054   Code   RO         6357    i.ip_reass_enqueue_new_datagram  ip4_frag.o
    0x08007fb0   0x08007fb0   0x00000118   Code   RO         6358    i.ip_reass_free_complete_datagram  ip4_frag.o
    0x080080c8   0x080080c8   0x00000088   Code   RO         6359    i.ip_reass_remove_oldest_datagram  ip4_frag.o
    0x08008150   0x08008150   0x0000002c   Code   RO         6360    i.ip_reass_tmr      ip4_frag.o
    0x0800817c   0x0800817c   0x00000014   Code   RO         6287    i.ipaddr_addr       ip4_addr.o
    0x08008190   0x08008190   0x0000002c   Code   RO         6361    i.ipfrag_free_pbuf_custom  ip4_frag.o
    0x080081bc   0x080081bc   0x00000138   Code   RO         6598    i.low_level_init    ethernetif.o
    0x080082f4   0x080082f4   0x000000c4   Code   RO         6599    i.low_level_input   ethernetif.o
    0x080083b8   0x080083b8   0x000000e0   Code   RO         6600    i.low_level_output  ethernetif.o
    0x08008498   0x08008498   0x00000080   Code   RO         3478    i.lwip_close        sockets.o
    0x08008518   0x08008518   0x0000009c   Code   RO         3479    i.lwip_connect      sockets.o
    0x080085b4   0x080085b4   0x00000040   Code   RO         5656    i.lwip_cyclic_timer  timeouts.o
    0x080085f4   0x080085f4   0x00000018   Code   RO         4030    i.lwip_htonl        def.o
    0x0800860c   0x0800860c   0x0000000a   Code   RO         4031    i.lwip_htons        def.o
    0x08008616   0x08008616   0x0000002a   Code   RO         4304    i.lwip_init         init.o
    0x08008640   0x08008640   0x00000028   Code   RO         3489    i.lwip_link_select_cb  sockets.o
    0x08008668   0x08008668   0x000000c8   Code   RO         3006    i.lwip_netconn_do_close  api_msg.o
    0x08008730   0x08008730   0x0000027c   Code   RO         3007    i.lwip_netconn_do_close_internal  api_msg.o
    0x080089ac   0x080089ac   0x000000f4   Code   RO         3008    i.lwip_netconn_do_connect  api_msg.o
    0x08008aa0   0x08008aa0   0x0000010c   Code   RO         3009    i.lwip_netconn_do_connected  api_msg.o
    0x08008bac   0x08008bac   0x00000154   Code   RO         3010    i.lwip_netconn_do_delconn  api_msg.o
    0x08008d00   0x08008d00   0x00000022   Code   RO         3011    i.lwip_netconn_do_disconnect  api_msg.o
    0x08008d22   0x08008d22   0x0000001c   Code   RO         3012    i.lwip_netconn_do_dns_found  api_msg.o
    0x08008d3e   0x08008d3e   0x00000002   PAD
    0x08008d40   0x08008d40   0x000000a0   Code   RO         3013    i.lwip_netconn_do_getaddr  api_msg.o
    0x08008de0   0x08008de0   0x00000078   Code   RO         3014    i.lwip_netconn_do_gethostbyname  api_msg.o
    0x08008e58   0x08008e58   0x0000003c   Code   RO         3015    i.lwip_netconn_do_join_leave_group  api_msg.o
    0x08008e94   0x08008e94   0x00000012   Code   RO         3018    i.lwip_netconn_do_newconn  api_msg.o
    0x08008ea6   0x08008ea6   0x00000046   Code   RO         3019    i.lwip_netconn_do_recv  api_msg.o
    0x08008eec   0x08008eec   0x00000042   Code   RO         3020    i.lwip_netconn_do_send  api_msg.o
    0x08008f2e   0x08008f2e   0x00000002   PAD
    0x08008f30   0x08008f30   0x000000d0   Code   RO         3021    i.lwip_netconn_do_write  api_msg.o
    0x08009000   0x08009000   0x00000304   Code   RO         3022    i.lwip_netconn_do_writemore  api_msg.o
    0x08009304   0x08009304   0x00000044   Code   RO         3023    i.lwip_netconn_err_to_msg  api_msg.o
    0x08009348   0x08009348   0x00000054   Code   RO         3024    i.lwip_netconn_is_err_msg  api_msg.o
    0x0800939c   0x0800939c   0x00000044   Code   RO         3492    i.lwip_poll_should_wake  sockets.o
    0x080093e0   0x080093e0   0x0000000e   Code   RO         3496    i.lwip_recv         sockets.o
    0x080093ee   0x080093ee   0x00000002   PAD
    0x080093f0   0x080093f0   0x00000188   Code   RO         3497    i.lwip_recv_tcp     sockets.o
    0x08009578   0x08009578   0x00000036   Code   RO         3498    i.lwip_recv_tcp_from  sockets.o
    0x080095ae   0x080095ae   0x00000002   PAD
    0x080095b0   0x080095b0   0x000000d8   Code   RO         3499    i.lwip_recvfrom     sockets.o
    0x08009688   0x08009688   0x00000118   Code   RO         3500    i.lwip_recvfrom_udp_raw  sockets.o
    0x080097a0   0x080097a0   0x000002d0   Code   RO         3502    i.lwip_select       sockets.o
    0x08009a70   0x08009a70   0x0000016c   Code   RO         3503    i.lwip_selscan      sockets.o
    0x08009bdc   0x08009bdc   0x0000007c   Code   RO         3504    i.lwip_send         sockets.o
    0x08009c58   0x08009c58   0x000000f4   Code   RO         3506    i.lwip_sendto       sockets.o
    0x08009d4c   0x08009d4c   0x00000084   Code   RO         3509    i.lwip_shutdown     sockets.o
    0x08009dd0   0x08009dd0   0x000000a4   Code   RO         3510    i.lwip_sock_make_addr  sockets.o
    0x08009e74   0x08009e74   0x0000007c   Code   RO         3511    i.lwip_socket       sockets.o
    0x08009ef0   0x08009ef0   0x0000004c   Code   RO         3513    i.lwip_socket_drop_registered_memberships  sockets.o
    0x08009f3c   0x08009f3c   0x00000056   Code   RO         4239    i.lwip_standard_chksum  inet_chksum.o
    0x08009f92   0x08009f92   0x00000036   Code   RO         4034    i.lwip_strnicmp     def.o
    0x08009fc8   0x08009fc8   0x0000007c   Code   RO         3519    i.lwip_unlink_select_cb  sockets.o
    0x0800a044   0x0800a044   0x00000006   Code   RO         3520    i.lwip_write        sockets.o
    0x0800a04a   0x0800a04a   0x0000000e   Code   RO            4    i.main              main.o
    0x0800a058   0x0800a058   0x0000014c   Code   RO         4398    i.mem_free          mem.o
    0x0800a1a4   0x0800a1a4   0x00000068   Code   RO         4399    i.mem_init          mem.o
    0x0800a20c   0x0800a20c   0x00000050   Code   RO         4400    i.mem_link_valid    mem.o
    0x0800a25c   0x0800a25c   0x000001e0   Code   RO         4401    i.mem_malloc        mem.o
    0x0800a43c   0x0800a43c   0x00000010   Code   RO         4402    i.mem_to_ptr        mem.o
    0x0800a44c   0x0800a44c   0x0000018c   Code   RO         4403    i.mem_trim          mem.o
    0x0800a5d8   0x0800a5d8   0x0000003c   Code   RO         4471    i.memp_free         memp.o
    0x0800a614   0x0800a614   0x0000001c   Code   RO         4473    i.memp_init         memp.o
    0x0800a630   0x0800a630   0x0000002a   Code   RO         4474    i.memp_init_pool    memp.o
    0x0800a65a   0x0800a65a   0x00000002   PAD
    0x0800a65c   0x0800a65c   0x00000044   Code   RO         4475    i.memp_malloc       memp.o
    0x0800a6a0   0x0800a6a0   0x00000178   Code   RO         1241    i.mqtt_connect      mqttclient.o
    0x0800a818   0x0800a818   0x000000ee   Code   RO         1242    i.mqtt_msg_publish  mqttclient.o
    0x0800a906   0x0800a906   0x00000002   PAD
    0x0800a908   0x0800a908   0x00000078   Code   RO         1243    i.mqtt_packet_read  mqttclient.o
    0x0800a980   0x0800a980   0x0000008c   Code   RO         1244    i.mqtt_ping_req     mqttclient.o
    0x0800aa0c   0x0800aa0c   0x000000f4   Code   RO         1245    i.mqtt_pktype_ctl   mqttclient.o
    0x0800ab00   0x0800ab00   0x00000160   Code   RO          911    i.mqtt_send_task    tasks_mqtt.o
    0x0800ac60   0x0800ac60   0x00000268   Code   RO          912    i.mqtt_start_client  tasks_mqtt.o
    0x0800aec8   0x0800aec8   0x00000100   Code   RO         1246    i.mqtt_subscribe    mqttclient.o
    0x0800afc8   0x0800afc8   0x00000160   Code   RO          913    i.mqtt_task         tasks_mqtt.o
    0x0800b128   0x0800b128   0x00000024   Code   RO         3311    i.netbuf_delete     netbuf.o
    0x0800b14c   0x0800b14c   0x00000040   Code   RO         3313    i.netbuf_free       netbuf.o
    0x0800b18c   0x0800b18c   0x00000060   Code   RO         3316    i.netbuf_ref        netbuf.o
    0x0800b1ec   0x0800b1ec   0x000000a8   Code   RO         3025    i.netconn_alloc     api_msg.o
    0x0800b294   0x0800b294   0x0000001c   Code   RO         2731    i.netconn_apimsg    api_lib.o
    0x0800b2b0   0x0800b2b0   0x0000004c   Code   RO         2735    i.netconn_close_shutdown  api_lib.o
    0x0800b2fc   0x0800b2fc   0x00000058   Code   RO         2736    i.netconn_connect   api_lib.o
    0x0800b354   0x0800b354   0x00000022   Code   RO         2737    i.netconn_delete    api_lib.o
    0x0800b376   0x0800b376   0x00000002   PAD
    0x0800b378   0x0800b378   0x0000004c   Code   RO         2738    i.netconn_disconnect  api_lib.o
    0x0800b3c4   0x0800b3c4   0x0000009a   Code   RO         3026    i.netconn_drain     api_msg.o
    0x0800b45e   0x0800b45e   0x00000020   Code   RO         2739    i.netconn_err       api_lib.o
    0x0800b47e   0x0800b47e   0x00000002   PAD
    0x0800b480   0x0800b480   0x000000f4   Code   RO         3027    i.netconn_free      api_msg.o
    0x0800b574   0x0800b574   0x000000a8   Code   RO         2740    i.netconn_getaddr   api_lib.o
    0x0800b61c   0x0800b61c   0x000000a8   Code   RO         2741    i.netconn_gethostbyname  api_lib.o
    0x0800b6c4   0x0800b6c4   0x00000064   Code   RO         2742    i.netconn_join_leave_group  api_lib.o
    0x0800b728   0x0800b728   0x00000100   Code   RO         2745    i.netconn_new_with_proto_and_callback  api_lib.o
    0x0800b828   0x0800b828   0x00000028   Code   RO         2746    i.netconn_prepare_delete  api_lib.o
    0x0800b850   0x0800b850   0x00000124   Code   RO         2748    i.netconn_recv_data  api_lib.o
    0x0800b974   0x0800b974   0x00000098   Code   RO         2749    i.netconn_recv_data_tcp  api_lib.o
    0x0800ba0c   0x0800ba0c   0x00000048   Code   RO         2751    i.netconn_recv_tcp_pbuf_flags  api_lib.o
    0x0800ba54   0x0800ba54   0x00000050   Code   RO         2753    i.netconn_recv_udp_raw_netbuf_flags  api_lib.o
    0x0800baa4   0x0800baa4   0x00000044   Code   RO         2754    i.netconn_send      api_lib.o
    0x0800bae8   0x0800bae8   0x00000018   Code   RO         2756    i.netconn_shutdown  api_lib.o
    0x0800bb00   0x0800bb00   0x0000004c   Code   RO         2757    i.netconn_tcp_recvd  api_lib.o
    0x0800bb4c   0x0800bb4c   0x00000058   Code   RO         2758    i.netconn_tcp_recvd_msg  api_lib.o
    0x0800bba4   0x0800bba4   0x00000014   Code   RO         2759    i.netconn_write_partly  api_lib.o
    0x0800bbb8   0x0800bbb8   0x0000012c   Code   RO         2760    i.netconn_write_vectors_partly  api_lib.o
    0x0800bce4   0x0800bce4   0x0000017c   Code   RO         4630    i.netif_add         netif.o
    0x0800be60   0x0800be60   0x0000001a   Code   RO         4632    i.netif_do_ip_addr_changed  netif.o
    0x0800be7a   0x0800be7a   0x00000016   Code   RO         4633    i.netif_do_set_gw   netif.o
    0x0800be90   0x0800be90   0x00000058   Code   RO         4634    i.netif_do_set_ipaddr  netif.o
    0x0800bee8   0x0800bee8   0x00000016   Code   RO         4635    i.netif_do_set_netmask  netif.o
    0x0800befe   0x0800befe   0x00000002   PAD
    0x0800bf00   0x0800bf00   0x00000028   Code   RO         4637    i.netif_get_by_index  netif.o
    0x0800bf28   0x0800bf28   0x00000002   Code   RO         4639    i.netif_init        netif.o
    0x0800bf2a   0x0800bf2a   0x00000002   PAD
    0x0800bf2c   0x0800bf2c   0x0000006c   Code   RO         4641    i.netif_issue_reports  netif.o
    0x0800bf98   0x0800bf98   0x00000006   Code   RO         4643    i.netif_null_output_ip4  netif.o
    0x0800bf9e   0x0800bf9e   0x00000002   PAD
    0x0800bfa0   0x0800bfa0   0x00000064   Code   RO         4645    i.netif_set_addr    netif.o
    0x0800c004   0x0800c004   0x0000000c   Code   RO         4646    i.netif_set_default  netif.o
    0x0800c010   0x0800c010   0x00000044   Code   RO         4647    i.netif_set_down    netif.o
    0x0800c054   0x0800c054   0x00000040   Code   RO         4653    i.netif_set_up      netif.o
    0x0800c094   0x0800c094   0x00000006   Code   RO         4809    i.pbuf_add_header   pbuf.o
    0x0800c09a   0x0800c09a   0x00000002   PAD
    0x0800c09c   0x0800c09c   0x00000070   Code   RO         4811    i.pbuf_add_header_impl  pbuf.o
    0x0800c10c   0x0800c10c   0x000001c4   Code   RO         4812    i.pbuf_alloc        pbuf.o
    0x0800c2d0   0x0800c2d0   0x00000054   Code   RO         4813    i.pbuf_alloc_reference  pbuf.o
    0x0800c324   0x0800c324   0x00000036   Code   RO         4814    i.pbuf_alloced_custom  pbuf.o
    0x0800c35a   0x0800c35a   0x00000002   PAD
    0x0800c35c   0x0800c35c   0x000000c4   Code   RO         4815    i.pbuf_cat          pbuf.o
    0x0800c420   0x0800c420   0x00000014   Code   RO         4816    i.pbuf_chain        pbuf.o
    0x0800c434   0x0800c434   0x00000012   Code   RO         4817    i.pbuf_clen         pbuf.o
    0x0800c446   0x0800c446   0x00000002   PAD
    0x0800c448   0x0800c448   0x00000040   Code   RO         4818    i.pbuf_clone        pbuf.o
    0x0800c488   0x0800c488   0x00000164   Code   RO         4820    i.pbuf_copy         pbuf.o
    0x0800c5ec   0x0800c5ec   0x000000bc   Code   RO         4821    i.pbuf_copy_partial  pbuf.o
    0x0800c6a8   0x0800c6a8   0x000000f4   Code   RO         4823    i.pbuf_free         pbuf.o
    0x0800c79c   0x0800c79c   0x00000034   Code   RO         4824    i.pbuf_free_header  pbuf.o
    0x0800c7d0   0x0800c7d0   0x00000006   Code   RO         4828    i.pbuf_header_force  pbuf.o
    0x0800c7d6   0x0800c7d6   0x0000000e   Code   RO         4829    i.pbuf_header_impl  pbuf.o
    0x0800c7e4   0x0800c7e4   0x0000001c   Code   RO         4830    i.pbuf_init_alloced_pbuf  pbuf.o
    0x0800c800   0x0800c800   0x0000001e   Code   RO         4833    i.pbuf_put_at       pbuf.o
    0x0800c81e   0x0800c81e   0x00000002   PAD
    0x0800c820   0x0800c820   0x000000c0   Code   RO         4834    i.pbuf_realloc      pbuf.o
    0x0800c8e0   0x0800c8e0   0x0000003c   Code   RO         4835    i.pbuf_ref          pbuf.o
    0x0800c91c   0x0800c91c   0x00000074   Code   RO         4836    i.pbuf_remove_header  pbuf.o
    0x0800c990   0x0800c990   0x00000004   Code   RO         4837    i.pbuf_skip         pbuf.o
    0x0800c994   0x0800c994   0x00000018   Code   RO         4838    i.pbuf_skip_const   pbuf.o
    0x0800c9ac   0x0800c9ac   0x00000100   Code   RO         4840    i.pbuf_take         pbuf.o
    0x0800caac   0x0800caac   0x0000007c   Code   RO         4841    i.pbuf_take_at      pbuf.o
    0x0800cb28   0x0800cb28   0x00000020   Code   RO         4842    i.pbuf_try_get_at   pbuf.o
    0x0800cb48   0x0800cb48   0x00000094   Code   RO         3028    i.pcb_new           api_msg.o
    0x0800cbdc   0x0800cbdc   0x00000128   Code   RO         4404    i.plug_holes        mem.o
    0x0800cd04   0x0800cd04   0x0000007c   Code   RO         3029    i.poll_tcp          api_msg.o
    0x0800cd80   0x0800cd80   0x00000098   Code   RO         1519    i.print             cjson.o
    0x0800ce18   0x0800ce18   0x000000a0   Code   RO         1520    i.print_array       cjson.o
    0x0800ceb8   0x0800ceb8   0x00000094   Code   RO         2269    i.print_call_stack  cm_backtrace.o
    0x0800cf4c   0x0800cf4c   0x000000b0   Code   RO         1521    i.print_number      cjson.o
    0x0800cffc   0x0800cffc   0x00000154   Code   RO         1522    i.print_object      cjson.o
    0x0800d150   0x0800d150   0x00000006   Code   RO         1523    i.print_string      cjson.o
    0x0800d156   0x0800d156   0x00000002   PAD
    0x0800d158   0x0800d158   0x0000013c   Code   RO         1524    i.print_string_ptr  cjson.o
    0x0800d294   0x0800d294   0x000000f4   Code   RO         1525    i.print_value       cjson.o
    0x0800d388   0x0800d388   0x00000070   Code   RO         7747    i.prvAddCurrentTaskToDelayedList  tasks.o
    0x0800d3f8   0x0800d3f8   0x0000008c   Code   RO         7748    i.prvAddNewTaskToReadyList  tasks.o
    0x0800d484   0x0800d484   0x00000054   Code   RO         7749    i.prvCheckTasksWaitingTermination  tasks.o
    0x0800d4d8   0x0800d4d8   0x00000028   Code   RO         7566    i.prvCopyDataFromQueue  queue.o
    0x0800d500   0x0800d500   0x0000006e   Code   RO         7567    i.prvCopyDataToQueue  queue.o
    0x0800d56e   0x0800d56e   0x00000014   Code   RO         7750    i.prvDeleteTCB      tasks.o
    0x0800d582   0x0800d582   0x00000002   PAD
    0x0800d584   0x0800d584   0x0000004c   Code   RO         8225    i.prvHeapInit       heap_4.o
    0x0800d5d0   0x0800d5d0   0x00000028   Code   RO         7751    i.prvIdleTask       tasks.o
    0x0800d5f8   0x0800d5f8   0x00000018   Code   RO         7568    i.prvInitialiseMutex  queue.o
    0x0800d610   0x0800d610   0x00000022   Code   RO         7569    i.prvInitialiseNewQueue  queue.o
    0x0800d632   0x0800d632   0x00000002   PAD
    0x0800d634   0x0800d634   0x000000c0   Code   RO         7752    i.prvInitialiseNewTask  tasks.o
    0x0800d6f4   0x0800d6f4   0x00000058   Code   RO         7753    i.prvInitialiseTaskLists  tasks.o
    0x0800d74c   0x0800d74c   0x00000054   Code   RO         8226    i.prvInsertBlockIntoFreeList  heap_4.o
    0x0800d7a0   0x0800d7a0   0x0000001a   Code   RO         7570    i.prvIsQueueEmpty   queue.o
    0x0800d7ba   0x0800d7ba   0x0000001e   Code   RO         7571    i.prvIsQueueFull    queue.o
    0x0800d7d8   0x0800d7d8   0x0000005c   Code   RO         7754    i.prvListTasksWithinSingleList  tasks.o
    0x0800d834   0x0800d834   0x00000024   Code   RO         7755    i.prvResetNextTaskUnblockTime  tasks.o
    0x0800d858   0x0800d858   0x00000014   Code   RO         7756    i.prvTaskCheckFreeStackSpace  tasks.o
    0x0800d86c   0x0800d86c   0x00000060   Code   RO         8137    i.prvTaskExitError  port.o
    0x0800d8cc   0x0800d8cc   0x0000006a   Code   RO         7572    i.prvUnlockQueue    queue.o
    0x0800d936   0x0800d936   0x00000024   Code   RO         7758    i.prvWriteNameToBuffer  tasks.o
    0x0800d95a   0x0800d95a   0x00000002   PAD
    0x0800d95c   0x0800d95c   0x0000000c   Code   RO         4405    i.ptr_to_mem        mem.o
    0x0800d968   0x0800d968   0x00000108   Code   RO         8227    i.pvPortMalloc      heap_4.o
    0x0800da70   0x0800da70   0x00000018   Code   RO         7759    i.pvTaskIncrementMutexHeldCount  tasks.o
    0x0800da88   0x0800da88   0x00000024   Code   RO         8138    i.pxPortInitialiseStack  port.o
    0x0800daac   0x0800daac   0x0000000c   Code   RO         2497    i.readChar          mqttpacket.o
    0x0800dab8   0x0800dab8   0x00000012   Code   RO         2498    i.readInt           mqttpacket.o
    0x0800daca   0x0800daca   0x00000034   Code   RO         2499    i.readMQTTLenString  mqttpacket.o
    0x0800dafe   0x0800dafe   0x00000002   PAD
    0x0800db00   0x0800db00   0x00000108   Code   RO         3030    i.recv_tcp          api_msg.o
    0x0800dc08   0x0800dc08   0x00000108   Code   RO         3031    i.recv_udp          api_msg.o
    0x0800dd10   0x0800dd10   0x000000a4   Code   RO         3522    i.select_check_waiters  sockets.o
    0x0800ddb4   0x0800ddb4   0x00000070   Code   RO         3032    i.sent_tcp          api_msg.o
    0x0800de24   0x0800de24   0x00000044   Code   RO         3033    i.setup_tcp         api_msg.o
    0x0800de68   0x0800de68   0x0000001c   Code   RO         2270    i.statck_del_fpu_regs  cm_backtrace.o
    0x0800de84   0x0800de84   0x00000006   Code   RO         1528    i.suffix_object     cjson.o
    0x0800de8a   0x0800de8a   0x00000042   Code   RO         6652    i.sys_arch_mbox_fetch  sys_arch.o
    0x0800decc   0x0800decc   0x00000020   Code   RO         6653    i.sys_arch_mbox_tryfetch  sys_arch.o
    0x0800deec   0x0800deec   0x0000000a   Code   RO         6654    i.sys_arch_protect  sys_arch.o
    0x0800def6   0x0800def6   0x00000040   Code   RO         6655    i.sys_arch_sem_wait  sys_arch.o
    0x0800df36   0x0800df36   0x00000004   Code   RO         6657    i.sys_arch_unprotect  sys_arch.o
    0x0800df3a   0x0800df3a   0x00000002   PAD
    0x0800df3c   0x0800df3c   0x00000044   Code   RO         5657    i.sys_check_timeouts  timeouts.o
    0x0800df80   0x0800df80   0x00000024   Code   RO         6658    i.sys_init          sys_arch.o
    0x0800dfa4   0x0800dfa4   0x00000014   Code   RO         6660    i.sys_mbox_free     sys_arch.o
    0x0800dfb8   0x0800dfb8   0x0000001c   Code   RO         6661    i.sys_mbox_new      sys_arch.o
    0x0800dfd4   0x0800dfd4   0x00000006   Code   RO         6663    i.sys_mbox_set_invalid  sys_arch.o
    0x0800dfda   0x0800dfda   0x0000001c   Code   RO         6664    i.sys_mbox_trypost  sys_arch.o
    0x0800dff6   0x0800dff6   0x0000000e   Code   RO         6666    i.sys_mbox_valid    sys_arch.o
    0x0800e004   0x0800e004   0x0000000c   Code   RO         6668    i.sys_mutex_lock    sys_arch.o
    0x0800e010   0x0800e010   0x0000003c   Code   RO         6669    i.sys_mutex_new     sys_arch.o
    0x0800e04c   0x0800e04c   0x0000000c   Code   RO         6671    i.sys_mutex_unlock  sys_arch.o
    0x0800e058   0x0800e058   0x00000010   Code   RO         6672    i.sys_now           sys_arch.o
    0x0800e068   0x0800e068   0x00000010   Code   RO         6673    i.sys_sem_free      sys_arch.o
    0x0800e078   0x0800e078   0x0000005c   Code   RO         6674    i.sys_sem_new       sys_arch.o
    0x0800e0d4   0x0800e0d4   0x00000006   Code   RO         6675    i.sys_sem_set_invalid  sys_arch.o
    0x0800e0da   0x0800e0da   0x00000002   PAD
    0x0800e0dc   0x0800e0dc   0x00000040   Code   RO         6676    i.sys_sem_signal    sys_arch.o
    0x0800e11c   0x0800e11c   0x0000000e   Code   RO         6677    i.sys_sem_valid     sys_arch.o
    0x0800e12a   0x0800e12a   0x00000002   PAD
    0x0800e12c   0x0800e12c   0x00000068   Code   RO         6678    i.sys_thread_new    sys_arch.o
    0x0800e194   0x0800e194   0x00000060   Code   RO         5659    i.sys_timeout       timeouts.o
    0x0800e1f4   0x0800e1f4   0x000000a0   Code   RO         5660    i.sys_timeout_abs   timeouts.o
    0x0800e294   0x0800e294   0x00000024   Code   RO         5661    i.sys_timeouts_init  timeouts.o
    0x0800e2b8   0x0800e2b8   0x00000028   Code   RO         5662    i.sys_timeouts_sleeptime  timeouts.o
    0x0800e2e0   0x0800e2e0   0x0000000c   Code   RO          847    i.task_init         tasks_init.o
    0x0800e2ec   0x0800e2ec   0x0000013c   Code   RO         5087    i.tcp_abandon       tcp.o
    0x0800e428   0x0800e428   0x00000006   Code   RO         5088    i.tcp_abort         tcp.o
    0x0800e42e   0x0800e42e   0x0000000e   Code   RO         5089    i.tcp_accept        tcp.o
    0x0800e43c   0x0800e43c   0x000000ac   Code   RO         5091    i.tcp_alloc         tcp.o
    0x0800e4e8   0x0800e4e8   0x00000008   Code   RO         5092    i.tcp_arg           tcp.o
    0x0800e4f0   0x0800e4f0   0x00000044   Code   RO         5095    i.tcp_close         tcp.o
    0x0800e534   0x0800e534   0x00000150   Code   RO         5096    i.tcp_close_shutdown  tcp.o
    0x0800e684   0x0800e684   0x00000078   Code   RO         5097    i.tcp_close_shutdown_fin  tcp.o
    0x0800e6fc   0x0800e6fc   0x00000184   Code   RO         5098    i.tcp_connect       tcp.o
    0x0800e880   0x0800e880   0x00000120   Code   RO         5496    i.tcp_create_segment  tcp_out.o
    0x0800e9a0   0x0800e9a0   0x0000005c   Code   RO         5100    i.tcp_eff_send_mss_netif  tcp.o
    0x0800e9fc   0x0800e9fc   0x000001bc   Code   RO         5497    i.tcp_enqueue_flags  tcp_out.o
    0x0800ebb8   0x0800ebb8   0x00000044   Code   RO         5101    i.tcp_err           tcp.o
    0x0800ebfc   0x0800ebfc   0x0000006c   Code   RO         5102    i.tcp_fasttmr       tcp.o
    0x0800ec68   0x0800ec68   0x00000030   Code   RO         5103    i.tcp_free          tcp.o
    0x0800ec98   0x0800ec98   0x000000d8   Code   RO         5412    i.tcp_free_acked_segments  tcp_in.o
    0x0800ed70   0x0800ed70   0x00000038   Code   RO         5104    i.tcp_free_listen   tcp.o
    0x0800eda8   0x0800eda8   0x00000028   Code   RO         5413    i.tcp_get_next_optbyte  tcp_in.o
    0x0800edd0   0x0800edd0   0x00000028   Code   RO         5105    i.tcp_handle_closepend  tcp.o
    0x0800edf8   0x0800edf8   0x00000018   Code   RO         5106    i.tcp_init          tcp.o
    0x0800ee10   0x0800ee10   0x000005fc   Code   RO         5414    i.tcp_input         tcp_in.o
    0x0800f40c   0x0800f40c   0x00000070   Code   RO         5415    i.tcp_input_delayed_close  tcp_in.o
    0x0800f47c   0x0800f47c   0x00000068   Code   RO         5498    i.tcp_keepalive     tcp_out.o
    0x0800f4e4   0x0800f4e4   0x00000050   Code   RO         5107    i.tcp_kill_prio     tcp.o
    0x0800f534   0x0800f534   0x0000005c   Code   RO         5108    i.tcp_kill_state    tcp.o
    0x0800f590   0x0800f590   0x00000034   Code   RO         5109    i.tcp_kill_timewait  tcp.o
    0x0800f5c4   0x0800f5c4   0x0000005c   Code   RO         5110    i.tcp_listen_closed  tcp.o
    0x0800f620   0x0800f620   0x00000134   Code   RO         5416    i.tcp_listen_input  tcp_in.o
    0x0800f754   0x0800f754   0x0000004c   Code   RO         5113    i.tcp_netif_ip_addr_changed  tcp.o
    0x0800f7a0   0x0800f7a0   0x00000064   Code   RO         5114    i.tcp_netif_ip_addr_changed_pcblist  tcp.o
    0x0800f804   0x0800f804   0x00000006   Code   RO         5116    i.tcp_new_ip_type   tcp.o
    0x0800f80a   0x0800f80a   0x00000002   PAD
    0x0800f80c   0x0800f80c   0x00000058   Code   RO         5117    i.tcp_new_port      tcp.o
    0x0800f864   0x0800f864   0x00000038   Code   RO         5118    i.tcp_next_iss      tcp.o
    0x0800f89c   0x0800f89c   0x0000028c   Code   RO         5499    i.tcp_output        tcp_out.o
    0x0800fb28   0x0800fb28   0x0000006c   Code   RO         5500    i.tcp_output_alloc_header  tcp_out.o
    0x0800fb94   0x0800fb94   0x000000b0   Code   RO         5501    i.tcp_output_alloc_header_common  tcp_out.o
    0x0800fc44   0x0800fc44   0x0000007c   Code   RO         5502    i.tcp_output_control_segment  tcp_out.o
    0x0800fcc0   0x0800fcc0   0x00000070   Code   RO         5503    i.tcp_output_fill_options  tcp_out.o
    0x0800fd30   0x0800fd30   0x00000164   Code   RO         5504    i.tcp_output_segment  tcp_out.o
    0x0800fe94   0x0800fe94   0x00000048   Code   RO         5505    i.tcp_output_segment_busy  tcp_out.o
    0x0800fedc   0x0800fedc   0x00000098   Code   RO         5417    i.tcp_parseopt      tcp_in.o
    0x0800ff74   0x0800ff74   0x000000e0   Code   RO         5506    i.tcp_pbuf_prealloc  tcp_out.o
    0x08010054   0x08010054   0x00000064   Code   RO         5119    i.tcp_pcb_purge     tcp.o
    0x080100b8   0x080100b8   0x000000ec   Code   RO         5120    i.tcp_pcb_remove    tcp.o
    0x080101a4   0x080101a4   0x00000064   Code   RO         5121    i.tcp_poll          tcp.o
    0x08010208   0x08010208   0x0000050a   Code   RO         5418    i.tcp_process       tcp_in.o
    0x08010712   0x08010712   0x00000002   PAD
    0x08010714   0x08010714   0x000000a8   Code   RO         5122    i.tcp_process_refused_data  tcp.o
    0x080107bc   0x080107bc   0x00000570   Code   RO         5419    i.tcp_receive       tcp_in.o
    0x08010d2c   0x08010d2c   0x00000044   Code   RO         5123    i.tcp_recv          tcp.o
    0x08010d70   0x08010d70   0x00000050   Code   RO         5124    i.tcp_recv_null     tcp.o
    0x08010dc0   0x08010dc0   0x0000009c   Code   RO         5125    i.tcp_recved        tcp.o
    0x08010e5c   0x08010e5c   0x0000004c   Code   RO         5126    i.tcp_remove_listener  tcp.o
    0x08010ea8   0x08010ea8   0x0000008c   Code   RO         5507    i.tcp_rexmit        tcp_out.o
    0x08010f34   0x08010f34   0x00000088   Code   RO         5508    i.tcp_rexmit_fast   tcp_out.o
    0x08010fbc   0x08010fbc   0x00000040   Code   RO         5509    i.tcp_rexmit_rto    tcp_out.o
    0x08010ffc   0x08010ffc   0x0000004c   Code   RO         5510    i.tcp_rexmit_rto_commit  tcp_out.o
    0x08011048   0x08011048   0x000000ac   Code   RO         5511    i.tcp_rexmit_rto_prepare  tcp_out.o
    0x080110f4   0x080110f4   0x00000012   Code   RO         5512    i.tcp_route         tcp_out.o
    0x08011106   0x08011106   0x00000002   PAD
    0x08011108   0x08011108   0x000000a8   Code   RO         5513    i.tcp_rst           tcp_out.o
    0x080111b0   0x080111b0   0x0000001e   Code   RO         5127    i.tcp_seg_free      tcp.o
    0x080111ce   0x080111ce   0x00000012   Code   RO         5128    i.tcp_segs_free     tcp.o
    0x080111e0   0x080111e0   0x0000008c   Code   RO         5514    i.tcp_send_empty_ack  tcp_out.o
    0x0801126c   0x0801126c   0x0000006c   Code   RO         5515    i.tcp_send_fin      tcp_out.o
    0x080112d8   0x080112d8   0x00000044   Code   RO         5129    i.tcp_sent          tcp.o
    0x0801131c   0x0801131c   0x00000090   Code   RO         5131    i.tcp_shutdown      tcp.o
    0x080113ac   0x080113ac   0x00000520   Code   RO         5132    i.tcp_slowtmr       tcp.o
    0x080118cc   0x080118cc   0x000001bc   Code   RO         5516    i.tcp_split_unsent_seg  tcp_out.o
    0x08011a88   0x08011a88   0x00000034   Code   RO         5664    i.tcp_timer_needed  timeouts.o
    0x08011abc   0x08011abc   0x00000098   Code   RO         5420    i.tcp_timewait_input  tcp_in.o
    0x08011b54   0x08011b54   0x00000020   Code   RO         5134    i.tcp_tmr           tcp.o
    0x08011b74   0x08011b74   0x00000010   Code   RO         5421    i.tcp_trigger_input_pcb_close  tcp_in.o
    0x08011b84   0x08011b84   0x00000090   Code   RO         5136    i.tcp_update_rcv_ann_wnd  tcp.o
    0x08011c14   0x08011c14   0x000006a0   Code   RO         5517    i.tcp_write         tcp_out.o
    0x080122b4   0x080122b4   0x00000110   Code   RO         5518    i.tcp_write_checks  tcp_out.o
    0x080123c4   0x080123c4   0x000000ec   Code   RO         5519    i.tcp_zero_window_probe  tcp_out.o
    0x080124b0   0x080124b0   0x0000009c   Code   RO         3831    i.tcpip_init        tcpip.o
    0x0801254c   0x0801254c   0x00000064   Code   RO         3832    i.tcpip_inpkt       tcpip.o
    0x080125b0   0x080125b0   0x00000020   Code   RO         3833    i.tcpip_input       tcpip.o
    0x080125d0   0x080125d0   0x00000020   Code   RO         3834    i.tcpip_send_msg_wait_sem  tcpip.o
    0x080125f0   0x080125f0   0x00000038   Code   RO         5665    i.tcpip_tcp_timer   timeouts.o
    0x08012628   0x08012628   0x00000058   Code   RO         3835    i.tcpip_thread      tcpip.o
    0x08012680   0x08012680   0x00000074   Code   RO         3836    i.tcpip_thread_handle_msg  tcpip.o
    0x080126f4   0x080126f4   0x0000005c   Code   RO         3837    i.tcpip_timeouts_mbox_fetch  tcpip.o
    0x08012750   0x08012750   0x00000048   Code   RO         1092    i.test_task         tasks_test.o
    0x08012798   0x08012798   0x00000028   Code   RO         1364    i.transport_close   transport.o
    0x080127c0   0x080127c0   0x00000014   Code   RO         1365    i.transport_getdata  transport.o
    0x080127d4   0x080127d4   0x00000058   Code   RO         1366    i.transport_open    transport.o
    0x0801282c   0x0801282c   0x00000010   Code   RO         1367    i.transport_sendPacketBuffer  transport.o
    0x0801283c   0x0801283c   0x00000012   Code   RO         3523    i.tryget_socket     sockets.o
    0x0801284e   0x0801284e   0x00000004   Code   RO         3524    i.tryget_socket_unconn  sockets.o
    0x08012852   0x08012852   0x00000004   Code   RO         3525    i.tryget_socket_unconn_locked  sockets.o
    0x08012856   0x08012856   0x00000002   PAD
    0x08012858   0x08012858   0x00000014   Code   RO         3526    i.tryget_socket_unconn_nouse  sockets.o
    0x0801286c   0x0801286c   0x000000a8   Code   RO         5748    i.udp_bind          udp.o
    0x08012914   0x08012914   0x000000a4   Code   RO         5750    i.udp_connect       udp.o
    0x080129b8   0x080129b8   0x00000038   Code   RO         5751    i.udp_disconnect    udp.o
    0x080129f0   0x080129f0   0x00000018   Code   RO         5752    i.udp_init          udp.o
    0x08012a08   0x08012a08   0x000001b0   Code   RO         5753    i.udp_input         udp.o
    0x08012bb8   0x08012bb8   0x000000b4   Code   RO         5754    i.udp_input_local_match  udp.o
    0x08012c6c   0x08012c6c   0x00000034   Code   RO         5755    i.udp_netif_ip_addr_changed  udp.o
    0x08012ca0   0x08012ca0   0x0000001e   Code   RO         5756    i.udp_new           udp.o
    0x08012cbe   0x08012cbe   0x00000004   Code   RO         5757    i.udp_new_ip_type   udp.o
    0x08012cc2   0x08012cc2   0x00000002   PAD
    0x08012cc4   0x08012cc4   0x00000048   Code   RO         5758    i.udp_new_port      udp.o
    0x08012d0c   0x08012d0c   0x00000028   Code   RO         5759    i.udp_recv          udp.o
    0x08012d34   0x08012d34   0x00000050   Code   RO         5760    i.udp_remove        udp.o
    0x08012d84   0x08012d84   0x0000005c   Code   RO         5761    i.udp_send          udp.o
    0x08012de0   0x08012de0   0x000000e4   Code   RO         5762    i.udp_sendto        udp.o
    0x08012ec4   0x08012ec4   0x000000dc   Code   RO         5763    i.udp_sendto_if     udp.o
    0x08012fa0   0x08012fa0   0x00000210   Code   RO         5764    i.udp_sendto_if_src  udp.o
    0x080131b0   0x080131b0   0x0000001e   Code   RO         1529    i.update_offset     cjson.o
    0x080131ce   0x080131ce   0x00000024   Code   RO         7518    i.uxListRemove      list.o
    0x080131f2   0x080131f2   0x00000002   PAD
    0x080131f4   0x080131f4   0x0000004c   Code   RO         7575    i.uxQueueMessagesWaiting  queue.o
    0x08013240   0x08013240   0x0000009c   Code   RO         7762    i.uxTaskGetSystemState  tasks.o
    0x080132dc   0x080132dc   0x00000028   Code   RO          848    i.vApplicationStackOverflowHook  tasks_init.o
    0x08013304   0x08013304   0x00000016   Code   RO         7519    i.vListInitialise   list.o
    0x0801331a   0x0801331a   0x00000006   Code   RO         7520    i.vListInitialiseItem  list.o
    0x08013320   0x08013320   0x00000030   Code   RO         7521    i.vListInsert       list.o
    0x08013350   0x08013350   0x00000018   Code   RO         7522    i.vListInsertEnd    list.o
    0x08013368   0x08013368   0x00000074   Code   RO         8140    i.vPortEnterCritical  port.o
    0x080133dc   0x080133dc   0x00000064   Code   RO         8141    i.vPortExitCritical  port.o
    0x08013440   0x08013440   0x00000098   Code   RO         8228    i.vPortFree         heap_4.o
    0x080134d8   0x080134d8   0x00000020   Code   RO         8142    i.vPortSetupTimerInterrupt  port.o
    0x080134f8   0x080134f8   0x00000088   Code   RO         8143    i.vPortValidateInterruptPriority  port.o
    0x08013580   0x08013580   0x00000048   Code   RO         7578    i.vQueueDelete      queue.o
    0x080135c8   0x080135c8   0x00000074   Code   RO         7767    i.vTaskDelay        tasks.o
    0x0801363c   0x0801363c   0x00000078   Code   RO         7771    i.vTaskGetInfo      tasks.o
    0x080136b4   0x080136b4   0x000000bc   Code   RO         7773    i.vTaskList         tasks.o
    0x08013770   0x08013770   0x0000000c   Code   RO         7774    i.vTaskMissedYield  tasks.o
    0x0801377c   0x0801377c   0x0000005c   Code   RO         7776    i.vTaskPlaceOnEventList  tasks.o
    0x080137d8   0x080137d8   0x00000088   Code   RO         7778    i.vTaskPriorityInherit  tasks.o
    0x08013860   0x08013860   0x0000004c   Code   RO         7782    i.vTaskSetTimeOutState  tasks.o
    0x080138ac   0x080138ac   0x00000090   Code   RO         7783    i.vTaskStartScheduler  tasks.o
    0x0801393c   0x0801393c   0x00000010   Code   RO         7785    i.vTaskSuspendAll   tasks.o
    0x0801394c   0x0801394c   0x000000b0   Code   RO         7786    i.vTaskSwitchContext  tasks.o
    0x080139fc   0x080139fc   0x00000028   Code   RO         2500    i.writeCString      mqttpacket.o
    0x08013a24   0x08013a24   0x0000000c   Code   RO         2501    i.writeChar         mqttpacket.o
    0x08013a30   0x08013a30   0x0000001e   Code   RO         2502    i.writeInt          mqttpacket.o
    0x08013a4e   0x08013a4e   0x00000046   Code   RO         2503    i.writeMQTTString   mqttpacket.o
    0x08013a94   0x08013a94   0x0000000c   Code   RO         8230    i.xPortGetFreeHeapSize  heap_4.o
    0x08013aa0   0x08013aa0   0x0000000c   Code   RO         8231    i.xPortGetMinimumEverFreeHeapSize  heap_4.o
    0x08013aac   0x08013aac   0x0000010c   Code   RO         8144    i.xPortStartScheduler  port.o
    0x08013bb8   0x08013bb8   0x0000002c   Code   RO         8145    i.xPortSysTickHandler  port.o
    0x08013be4   0x08013be4   0x00000060   Code   RO         7580    i.xQueueCreateCountingSemaphore  queue.o
    0x08013c44   0x08013c44   0x00000018   Code   RO         7581    i.xQueueCreateMutex  queue.o
    0x08013c5c   0x08013c5c   0x00000068   Code   RO         7582    i.xQueueGenericCreate  queue.o
    0x08013cc4   0x08013cc4   0x000001a4   Code   RO         7583    i.xQueueGenericReceive  queue.o
    0x08013e68   0x08013e68   0x000000b0   Code   RO         7584    i.xQueueGenericReset  queue.o
    0x08013f18   0x08013f18   0x0000017c   Code   RO         7585    i.xQueueGenericSend  queue.o
    0x08014094   0x08014094   0x000000bc   Code   RO         7587    i.xQueueGiveFromISR  queue.o
    0x08014150   0x08014150   0x00000094   Code   RO         7787    i.xTaskCheckForTimeOut  tasks.o
    0x080141e4   0x080141e4   0x00000060   Code   RO         7788    i.xTaskCreate       tasks.o
    0x08014244   0x08014244   0x0000001c   Code   RO         7792    i.xTaskGetSchedulerState  tasks.o
    0x08014260   0x08014260   0x0000000c   Code   RO         7793    i.xTaskGetTickCount  tasks.o
    0x0801426c   0x0801426c   0x000000f0   Code   RO         7795    i.xTaskIncrementTick  tasks.o
    0x0801435c   0x0801435c   0x000000b8   Code   RO         7798    i.xTaskPriorityDisinherit  tasks.o
    0x08014414   0x08014414   0x000000a0   Code   RO         7799    i.xTaskRemoveFromEventList  tasks.o
    0x080144b4   0x080144b4   0x000000f0   Code   RO         7801    i.xTaskResumeAll    tasks.o
    0x080145a4   0x080145a4   0x00000058   Data   RO         1248    .constdata          mqttclient.o
    0x080145fc   0x080145fc   0x000000dc   Data   RO         2272    .constdata          cm_backtrace.o
    0x080146d8   0x080146d8   0x00000003   Data   RO         3034    .constdata          api_msg.o
    0x080146db   0x080146db   0x00000001   PAD
    0x080146dc   0x080146dc   0x00000044   Data   RO         3230    .constdata          err.o
    0x08014720   0x08014720   0x00000010   Data   RO         4492    .constdata          memp.o
    0x08014730   0x08014730   0x00000010   Data   RO         4493    .constdata          memp.o
    0x08014740   0x08014740   0x00000010   Data   RO         4494    .constdata          memp.o
    0x08014750   0x08014750   0x00000010   Data   RO         4495    .constdata          memp.o
    0x08014760   0x08014760   0x00000010   Data   RO         4496    .constdata          memp.o
    0x08014770   0x08014770   0x00000010   Data   RO         4497    .constdata          memp.o
    0x08014780   0x08014780   0x00000010   Data   RO         4498    .constdata          memp.o
    0x08014790   0x08014790   0x00000010   Data   RO         4499    .constdata          memp.o
    0x080147a0   0x080147a0   0x00000010   Data   RO         4500    .constdata          memp.o
    0x080147b0   0x080147b0   0x00000010   Data   RO         4501    .constdata          memp.o
    0x080147c0   0x080147c0   0x00000010   Data   RO         4502    .constdata          memp.o
    0x080147d0   0x080147d0   0x00000010   Data   RO         4503    .constdata          memp.o
    0x080147e0   0x080147e0   0x00000010   Data   RO         4504    .constdata          memp.o
    0x080147f0   0x080147f0   0x00000010   Data   RO         4505    .constdata          memp.o
    0x08014800   0x08014800   0x00000010   Data   RO         4506    .constdata          memp.o
    0x08014810   0x08014810   0x0000003c   Data   RO         4507    .constdata          memp.o
    0x0801484c   0x0801484c   0x00000054   Data   RO         5137    .constdata          tcp.o
    0x080148a0   0x080148a0   0x00000028   Data   RO         5666    .constdata          timeouts.o
    0x080148c8   0x080148c8   0x00000004   Data   RO         6289    .constdata          ip4_addr.o
    0x080148cc   0x080148cc   0x00000004   Data   RO         6290    .constdata          ip4_addr.o
    0x080148d0   0x080148d0   0x00000006   Data   RO         6434    .constdata          ethernet.o
    0x080148d6   0x080148d6   0x00000006   Data   RO         6435    .constdata          ethernet.o
    0x080148dc   0x080148dc   0x00000010   Data   RO        16349    .constdata          system_stm32f4xx.o
    0x080148ec   0x080148ec   0x00000008   Data   RO        16350    .constdata          system_stm32f4xx.o
    0x080148f4   0x080148f4   0x00000081   Data   RO        16394    .constdata          mc_w.l(ctype_o.o)
    0x08014975   0x08014975   0x00000003   PAD
    0x08014978   0x08014978   0x00000004   Data   RO        16395    .constdata          mc_w.l(ctype_o.o)
    0x0801497c   0x0801497c   0x00000026   Data   RO          849    .conststring        tasks_init.o
    0x080149a2   0x080149a2   0x00000002   PAD
    0x080149a4   0x080149a4   0x00000815   Data   RO         2273    .conststring        cm_backtrace.o
    0x080151b9   0x080151b9   0x00000003   PAD
    0x080151bc   0x080151bc   0x00000008   Data   RO         4508    .conststring        memp.o
    0x080151c4   0x080151c4   0x00000008   Data   RO         4509    .conststring        memp.o
    0x080151cc   0x080151cc   0x0000000f   Data   RO         4510    .conststring        memp.o
    0x080151db   0x080151db   0x00000001   PAD
    0x080151dc   0x080151dc   0x00000008   Data   RO         4511    .conststring        memp.o
    0x080151e4   0x080151e4   0x0000000a   Data   RO         4512    .conststring        memp.o
    0x080151ee   0x080151ee   0x00000002   PAD
    0x080151f0   0x080151f0   0x0000000a   Data   RO         4513    .conststring        memp.o
    0x080151fa   0x080151fa   0x00000002   PAD
    0x080151fc   0x080151fc   0x00000007   Data   RO         4514    .conststring        memp.o
    0x08015203   0x08015203   0x00000001   PAD
    0x08015204   0x08015204   0x00000008   Data   RO         4515    .conststring        memp.o
    0x0801520c   0x0801520c   0x0000000e   Data   RO         4516    .conststring        memp.o
    0x0801521a   0x0801521a   0x00000002   PAD
    0x0801521c   0x0801521c   0x00000010   Data   RO         4517    .conststring        memp.o
    0x0801522c   0x0801522c   0x0000000b   Data   RO         4518    .conststring        memp.o
    0x08015237   0x08015237   0x00000001   PAD
    0x08015238   0x08015238   0x0000000c   Data   RO         4519    .conststring        memp.o
    0x08015244   0x08015244   0x00000006   Data   RO         4520    .conststring        memp.o
    0x0801524a   0x0801524a   0x00000002   PAD
    0x0801524c   0x0801524c   0x0000000d   Data   RO         4521    .conststring        memp.o
    0x08015259   0x08015259   0x00000003   PAD
    0x0801525c   0x0801525c   0x0000000a   Data   RO         4522    .conststring        memp.o
    0x08015266   0x08015266   0x00000002   PAD
    0x08015268   0x08015268   0x0000006d   Data   RO         5138    .conststring        tcp.o
    0x080152d5   0x080152d5   0x00000003   PAD
    0x080152d8   0x080152d8   0x00000055   Data   RO         5520    .conststring        tcp_out.o
    0x0801532d   0x0801532d   0x00000003   PAD
    0x08015330   0x08015330   0x00000041   Data   RO         5929    .conststring        etharp.o
    0x08015371   0x08015371   0x00000003   PAD
    0x08015374   0x08015374   0x00000041   Data   RO         6085    .conststring        igmp.o
    0x080153b5   0x080153b5   0x00000003   PAD
    0x080153b8   0x080153b8   0x00000020   Data   RO        16831    Region$$Table       anon$$obj.o


    Execution Region RW_IRAM1 (Exec base: 0x20000000, Load base: 0x080153d8, Size: 0x0001dc28, Max: 0x00020000, ABSOLUTE, COMPRESSED[0x0000004c])

    Exec Addr    Load Addr    Size         Type   Attr      Idx    E Section Name        Object

    0x20000000   COMPRESSED   0x00000004   Data   RW          850    .data               tasks_init.o
    0x20000004   COMPRESSED   0x00000004   Data   RW          852    .data               tasks_init.o
    0x20000008   COMPRESSED   0x00000004   Data   RW          853    .data               tasks_init.o
    0x2000000c   COMPRESSED   0x00000048   Data   RW          854    .data               tasks_init.o
    0x20000054   COMPRESSED   0x00000008   Data   RW          914    .data               tasks_mqtt.o
    0x2000005c   COMPRESSED   0x00000008   Data   RW         1249    .data               mqttclient.o
    0x20000064   COMPRESSED   0x00000004   Data   RW         1368    .data               transport.o
    0x20000068   COMPRESSED   0x00000014   Data   RW         1532    .data               cjson.o
    0x2000007c   COMPRESSED   0x00000018   Data   RW         2274    .data               cm_backtrace.o
    0x20000094   COMPRESSED   0x00000004   Data   RW         2504    .data               mqttpacket.o
    0x20000098   COMPRESSED   0x00000004   Data   RW         3528    .data               sockets.o
    0x2000009c   COMPRESSED   0x00000010   Data   RW         3839    .data               tcpip.o
    0x200000ac   COMPRESSED   0x0000000c   Data   RW         4106    .data               dns.o
    0x200000b8   COMPRESSED   0x00000010   Data   RW         4407    .data               mem.o
    0x200000c8   COMPRESSED   0x00000004   Data   RW         4523    .data               memp.o
    0x200000cc   COMPRESSED   0x00000004   Data   RW         4524    .data               memp.o
    0x200000d0   COMPRESSED   0x00000004   Data   RW         4525    .data               memp.o
    0x200000d4   COMPRESSED   0x00000004   Data   RW         4526    .data               memp.o
    0x200000d8   COMPRESSED   0x00000004   Data   RW         4527    .data               memp.o
    0x200000dc   COMPRESSED   0x00000004   Data   RW         4528    .data               memp.o
    0x200000e0   COMPRESSED   0x00000004   Data   RW         4529    .data               memp.o
    0x200000e4   COMPRESSED   0x00000004   Data   RW         4530    .data               memp.o
    0x200000e8   COMPRESSED   0x00000004   Data   RW         4531    .data               memp.o
    0x200000ec   COMPRESSED   0x00000004   Data   RW         4532    .data               memp.o
    0x200000f0   COMPRESSED   0x00000004   Data   RW         4533    .data               memp.o
    0x200000f4   COMPRESSED   0x00000004   Data   RW         4534    .data               memp.o
    0x200000f8   COMPRESSED   0x00000004   Data   RW         4535    .data               memp.o
    0x200000fc   COMPRESSED   0x00000004   Data   RW         4536    .data               memp.o
    0x20000100   COMPRESSED   0x00000004   Data   RW         4537    .data               memp.o
    0x20000104   COMPRESSED   0x0000000c   Data   RW         4654    .data               netif.o
    0x20000110   COMPRESSED   0x00000020   Data   RW         5139    .data               tcp.o
    0x20000130   COMPRESSED   0x00000024   Data   RW         5423    .data               tcp_in.o
    0x20000154   COMPRESSED   0x0000000c   Data   RW         5668    .data               timeouts.o
    0x20000160   COMPRESSED   0x00000008   Data   RW         5765    .data               udp.o
    0x20000168   COMPRESSED   0x00000001   Data   RW         5930    .data               etharp.o
    0x20000169   COMPRESSED   0x00000003   PAD
    0x2000016c   COMPRESSED   0x00000008   Data   RW         6086    .data               igmp.o
    0x20000174   COMPRESSED   0x00000008   Data   RW         6204    .data               ip4.o
    0x2000017c   COMPRESSED   0x00000008   Data   RW         6362    .data               ip4_frag.o
    0x20000184   COMPRESSED   0x00000010   Data   RW         6601    .data               ethernetif.o
    0x20000194   COMPRESSED   0x00000014   Data   RW         6680    .data               sys_arch.o
    0x200001a8   COMPRESSED   0x00000004   Data   RW         6681    .data               sys_arch.o
    0x200001ac   COMPRESSED   0x00000044   Data   RW         7804    .data               tasks.o
    0x200001f0   COMPRESSED   0x0000000c   Data   RW         8146    .data               port.o
    0x200001fc   COMPRESSED   0x00000018   Data   RW         8233    .data               heap_4.o
    0x20000214   COMPRESSED   0x0000000c   Data   RW         8311    .data               stm32f4xx_hal.o
    0x20000220   COMPRESSED   0x00000004   Data   RW        16351    .data               system_stm32f4xx.o
    0x20000224   COMPRESSED   0x00000004   Data   RW        16424    .data               mc_w.l(rand.o)
    0x20000228   COMPRESSED   0x00000004   Data   RW        16777    .data               mc_w.l(stdout.o)
    0x2000022c        -       0x00000040   Zero   RW          434    .bss                bsp_debug_usart.o
    0x2000026c        -       0x00006188   Zero   RW          491    .bss                bsp_eth.o
    0x200063f4        -       0x00000234   Zero   RW         1247    .bss                mqttclient.o
    0x20006628        -       0x00000134   Zero   RW         2271    .bss                cm_backtrace.o
    0x2000675c        -       0x00000070   Zero   RW         3527    .bss                sockets.o
    0x200067cc        -       0x00000480   Zero   RW         4104    .bss                dns.o
    0x20006c4c        -       0x00000018   Zero   RW         4373    .bss                ip.o
    0x20006c64        -       0x00006413   Zero   RW         4406    .bss                mem.o
    0x2000d077        -       0x000000a3   Zero   RW         4477    .bss                memp.o
    0x2000d11a        -       0x00000263   Zero   RW         4478    .bss                memp.o
    0x2000d37d        -       0x0000003b   Zero   RW         4479    .bss                memp.o
    0x2000d3b8        -       0x00000963   Zero   RW         4480    .bss                memp.o
    0x2000dd1b        -       0x000000a3   Zero   RW         4481    .bss                memp.o
    0x2000ddbe        -       0x0000016b   Zero   RW         4482    .bss                memp.o
    0x2000df29        -       0x00000023   Zero   RW         4483    .bss                memp.o
    0x2000df4c        -       0x000000a3   Zero   RW         4484    .bss                memp.o
    0x2000dfef        -       0x00000083   Zero   RW         4485    .bss                memp.o
    0x2000e072        -       0x00000083   Zero   RW         4486    .bss                memp.o
    0x2000e0f5        -       0x00000083   Zero   RW         4487    .bss                memp.o
    0x2000e178        -       0x00000083   Zero   RW         4488    .bss                memp.o
    0x2000e1fb        -       0x00000137   Zero   RW         4489    .bss                memp.o
    0x2000e332        -       0x000000f3   Zero   RW         4490    .bss                memp.o
    0x2000e425        -       0x000077b3   Zero   RW         4491    .bss                memp.o
    0x20015bd8        -       0x00000014   Zero   RW         5422    .bss                tcp_in.o
    0x20015bec        -       0x000000f0   Zero   RW         5928    .bss                etharp.o
    0x20015cdc        -       0x00000010   Zero   RW         6288    .bss                ip4_addr.o
    0x20015cec        -       0x00000058   Zero   RW         6679    .bss                sys_arch.o
    0x20015d44        -       0x000002e4   Zero   RW         7803    .bss                tasks.o
    0x20016028        -       0x00007800   Zero   RW         8232    .bss                heap_4.o
    0x2001d828        -       0x00000400   Zero   RW        16337    STACK               startup_stm32f407xx.o


==============================================================================

Image component sizes


      Code (inc. data)   RO Data    RW Data    ZI Data      Debug   Object Name

      2238        840          0          0          0      44322   api_lib.o
      5258       1556          3          0          0      37259   api_msg.o
       404         86          0          0          0       5447   board.o
       212         22          0          0         64       2553   bsp_debug_usart.o
       782        196          0          0      24968       6040   bsp_eth.o
       124          8          0          0          0       1022   bsp_led.o
      2412        112          0         20          0      25751   cjson.o
       222         46          0          0          0       2217   cjson_process.o
      1836        360       2289         24        308      11374   cm_backtrace.o
        12          0          0          0          0        476   cmb_fault.o
        88          0          0          0          0       1982   def.o
      2314        196          0         12       1152      25029   dns.o
        28          4         68          0          0       1215   err.o
      2216        518         65          1        240      12347   etharp.o
       308         56         12          0          0       2674   ethernet.o
       968        162          0         16          0       5480   ethernetif.o
       600        142          0         24      30720       5352   heap_4.o
       620        160          0          0          0       4522   icmp.o
      2010        770         65          8          0      14985   igmp.o
       172          0          0          0          0       2872   inet_chksum.o
        42          0          0          0          0       1644   init.o
         0          0          0          0         24       3170   ip.o
      1102        100          0          8          0       7820   ip4.o
       574         22          8          0         16      14283   ip4_addr.o
      2170        462          0          8          0      12762   ip4_frag.o
       136          0          0          0          0       3394   list.o
        14          0          0          0          0     704971   main.o
      1716        604          0         16      25619       8345   mem.o
       358        148        456         60      35681      11118   memp.o
      1896        462         88          8        564      23375   mqttclient.o
       590         18          0          0          0       4617   mqttconnectclient.o
       218          0          0          0          0       2620   mqttdeserializepublish.o
       536         22          0          4          0      10162   mqttpacket.o
       292          0          0          0          0       5012   mqttserializepublish.o
       324          0          0          0          0       3479   mqttsubscribeclient.o
       196         54          0          0          0      11187   netbuf.o
       938        280          0         12          0      14254   netif.o
         0          0          0          0          0       2048   netifapi.o
      2732        974          0          0          0      20734   pbuf.o
      1010        364          0         12          0      11021   port.o
      1906        344          0          0          0      14778   queue.o
      4138        572          0          4        112      49950   sockets.o
        36          8        392          0       1024        960   startup_stm32f407xx.o
       190         32          0         12          0       5938   stm32f4xx_hal.o
       222         14          0          0          0      31389   stm32f4xx_hal_cortex.o
      2302         72          0          0          0      15713   stm32f4xx_hal_eth.o
       782         88          0          0          0       3606   stm32f4xx_hal_gpio.o
      1420         72          0          0          0       6456   stm32f4xx_hal_rcc.o
      1192          8          0          0          0       4152   stm32f4xx_hal_uart.o
        78          4          0          0          0      12166   stm32f4xx_it.o
       868        202          0         24         88      15265   sys_arch.o
        84         18         24          4          0       1499   system_stm32f4xx.o
      3368        718          0         68        740      35401   tasks.o
       232        112         38         84          0       3566   tasks_init.o
      1320        702          0          8          0      38222   tasks_mqtt.o
       340        196          0          0          0       1352   tasks_test.o
         0          0          0          0          0        400   tasks_upgrade.o
      5238       1660        193         32          0      41085   tcp.o
      5210       1050          0         36         20      21283   tcp_in.o
      6330       2028         85          0          0      33918   tcp_out.o
       616        200          0         16          0      10793   tcpip.o
       572        186         40         12          0       7223   timeouts.o
       164         20          0          4          0      18155   transport.o
      2370        836          0          8          0      15680   udp.o

    ----------------------------------------------------------------------
     76740      17886       3892        548     121340    1477885   Object Totals
         0          0         32          0          0          0   (incl. Generated)
        94          0         34          3          0          0   (incl. Padding)

    ----------------------------------------------------------------------

      Code (inc. data)   RO Data    RW Data    ZI Data      Debug   Library Member Name

        56          8          0          0          0         84   __0sscanf.o
        86          0          0          0          0          0   __dczerorl2.o
       812          4          0          0          0        112   _scanf.o
        64          0          0          0          0         84   _sgetc.o
         8          4        133          0          0         68   ctype_o.o
         0          0          0          0          0          0   entry.o
         0          0          0          0          0          0   entry10a.o
         0          0          0          0          0          0   entry11a.o
         8          4          0          0          0          0   entry2.o
         4          0          0          0          0          0   entry5.o
         0          0          0          0          0          0   entry7b.o
         0          0          0          0          0          0   entry8b.o
         8          4          0          0          0          0   entry9a.o
        30          0          0          0          0          0   handlers.o
        36          8          0          0          0         68   init.o
        18          0          0          0          0         76   isspace_o.o
         0          0          0          0          0          0   iusefp.o
        30          0          0          0          0         68   llshl.o
        36          0          0          0          0         68   llsshr.o
        32          0          0          0          0         68   llushr.o
        26          0          0          0          0         80   memcmp.o
        64          0          0          0          0         76   memmovea.o
        36          0          0          0          0        108   memseta.o
      2308         96          0          0          0        604   printfa.o
        36         10          0          4          0        136   rand.o
        40          8          0          0          0         84   scanf_char.o
       878         12          0          0          0        216   scanf_fp.o
         0          0          0          4          0          0   stdout.o
        28          0          0          0          0         76   strcmp.o
        18          0          0          0          0         68   strcpy.o
        14          0          0          0          0         68   strlen.o
        24          0          0          0          0         76   strncpy.o
        12          0          0          0          0         68   tolower.o
        44          0          0          0          0         80   uidiv.o
        98          0          0          0          0         92   uldiv.o
        48          0          0          0          0         68   cdcmple.o
        48          0          0          0          0         68   cdrcmple.o
        56          0          0          0          0         88   d2f.o
       334          0          0          0          0        148   dadd.o
       222          0          0          0          0        100   ddiv.o
       186          0          0          0          0        176   depilogue.o
        62          0          0          0          0         80   dfixi.o
        48          0          0          0          0         68   dfixul.o
        24          0          0          0          0         76   dfltul.o
       228          0          0          0          0         96   dmul.o
       110          0          0          0          0        168   fepilogue.o

    ----------------------------------------------------------------------
      6232        158        136          8          0       3664   Library Totals
        12          0          3          0          0          0   (incl. Padding)

    ----------------------------------------------------------------------

      Code (inc. data)   RO Data    RW Data    ZI Data      Debug   Library Name

      4854        158        133          8          0       2528   mc_w.l
      1366          0          0          0          0       1136   mf_w.l

    ----------------------------------------------------------------------
      6232        158        136          8          0       3664   Library Totals

    ----------------------------------------------------------------------

==============================================================================


      Code (inc. data)   RO Data    RW Data    ZI Data      Debug   

     82972      18044       4028        556     121340    1422657   Grand Totals
     82972      18044       4028         76     121340    1422657   ELF Image Totals (compressed)
     82972      18044       4028         76          0          0   ROM Totals

==============================================================================

    Total RO  Size (Code + RO Data)                87000 (  84.96kB)
    Total RW  Size (RW Data + ZI Data)            121896 ( 119.04kB)
    Total ROM Size (Code + RO Data + RW Data)      87076 (  85.04kB)

==============================================================================

