<html>
<body>
<pre>
<h1>µVision Build Log</h1>
<h2>Tool Versions:</h2>
IDE-Version: ¦ÌVision V5.24.2.0
Copyright (C) 2017 ARM Ltd and ARM Germany GmbH. All rights reserved.
License Information: A newbo, A, LIC=32B1Q-NS3PI-JJ56S-L3VTL-DHAEI-P885V
 
Tool Versions:
Toolchain:       MDK-ARM Plus  Version: 5.24.1
Toolchain Path:  E:\program\keil\ARM\ARMCC\Bin
C Compiler:      Armcc.exe V5.06 update 5 (build 528)
Assembler:       Armasm.exe V5.06 update 5 (build 528)
Linker/Locator:  ArmLink.exe V5.06 update 5 (build 528)
Library Manager: ArmAr.exe V5.06 update 5 (build 528)
Hex Converter:   FromElf.exe V5.06 update 5 (build 528)
CPU DLL:         SARMCM3.DLL V5.24.1
Dialog DLL:      DCM.DLL V1.16.0.0
Target DLL:      CMSIS_AGDI.dll V1.28.3.0
Dialog DLL:      TCM.DLL V1.32.0.0
 
<h2>Project:</h2>
E:\Embedded\Project\Greenhouse Control System\src\Repeater\app\LwIP\Project\Fire-LwIP.uvprojx
Project File Date:  11/30/2025

<h2>Output:</h2>
*** Using Compiler 'V5.06 update 5 (build 528)', folder: 'E:\program\keil\ARM\ARMCC\Bin'
Rebuild target 'Fire-LwIP'
compiling main.c...
compiling bsp_dht11.c...
compiling tasks_init.c...
compiling bsp_eth.c...
compiling bsp_sdio_sd.c...
compiling stm32f4xx_it.c...
compiling bsp_led.c...
compiling core_delay.c...
compiling bsp_debug_usart.c...
compiling sdio_test.c...
compiling board.c...
compiling test.c...
..\User\MQTT_ALiYun\test.c(104): warning:  #177-D: function "create_objects"  was declared but never referenced
  static void create_objects(void)
..\User\MQTT_ALiYun\test.c: 1 warning, 0 errors
compiling tasks_test.c...
compiling tasks_mqtt.c...
compiling tasks_upgrade.c...
compiling cJSON_Process.c...
assembling cmb_fault.S...
compiling mqttclient.c...
compiling cJSON_Utils.c...
compiling cm_backtrace.c...
compiling MQTTConnectClient.c...
compiling MQTTConnectServer.c...
compiling MQTTDeserializePublish.c...
compiling transport.c...
compiling MQTTFormat.c...
compiling MQTTSerializePublish.c...
compiling MQTTPacket.c...
compiling MQTTSubscribeClient.c...
compiling MQTTSubscribeServer.c...
compiling MQTTUnsubscribeClient.c...
compiling cJSON.c...
compiling MQTTUnsubscribeServer.c...
compiling api_lib.c...
compiling err.c...
compiling netifapi.c...
compiling netbuf.c...
compiling if_api.c...
compiling api_msg.c...
compiling netdb.c...
compiling altcp_alloc.c...
compiling altcp.c...
compiling tcpip.c...
compiling altcp_tcp.c...
compiling sockets.c...
compiling def.c...
compiling inet_chksum.c...
compiling ip.c...
compiling init.c...
compiling dns.c...
compiling mem.c...
compiling memp.c...
compiling raw.c...
compiling netif.c...
compiling stats.c...
compiling pbuf.c...
compiling sys.c...
compiling timeouts.c...
compiling tcp.c...
compiling tcp_in.c...
compiling tcp_out.c...
compiling udp.c...
compiling autoip.c...
compiling dhcp.c...
compiling icmp.c...
compiling etharp.c...
compiling ip4.c...
compiling igmp.c...
compiling ip4_addr.c...
compiling lowpan6.c...
compiling lowpan6_ble.c...
compiling ethernet.c...
compiling ip4_frag.c...
compiling bridgeif.c...
compiling lowpan6_common.c...
compiling zepif.c...
compiling diskio.c...
compiling ethernetif.c...
compiling sys_arch.c...
compiling ff_gen_drv.c...
compiling sd_diskio.c...
compiling croutine.c...
compiling list.c...
compiling event_groups.c...
compiling cc936.c...
compiling ff.c...
compiling queue.c...
compiling timers.c...
compiling port.c...
compiling tasks.c...
compiling heap_4.c...
compiling stm32f4xx_hal.c...
compiling stm32f4xx_hal_adc.c...
compiling stm32f4xx_hal_cec.c...
compiling stm32f4xx_hal_adc_ex.c...
compiling stm32f4xx_hal_crc.c...
compiling stm32f4xx_hal_can.c...
compiling stm32f4xx_hal_cortex.c...
compiling stm32f4xx_hal_cryp.c...
compiling stm32f4xx_hal_cryp_ex.c...
compiling stm32f4xx_hal_dac_ex.c...
compiling stm32f4xx_hal_dac.c...
compiling stm32f4xx_hal_dcmi.c...
compiling stm32f4xx_hal_dcmi_ex.c...
compiling stm32f4xx_hal_dfsdm.c...
compiling stm32f4xx_hal_dsi.c...
compiling stm32f4xx_hal_dma.c...
compiling stm32f4xx_hal_dma2d.c...
compiling stm32f4xx_hal_dma_ex.c...
compiling stm32f4xx_hal_flash.c...
compiling stm32f4xx_hal_eth.c...
compiling stm32f4xx_hal_flash_ramfunc.c...
compiling stm32f4xx_hal_flash_ex.c...
compiling stm32f4xx_hal_fmpi2c.c...
compiling stm32f4xx_hal_fmpi2c_ex.c...
compiling stm32f4xx_hal_gpio.c...
compiling stm32f4xx_hal_hash.c...
compiling stm32f4xx_hal_hash_ex.c...
compiling stm32f4xx_hal_i2c_ex.c...
compiling stm32f4xx_hal_hcd.c...
compiling stm32f4xx_hal_i2s.c...
compiling stm32f4xx_hal_iwdg.c...
compiling stm32f4xx_hal_ltdc.c...
compiling stm32f4xx_hal_i2s_ex.c...
compiling stm32f4xx_hal_lptim.c...
compiling stm32f4xx_hal_irda.c...
compiling stm32f4xx_hal_i2c.c...
compiling stm32f4xx_hal_ltdc_ex.c...
compiling stm32f4xx_hal_mmc.c...
compiling stm32f4xx_hal_nor.c...
compiling stm32f4xx_hal_nand.c...
compiling stm32f4xx_hal_pccard.c...
compiling stm32f4xx_hal_pcd_ex.c...
compiling stm32f4xx_hal_pcd.c...
compiling stm32f4xx_hal_pwr.c...
compiling stm32f4xx_hal_qspi.c...
compiling stm32f4xx_hal_pwr_ex.c...
compiling stm32f4xx_hal_rcc_ex.c...
compiling stm32f4xx_hal_rng.c...
compiling stm32f4xx_hal_rcc.c...
compiling stm32f4xx_hal_rtc.c...
compiling stm32f4xx_hal_sai.c...
compiling stm32f4xx_hal_rtc_ex.c...
compiling stm32f4xx_hal_sai_ex.c...
compiling stm32f4xx_hal_sdram.c...
compiling stm32f4xx_hal_spdifrx.c...
compiling stm32f4xx_hal_smartcard.c...
compiling stm32f4xx_hal_sd.c...
compiling stm32f4xx_hal_sram.c...
assembling startup_stm32f407xx.s...
compiling stm32f4xx_hal_spi.c...
compiling stm32f4xx_hal_wwdg.c...
compiling stm32f4xx_hal_tim.c...
compiling stm32f4xx_hal_tim_ex.c...
compiling stm32f4xx_hal_usart.c...
compiling stm32f4xx_hal_uart.c...
compiling stm32f4xx_ll_fsmc.c...
compiling stm32f4xx_ll_sdmmc.c...
compiling system_stm32f4xx.c...
compiling stm32f4xx_ll_usb.c...
linking...
Program Size: Code=82972 RO-data=4028 RW-data=556 ZI-data=121340  
FromELF: creating hex file...
"..\Output\LwIP_F407.axf" - 0 Error(s), 1 Warning(s).

<h2>Software Packages used:</h2>

Package Vendor: Keil
                http://www.keil.com/pack/Keil.STM32F4xx_DFP.2.2.0.pack
                Keil.STM32F4xx_DFP.2.2.0
                STMicroelectronics STM32F4 Series Device Support, Drivers and Examples

<h2>Collection of Component include folders:</h2>
  .\RTE\_Fire-LwIP
  E:\program\keil\ARM\PACK\Keil\STM32F4xx_DFP\2.2.0\Drivers\CMSIS\Device\ST\STM32F4xx\Include

<h2>Collection of Component Files used:</h2>
Build Time Elapsed:  00:00:09
</pre>
</body>
</html>
